 num     #instances         #bytes  class name (module)
-------------------------------------------------------
   1:       9082232     1360190080  [B (java.base)
   2:       9186485      293967520  java.util.HashMap$Node (java.base)
   3:       4423031      292930144  [I (java.base)
   4:      11777184      282652416  java.lang.Long (java.base)
   5:       4079770      163190800  java.math.BigDecimal (java.base)
   6:       3719775      119032800  org.spec.jbb.hq.entity.ReceiptLine
   7:       1131933      107102280  [Ljava.lang.Object; (java.base)
   8:        542130       96806616  [Ljava.util.HashMap$Node; (java.base)
   9:       3448121       82754904  java.io.ObjectInputStream$HandleTable$HandleList (java.base)
  10:       3221409       77313816  java.lang.String (java.base)
  11:         35686       38172232  [Ljava.io.ObjectInputStream$HandleTable$HandleList; (java.base)
  12:        378096       36297216  sun.util.calendar.Gregorian$Date (java.base)
  13:       1451548       34837152  java.lang.StringBuilder (java.base)
  14:       1069531       34224992  java.util.concurrent.ConcurrentHashMap$Node (java.base)
  15:        271658       32598960  java.io.ObjectStreamClass (java.base)
  16:        378099       30247920  java.util.logging.LogRecord (java.logging)
  17:         62757       25656840  [C (java.base)
  18:        517198       24825504  java.util.HashMap (java.base)
  19:        339496       19011776  java.nio.HeapCharBuffer (java.base)
  20:        774578       18589872  org.spec.jbb.core.collections.HashMultiSet$Entry
  21:        369709       14788360  java.math.BigInteger (java.base)
  22:        395723       12663136  java.util.concurrent.locks.ReentrantLock$NonfairSync (java.base)
  23:        241188       11577024  org.spec.jbb.hq.entity.Product
  24:        357420       11437440  java.io.ObjectInputStream$FieldValues (java.base)
  25:          4084       10370432  [Ljava.util.concurrent.ConcurrentHashMap$Node; (java.base)
  26:        318155       10180960  java.io.ObjectStreamClass$WeakClassKey (java.base)
  27:        378102        9074448  java.time.Instant (java.base)
  28:        378101        9074416  [Ljava.util.logging.Handler; (java.logging)
  29:        192263        7690520  java.lang.ref.SoftReference (java.base)
  30:        312092        7490208  java.util.ArrayList (java.base)
  31:        200000        6400000  org.spec.jbb.sm.inventory.LockedRandomBarcodeInventory$QuantityInfo
  32:        151346        6053840  java.io.ObjectStreamField (java.base)
  33:        367194        5875104  java.util.HashSet (java.base)
  34:        144502        5780080  org.spec.jbb.sm.ShoppingCartItem
  35:        350959        5615344  java.lang.Integer (java.base)
  36:        231216        5549184  java.util.Collections$1 (java.base)
  37:        135815        5432600  java.io.ObjectStreamClass$FieldReflectorKey (java.base)
  38:        156642        5012544  java.util.ArrayList$Itr (java.base)
  39:        207458        4978992  java.util.concurrent.atomic.AtomicLong (java.base)
  40:        100000        4800000  org.spec.jbb.hq.entity.CreditCard
  41:        113965        4558600  java.util.HashMap$KeyIterator (java.base)
  42:         62527        4001728  org.spec.jbb.hq.entity.Receipt
  43:        100000        4000000  org.spec.jbb.hq.entity.Customer
  44:        160485        3851640  java.util.concurrent.ConcurrentHashMap$Segment (java.base)
  45:        235239        3763824  java.util.concurrent.locks.ReentrantLock (java.base)
  46:        136678        3413448  [Ljava.lang.String; (java.base)
  47:        142001        3408024  org.spec.jbb.core.purchase.PurchaseItem
  48:        141031        3384744  java.io.ObjectStreamClass$ClassDataSlot (java.base)
  49:        105127        3364064  org.spec.jbb.core.comm.Packet$Header
  50:        100006        3200192  org.spec.jbb.hq.entity.Address
  51:        100000        3200000  org.spec.jbb.sm.CustomerSelection$CustomerPosition
  52:        115384        2769216  java.util.concurrent.ConcurrentLinkedQueue$Node (java.base)
  53:        104657        2551448  [Ljava.io.ObjectInputStream$FieldValues; (java.base)
  54:        105127        2523048  org.spec.jbb.core.comm.Packet
  55:        155723        2491568  java.util.HashMap$KeySet (java.base)
  56:         81101        2147984  [Ljava.io.ObjectStreamField; (java.base)
  57:         86109        2066616  java.io.SerialCallbackContext (java.base)
  58:         79639        1970016  [Ljava.io.ObjectStreamClass$ClassDataSlot; (java.base)
  59:         41430        1657200  java.io.ObjectOutputStream$HandleTable (java.base)
  60:         65880        1581120  java.util.Collections$SingletonList (java.base)
  61:         48368        1547776  java.util.PriorityQueue (java.base)
  62:         22946        1468544  java.util.concurrent.ConcurrentHashMap (java.base)
  63:         88900        1422400  java.util.Collections$UnmodifiableCollection (java.base)
  64:         57935        1390440  java.util.Date (java.base)
  65:         84407        1350512  org.spec.jbb.core.comm.transport.ReferenceData
  66:         55340        1328160  org.spec.jbb.core.tx.TransactionContext
  67:         50000        1200000  org.spec.jbb.sm.coupon.GenericCoupon
  68:         20715        1160040  java.io.ObjectOutputStream (java.base)
  69:         20714        1159984  java.io.ObjectInputStream (java.base)
  70:         20714        1159984  java.io.ObjectInputStream$BlockDataInputStream (java.base)
  71:         62583        1001328  org.spec.jbb.core.collections.HashMultiMap
  72:         59765         956240  org.spec.jbb.core.comm.requests.CompositeRequest
  73:         55940         895040  org.spec.jbb.core.comm.transport.BinaryData
  74:         21411         856440  org.spec.jbb.hq.entity.CustomerProfile
  75:         52595         841520  org.spec.jbb.core.comm.response.CompositeResponse
  76:         20715         828600  java.io.DataOutputStream (java.base)
  77:         20715         828600  java.io.ObjectOutputStream$BlockDataOutputStream (java.base)
  78:         12882         824448  org.spec.jbb.sm.tx.ReserveInventoryTransaction
  79:         10030         802400  [Ljava.util.concurrent.ConcurrentHashMap$Segment; (java.base)
  80:         12306         787584  org.spec.jbb.sm.tx.MoveoutInventoryTransaction
  81:         27775         666600  java.util.concurrent.ConcurrentLinkedDeque$Node (java.base)
  82:         20714         662848  java.io.ByteArrayInputStream (java.base)
  83:         20714         662848  java.io.DataInputStream (java.base)
  84:         20714         662848  java.io.ObjectInputStream$HandleTable (java.base)
  85:         20714         662848  java.io.ObjectInputStream$PeekInputStream (java.base)
  86:          9126         584064  org.spec.jbb.core.threadpools.ForkJoinBatchTask
  87:         23780         570720  org.spec.jbb.core.collections.Window
  88:          4709         561200  java.lang.Class (java.base)
  89:         13748         549920  org.spec.jbb.core.locks.SoftEntry
  90:         21783         522792  java.io.ByteArrayOutputStream (java.base)
  91:         20715         497160  java.io.ObjectOutputStream$ReplaceTable (java.base)
  92:         29785         476560  java.lang.Object (java.base)
  93:         20714         331424  java.io.ObjectInputStream$ValidationList (java.base)
  94:          3578         314864  java.lang.reflect.Method (java.base)
  95:         12882         309168  org.spec.jbb.sm.tx.request.ReserveInventoryRequest
  96:         12882         309168  org.spec.jbb.sm.tx.response.ReserveInventoryResponse
  97:          9526         304832  org.spec.jbb.core.cache.BoundedWriteBackCache$CacheEntry
  98:          7586         303440  java.util.HashMap$ValueIterator (java.base)
  99:         12306         295344  org.spec.jbb.sm.tx.request.MoveoutInventoryRequest
 100:         12306         295344  org.spec.jbb.sm.tx.response.MoveoutInventoryResponse
 101:         12080         289920  org.spec.jbb.core.collections.ConcurrentHashMultiSet$Entry
 102:          7077         283080  java.util.PriorityQueue$Itr (java.base)
 103:         10929         262296  java.util.Arrays$ArrayList (java.base)
 104:          7953         254496  java.io.ObjectOutputStream$PutFieldImpl (java.base)
 105:         15787         252592  org.spec.jbb.core.tx.response.OkResponse
 106:          7290         233280  org.spec.jbb.core.comm.connectivity.grizzlynio.proto.ProtocolDataUnit
 107:          7281         232992  org.glassfish.grizzly.TransformationResult
 108:           593         232456  org.glassfish.grizzly.threadpool.DefaultWorkerThread
 109:          8436         206112  [Lorg.spec.jbb.core.comm.Response;
 110:          3673         205688  org.glassfish.grizzly.memory.HeapMemoryManager$TrimmableHeapBuffer
 111:             1         200016  [Lorg.spec.jbb.hq.entity.Receipt;
 112:          5546         177472  org.spec.jbb.sm.coupon.SpecificCoupon
 113:         10412         166592  java.util.HashMap$EntrySet (java.base)
 114:           159         165360  [Ljava.util.concurrent.ForkJoinTask; (java.base)
 115:         10255         164080  java.util.concurrent.atomic.AtomicInteger (java.base)
 116:          4816         154112  org.spec.jbb.hq.tx.ProductResolveTransaction
 117:          9406         150496  java.util.HashMap$Values (java.base)
 118:          3753         150120  java.util.LinkedHashMap$Entry (java.base)
 119:          3440         137600  java.util.HashMap$EntryIterator (java.base)
 120:          2143         137152  org.spec.jbb.sm.tx.MoveInInventoryTransaction
 121:          1826         131472  java.lang.reflect.Field (java.base)
 122:          5413         120016  [Ljava.lang.Class; (java.base)
 123:          4980         119520  java.util.Arrays$ArrayItr (java.base)
 124:          7281         116496  org.glassfish.grizzly.AbstractTransformer$LastResultAwareState
 125:          3640         116480  [Lorg.spec.jbb.core.comm.connectivity.grizzlynio.proto.ProtocolDataUnit$Type;
 126:          4816         115584  org.spec.jbb.hq.tx.request.ProductResolveRequest
 127:          4792         115008  org.spec.jbb.hq.tx.request.ResolveCustomerRequest
 128:          4776         114624  org.spec.jbb.hq.tx.request.CheckAndReserveCreditRequest
 129:          4776         114624  org.spec.jbb.hq.tx.request.DrawCreditRequest
 130:          4718         113232  org.spec.jbb.hq.tx.request.GetCustomerProfileRequest
 131:          6677         106832  org.spec.jbb.core.probe.EmptyProbe
 132:          6199          99184  org.spec.jbb.core.comm.message.CompositeMessage
 133:          2388          95520  org.spec.jbb.sm.ShoppingCart
 134:          3647          87528  java.util.LinkedList$Node (java.base)
 135:          3643          87432  org.glassfish.grizzly.strategies.WorkerThreadIOStrategy$WorkerThreadRunnable
 136:          3642          87408  org.glassfish.grizzly.nio.DefaultSelectorHandler$RegisterKeyTask
 137:          2685          85920  org.spec.jbb.hq.tx.ProductReviewScoreTransaction
 138:          1158          83376  java.lang.reflect.Constructor (java.base)
 139:          1244          79616  org.spec.jbb.sm.tx.InStorePurchaseTransaction
 140:          1986          79440  sun.util.locale.LocaleObjectCache$CacheEntry (java.base)
 141:          2454          78528  org.spec.jbb.core.collections.HashMultiSet
 142:          4816          77056  org.spec.jbb.hq.tx.response.ProductResolveResponse
 143:          2396          76672  org.spec.jbb.hq.tx.ResolveCustomerTransaction
 144:          2388          76416  org.spec.jbb.hq.tx.CheckAndReserveCreditTransaction
 145:          2388          76416  org.spec.jbb.hq.tx.DrawCreditTransaction
 146:          2359          75488  org.spec.jbb.hq.tx.GetCustomerProfileTransaction
 147:          4718          75488  org.spec.jbb.hq.tx.response.CustomerProfileResponse
 148:          4707          75312  org.glassfish.grizzly.utils.Holder$1
 149:          1064          68096  java.util.zip.Deflater (java.base)
 150:          4228          67648  java.util.concurrent.ConcurrentHashMap$EntrySetView (java.base)
 151:          2685          64440  org.spec.jbb.hq.tx.request.GetProductReviewScoreRequest
 152:           895          64440  org.spec.jbb.sm.tx.OnlinePurchaseTransaction
 153:          2668          64032  org.glassfish.grizzly.attributes.UnsafeAttributeHolder$Holder
 154:          2501          60024  org.spec.jbb.hq.tx.CustomerRatingProductResolveTransaction
 155:          2492          59808  java.util.concurrent.ForkJoinTask$Aux (java.base)
 156:          2388          57312  org.spec.jbb.core.purchase.CustomerSpecificPurchaseAgent$1
 157:          2388          57312  org.spec.jbb.core.purchase.CustomerSpecificPurchaseAgent$2
 158:          2388          57312  org.spec.jbb.hq.tx.PurchaseReceiptTransaction
 159:          2286          54864  java.util.ArrayDeque (java.base)
 160:           565          54240  org.glassfish.grizzly.nio.SelectorRunner
 161:          1116          53568  jdk.internal.ref.CleanerImpl$PhantomCleanableRef (java.base)
 162:           644          51520  [Ljava.lang.ThreadLocal$ThreadLocalMap$Entry; (java.base)
 163:          2143          51432  org.spec.jbb.sm.tx.request.MoveInInventoryMessage
 164:           159          48336  java.util.concurrent.ForkJoinPool$WorkQueue (java.base)
 165:           595          47600  [Ljava.util.WeakHashMap$Entry; (java.base)
 166:           718          45952  java.lang.Class$ReflectionData (java.base)
 167:           565          45200  sun.nio.ch.EPollSelectorImpl (java.base)
 168:           116          43616  java.util.concurrent.ForkJoinWorkerThread (java.base)
 169:          2685          42960  org.spec.jbb.hq.tx.response.ProductReviewScoreResponse
 170:          1064          42560  java.util.zip.GZIPOutputStream (java.base)
 171:          1061          42440  org.glassfish.grizzly.WriteResult
 172:          1061          42440  org.glassfish.grizzly.impl.SafeFutureImpl$Sync
 173:           740          41440  java.util.LinkedHashMap (java.base)
 174:          2501          40016  org.spec.jbb.hq.tx.request.CustomerRatingProductResolveRequest
 175:          2501          40016  org.spec.jbb.hq.tx.response.CustomerRatingProductResolveResponse
 176:          2396          38336  org.spec.jbb.hq.tx.response.CustomerResolveResponse
 177:          2388          38208  org.spec.jbb.hq.tx.request.PurchaseReceiptMessage
 178:          1575          37800  java.util.concurrent.LinkedBlockingDeque$Node (java.base)
 179:          1575          37800  org.spec.jbb.core.objectpool.PerKeyQueuePool$LazyFactoryCall
 180:           576          36864  org.spec.jbb.sm.tx.UnreserveInventoryTransaction
 181:           654          36624  java.util.concurrent.ConcurrentHashMap$ValueIterator (java.base)
 182:          1066          34112  org.spec.jbb.core.threadpools.SettableFuture
 183:           622          33888  [Ljava.nio.ByteBuffer; (java.base)
 184:           699          33552  java.lang.invoke.MemberName (java.base)
 185:          1011          32352  java.util.Locale (java.base)
 186:          1010          32320  sun.util.locale.BaseLocale (java.base)
 187:          1340          32160  java.lang.Class$AnnotationData (java.base)
 188:           667          32016  org.glassfish.grizzly.attributes.UnsafeAttributeHolder
 189:           991          31712  sun.util.locale.BaseLocale$Key (java.base)
 190:           953          30496  java.util.ArrayList$SubList (java.base)
 191:          1226          29424  org.spec.jbb.hq.tx.request.FindCustomerZipRequest
 192:           595          28560  java.util.WeakHashMap (java.base)
 193:           593          28464  org.glassfish.grizzly.memory.HeapMemoryManager$HeapBufferThreadLocalPool
 194:           658          26320  org.spec.jbb.sm.entity.ShippingOrder
 195:           822          26304  java.util.concurrent.locks.AbstractQueuedSynchronizer$ConditionNode (java.base)
 196:          1068          25632  org.spec.jbb.core.comm.connectivity.grizzlynio.Destination
 197:          1064          25536  java.util.zip.Deflater$DeflaterZStreamRef (java.base)
 198:          1061          25464  org.glassfish.grizzly.impl.SafeFutureImpl
 199:          1061          25464  org.spec.jbb.core.comm.connectivity.grizzlynio.GrizzlyNioClient
 200:          1060          25440  org.spec.jbb.infra.TransferLogsAgent$Frame
 201:          1060          25440  org.spec.jbb.infra.request.TransferLogChunkRequest
 202:          1056          25344  java.util.concurrent.FutureTask$WaitNode (java.base)
 203:           778          24896  com.sun.xml.bind.v2.runtime.Name
 204:           604          24160  java.security.AccessControlContext (java.base)
 205:           279          23344  [Lcom.sun.xml.bind.v2.util.QNameMap$Entry;
 206:           708          22656  java.lang.ThreadLocal$ThreadLocalMap$Entry (java.base)
 207:           939          22536  java.util.concurrent.ConcurrentLinkedQueue (java.base)
 208:           906          21744  javax.xml.namespace.QName (java.xml)
 209:           895          21480  org.spec.jbb.hq.tx.StoreOrderTransaction
 210:           666          21312  com.sun.xml.bind.v2.util.QNameMap$Entry
 211:           332          21248  com.sun.xml.bind.v2.model.impl.RuntimeElementPropertyInfoImpl
 212:           377          20600  [Ljava.lang.reflect.Method; (java.base)
 213:           640          20480  java.lang.ref.ReferenceQueue (java.base)
 214:           512          20480  org.spec.jbb.sm.InstallmentPurchase
 215:           252          20160  com.sun.xml.bind.v2.model.impl.RuntimeClassInfoImpl
 216:           252          20160  com.sun.xml.bind.v2.runtime.ClassBeanInfoImpl
 217:           840          20160  java.util.concurrent.ConcurrentLinkedDeque (java.base)
 218:           840          20160  org.spec.jbb.core.objectpool.SimplePool
 219:           500          20000  java.lang.invoke.MethodType (java.base)
 220:          1244          19904  org.spec.jbb.sm.tx.request.InStorePurchaseRequest
 221:           247          19760  jdk.internal.reflect.DelegatingClassLoader (java.base)
 222:           613          19616  org.spec.jbb.hq.tx.FindCustomerZipTransaction
 223:          1226          19616  org.spec.jbb.hq.tx.response.FindCustomerZipResponse
 224:           565          18080  org.glassfish.grizzly.threadpool.FixedThreadPool$BasicWorker
 225:           318          17808  java.lang.Module (java.base)
 226:          1064          17024  java.util.zip.CRC32 (java.base)
 227:          1061          16976  org.glassfish.grizzly.utils.Futures$FutureToCompletionHandler
 228:           501          16032  java.lang.invoke.MethodType$ConcurrentWeakInternSet$WeakEntry (java.base)
 229:           249          15936  org.spec.jbb.sm.tx.InstallmentPurchaseTransaction
 230:           208          15808  [Ljava.lang.ref.SoftReference; (java.base)
 231:           644          15456  java.lang.ThreadLocal$ThreadLocalMap (java.base)
 232:           642          15408  java.security.Provider$ServiceKey (java.base)
 233:           639          15336  org.spec.jbb.of.tx.ShippingOrderProcessTransaction
 234:           239          15296  java.security.Provider$Service (java.base)
 235:            28          14784  [Ljava.util.concurrent.atomic.AtomicLong; (java.base)
 236:           453          14496  java.util.Random (java.base)
 237:           895          14320  org.spec.jbb.hq.tx.request.StoreOrderMessage
 238:           890          14240  org.spec.jbb.sm.tx.request.OnlinePurchaseRequest
 239:           584          14016  com.sun.istack.FinalArrayList
 240:           576          13824  [Ljava.security.ProtectionDomain; (java.base)
 241:           576          13824  org.spec.jbb.sm.tx.request.UnreserveInventoryRequest
 242:           570          13680  java.util.concurrent.ConcurrentHashMap$KeySetView (java.base)
 243:           566          13584  java.lang.invoke.ResolvedMethodName (java.base)
 244:           562          13488  org.spec.jbb.core.comm.transport.TransportPipeline
 245:           332          13280  com.sun.xml.bind.v2.model.impl.RuntimeTypeRefImpl
 246:           542          13120  [Ljava.lang.reflect.Constructor; (java.base)
 247:           398          12736  java.lang.invoke.LambdaForm$Name (java.base)
 248:           252          12096  com.sun.xml.bind.v2.runtime.unmarshaller.StructureLoader
 249:           290          11736  [J (java.base)
 250:           365          11680  java.lang.ref.WeakReference (java.base)
 251:           280          11200  org.spec.jbb.core.comm.transport.encryption.PooledJavaSecurityEncryptionLayer
 252:           276          11040  java.security.ProtectionDomain (java.base)
 253:           687          10992  java.util.concurrent.atomic.AtomicReference (java.base)
 254:           341          10912  jdk.internal.math.FDBigInteger (java.base)
 255:           272          10880  java.security.CodeSource (java.base)
 256:           667          10672  org.glassfish.grizzly.attributes.UnsafeAttributeHolder$IndexedAttributeAccessorImpl
 257:           444          10656  java.util.ImmutableCollections$Set12 (java.base)
 258:           436          10464  com.sun.xml.bind.v2.runtime.unmarshaller.ChildLoader
 259:            28          10304  java.lang.Thread (java.base)
 260:           642          10272  java.lang.ref.ReferenceQueue$Lock (java.base)
 261:           639          10224  org.spec.jbb.of.calculator.RandomShippingCostCalculator
 262:           639          10224  org.spec.jbb.of.tx.request.ShippingOrderProcessMessage
 263:           279           9832  [Ljava.lang.reflect.Field; (java.base)
 264:           404           9696  java.lang.module.ModuleDescriptor$Exports (java.base)
 265:           601           9616  java.util.concurrent.atomic.AtomicBoolean (java.base)
 266:           597           9552  org.glassfish.grizzly.ThreadCache$ObjectCache
 267:           298           9536  org.spec.jbb.sm.entity.InStorePickupOrder
 268:           590           9440  java.util.Collections$UnmodifiableSet (java.base)
 269:           190           9120  com.sun.xml.bind.v2.runtime.property.SingleElementNodeProperty
 270:           565           9040  java.nio.channels.spi.AbstractSelector$1 (java.base)
 271:           565           9040  sun.nio.ch.EventFD (java.base)
 272:           565           9040  sun.nio.ch.Util$2 (java.base)
 273:           564           9024  org.spec.jbb.core.comm.transport.EmptyLayer
 274:           279           8928  com.sun.xml.bind.v2.util.QNameMap
 275:           277           8864  java.util.RegularEnumSet (java.base)
 276:           359           8616  sun.reflect.annotation.AnnotationInvocationHandler (java.base)
 277:           177           8496  java.util.logging.LogManager$LoggerWeakRef (java.logging)
 278:           260           8320  jdk.internal.reflect.UnsafeQualifiedStaticObjectFieldAccessorImpl (java.base)
 279:           259           8288  sun.security.util.KnownOIDs (java.base)
 280:           340           8160  java.util.Collections$UnmodifiableRandomAccessList (java.base)
 281:           336           8064  com.sun.xml.bind.v2.model.impl.RuntimeClassInfoImpl$RuntimePropertySeed
 282:           252           8064  com.sun.xml.bind.v2.runtime.LifecycleMethods
 283:           251           8032  jdk.internal.loader.NativeLibraries (java.base)
 284:           334           8016  com.sun.xml.bind.v2.model.impl.FieldPropertySeed
 285:           334           8016  com.sun.xml.bind.v2.runtime.reflect.Accessor$FieldReflection
 286:           500           8000  org.spec.jbb.hq.entity.Category
 287:           332           7968  com.sun.xml.bind.v2.model.impl.ElementPropertyInfoImpl$1
 288:           498           7968  org.spec.jbb.hq.tx.request.InstallmentPurchaseReceiptMessage
 289:           220           7040  java.lang.StringBuffer (java.base)
 290:           110           7040  java.net.URL (java.base)
 291:           293           7032  org.spec.jbb.of.tx.InStorePickupProcessTransaction
 292:           280           6720  org.spec.jbb.core.comm.transport.encapsulation.PooledJAXBEncapsulationLayer
 293:           204           6528  jdk.internal.reflect.UnsafeQualifiedStaticLongFieldAccessorImpl (java.base)
 294:            74           6512  org.glassfish.grizzly.filterchain.FilterChainContext
 295:            54           6440  [Lorg.glassfish.grizzly.ThreadCache$ObjectCacheElement;
 296:             6           6240  [Ljava.util.concurrent.ForkJoinPool$WorkQueue; (java.base)
 297:           249           5976  org.spec.jbb.hq.tx.InstallmentPurchaseReceiptTransaction
 298:           246           5904  com.sun.xml.bind.v2.runtime.output.Encoded
 299:           252           5856  [Lcom.sun.xml.bind.v2.runtime.property.Property;
 300:           182           5824  [Lorg.glassfish.grizzly.filterchain.DefaultFilterChain$FilterStateElement;
 301:           240           5760  org.spec.jbb.sm.discount.PercentageDiscount
 302:           179           5728  java.lang.module.ModuleDescriptor$Requires (java.base)
 303:           234           5616  java.security.Provider$UString (java.base)
 304:            70           5600  java.net.URI (java.base)
 305:           224           5376  java.util.jar.Attributes$Name (java.base)
 306:           335           5360  java.util.LinkedHashMap$LinkedValues (java.base)
 307:           219           5328  [Ljavax.xml.namespace.QName; (java.xml)
 308:           220           5280  java.io.StringWriter (java.base)
 309:           130           5200  java.io.ObjectStreamClass$FieldReflector (java.base)
 310:           214           5136  com.sun.xml.bind.v2.runtime.property.TagAndType
 311:           159           5088  java.util.logging.LogManager$LogNode (java.logging)
 312:           157           5024  sun.security.pkcs11.SunPKCS11$Descriptor (jdk.crypto.cryptoki)
 313:            87           4872  java.util.logging.Logger (java.logging)
 314:           101           4848  org.spec.jbb.util.PositiveIntProperty
 315:           102           4840  [Ljava.lang.invoke.LambdaForm$Name; (java.base)
 316:           150           4800  java.lang.invoke.LambdaForm$NamedFunction (java.base)
 317:           118           4720  com.sun.xml.bind.v2.runtime.property.SingleElementLeafProperty
 318:           293           4688  org.spec.jbb.of.tx.request.InStorePickupProcessMessage
 319:           146           4672  java.lang.Package (java.base)
 320:            97           4656  java.lang.invoke.LambdaForm (java.base)
 321:           145           4640  jdk.internal.reflect.NativeConstructorAccessorImpl (java.base)
 322:           193           4632  java.util.ImmutableCollections$List12 (java.base)
 323:            72           4608  java.lang.module.ModuleDescriptor (java.base)
 324:           142           4544  java.util.AbstractList$Itr (java.base)
 325:           282           4512  org.spec.jbb.core.comm.transport.encapsulation.JavaSerializationEncapsulationLayer
 326:           280           4480  javax.crypto.spec.IvParameterSpec (java.base)
 327:           280           4480  org.spec.jbb.core.comm.transport.compression.GZipCompressionLayer
 328:           280           4480  org.spec.jbb.core.comm.transport.encapsulation.PooledJAXBEncapsulationLayer$1
 329:           280           4480  org.spec.jbb.core.comm.transport.encapsulation.PooledJAXBEncapsulationLayer$2
 330:           280           4480  org.spec.jbb.core.comm.transport.encryption.PooledJavaSecurityEncryptionLayer$1
 331:           276           4416  [Ljava.security.Principal; (java.base)
 332:           276           4416  java.security.ProtectionDomain$Key (java.base)
 333:             4           4224  [Ljava.lang.Thread; (java.base)
 334:           256           4096  java.lang.Byte (java.base)
 335:           256           4096  java.lang.Short (java.base)
 336:           170           4080  jdk.internal.module.ServicesCatalog$ServiceProvider (java.base)
 337:           126           4032  com.sun.xml.bind.v2.runtime.unmarshaller.LeafPropertyXsiLoader
 338:           126           4032  java.lang.invoke.MethodTypeForm (java.base)
 339:           125           4000  java.lang.invoke.DirectMethodHandle (java.base)
 340:           249           3984  org.spec.jbb.sm.tx.request.InstallmentPurchaseRequest
 341:            70           3920  jdk.internal.module.ModuleReferenceImpl (java.base)
 342:           119           3808  java.util.concurrent.ConcurrentHashMap$ForwardingNode (java.base)
 343:           157           3768  java.util.concurrent.CopyOnWriteArrayList (java.base)
 344:           149           3576  sun.reflect.generics.tree.SimpleClassTypeSignature (java.base)
 345:            88           3520  java.util.logging.Logger$ConfigurationData (java.logging)
 346:           214           3424  jdk.internal.reflect.BootstrapConstructorAccessorImpl (java.base)
 347:            34           3408  [Ljava.lang.invoke.MethodHandle; (java.base)
 348:           142           3408  org.spec.jbb.hq.tx.request.CustomerRefundMessage
 349:            71           3408  org.spec.jbb.sm.tx.ProductReturnTransaction
 350:           140           3360  java.util.ImmutableCollections$SetN (java.base)
 351:            26           3328  org.glassfish.grizzly.nio.transport.TCPNIOConnection
 352:           134           3216  org.spec.jbb.hq.db.DataMiningCursor
 353:           100           3200  sun.nio.fs.UnixPath (java.base)
 354:           130           3120  org.glassfish.grizzly.ThreadCache$ObjectCacheElement
 355:            77           3080  java.util.EnumMap (java.base)
 356:           126           3024  com.sun.xml.bind.v2.runtime.unmarshaller.LeafPropertyLoader
 357:            74           2960  org.glassfish.grizzly.filterchain.InternalContextImpl
 358:            23           2944  sun.nio.fs.UnixFileAttributes (java.base)
 359:           122           2928  com.sun.xml.bind.v2.runtime.reflect.TransducedAccessor$CompositeTransducedAccessorImpl
 360:            26           2912  sun.nio.ch.SocketChannelImpl (java.base)
 361:            90           2880  org.glassfish.grizzly.utils.ArraySet
 362:           149           2848  [Lsun.reflect.generics.tree.TypeArgument; (java.base)
 363:            57           2736  java.util.TimSort (java.base)
 364:            56           2688  com.sun.xml.bind.v2.runtime.LeafBeanInfoImpl
 365:             3           2624  [[B (java.base)
 366:            24           2496  java.util.jar.JarFile$JarFileEntry (java.base)
 367:           155           2480  jdk.internal.reflect.DelegatingConstructorAccessorImpl (java.base)
 368:           103           2472  [[C (java.base)
 369:            60           2400  org.glassfish.grizzly.asyncqueue.TaskQueue
 370:            75           2400  org.glassfish.grizzly.filterchain.InvokeAction
 371:           149           2384  jdk.proxy2.$Proxy10 (jdk.proxy2)
 372:           149           2384  sun.reflect.generics.tree.ClassTypeSignature (java.base)
 373:            74           2368  java.util.Collections$UnmodifiableMap (java.base)
 374:            74           2368  org.glassfish.grizzly.filterchain.FilterChainContext$TransportContext
 375:             5           2360  [Lorg.glassfish.grizzly.nio.SelectorRunner;
 376:            58           2320  java.io.FileDescriptor (java.base)
 377:            36           2304  java.nio.DirectByteBuffer (java.base)
 378:            12           2280  [Z (java.base)
 379:            71           2272  org.spec.jbb.hq.tx.AdjustSupermarketInventoryTransaction
 380:            71           2272  org.spec.jbb.hq.tx.CustomerRefundTransaction
 381:            56           2240  java.lang.invoke.VarHandle$AccessDescriptor (java.base)
 382:            53           2120  sun.security.util.NamedCurve (java.base)
 383:            66           2112  java.lang.invoke.BoundMethodHandle$Species_L (java.base)
 384:            66           2112  java.lang.invoke.LambdaForm$Kind (java.base)
 385:            26           2080  org.glassfish.grizzly.threadpool.ThreadPoolConfig
 386:            86           2064  com.sun.xml.bind.v2.runtime.unmarshaller.XsiTypeLoader
 387:           128           2048  java.lang.Character (java.base)
 388:             6           2016  java.util.concurrent.ForkJoinPool (java.base)
 389:            62           1984  jdk.internal.loader.BuiltinClassLoader$LoadedModule (java.base)
 390:            49           1960  java.lang.invoke.DirectMethodHandle$Constructor (java.base)
 391:            60           1920  java.net.InetAddress$InetAddressHolder (java.base)
 392:             5           1904  [Ljava.lang.Integer; (java.base)
 393:           119           1904  org.spec.jbb.util.RangeIntProperty$1
 394:            47           1880  java.lang.invoke.DirectMethodHandle$Accessor (java.base)
 395:            13           1872  [Ljava.lang.invoke.MemberName; (java.base)
 396:            26           1872  org.spec.jbb.core.collections.ConcurrentCreateHashMap
 397:            39           1872  org.spec.jbb.core.threadpools.PoolPerfomanceData
 398:           116           1856  jdk.proxy2.$Proxy2 (jdk.proxy2)
 399:            23           1840  java.util.zip.ZipFile$Source (java.base)
 400:            57           1824  org.spec.jbb.util.IntegerProperty
 401:            75           1800  org.glassfish.grizzly.filterchain.StopAction
 402:            74           1776  [Lorg.glassfish.grizzly.IOEventLifeCycleListener;
 403:            74           1776  org.glassfish.grizzly.Context$MinimalisticArrayList
 404:            73           1752  org.spec.jbb.core.comm.LocationInfo
 405:            73           1752  org.spec.jbb.sm.advertisement.IssuedAdvertisement
 406:            43           1720  org.spec.jbb.sm.ReceiptBuilder$GenerateReceiptsTask
 407:            71           1704  java.util.Collections$CopiesList (java.base)
 408:            71           1704  org.spec.jbb.hq.tx.RandomReceiptTransaction
 409:            71           1704  org.spec.jbb.hq.tx.request.AdjustSupermarketInventoryMessage
 410:            53           1696  java.security.spec.EllipticCurve (java.base)
 411:            53           1696  sun.security.util.ObjectIdentifier (java.base)
 412:            70           1680  java.lang.module.ModuleDescriptor$Provides (java.base)
 413:             6           1680  java.util.concurrent.ConcurrentHashMap$CounterCell (java.base)
 414:            25           1600  java.util.zip.Inflater (java.base)
 415:            66           1584  com.sun.xml.bind.v2.runtime.unmarshaller.TextLoader
 416:            24           1536  com.sun.crypto.provider.CipherCore (java.base)
 417:            24           1536  javax.crypto.Cipher (java.base)
 418:            38           1520  java.lang.Package$VersionInfo (java.base)
 419:            63           1512  java.lang.module.ResolvedModule (java.base)
 420:            63           1512  jdk.internal.module.ModuleReferences$ExplodedModuleReader (java.base)
 421:            62           1488  org.spec.jbb.core.collections.HashMultiSet$EntrySet$1
 422:            61           1464  sun.reflect.generics.factory.CoreReflectionFactory (java.base)
 423:            61           1464  sun.reflect.generics.scope.ClassScope (java.base)
 424:            60           1440  [Ljava.lang.reflect.Type; (java.base)
 425:            60           1440  java.net.InetSocketAddress$InetSocketAddressHolder (java.base)
 426:            30           1440  java.util.concurrent.locks.ReentrantReadWriteLock$NonfairSync (java.base)
 427:            30           1440  sun.nio.ch.SelectionKeyImpl (java.base)
 428:            22           1408  sun.security.ec.SunEC$ProviderServiceA (jdk.crypto.ec)
 429:            25           1400  java.io.FileCleanable (java.base)
 430:            25           1400  org.glassfish.grizzly.asyncqueue.AsyncWriteQueueRecord
 431:            25           1400  org.glassfish.grizzly.asyncqueue.RecordWriteResult
 432:            29           1392  java.util.TreeMap (java.base)
 433:             1           1376  [Ljdk.internal.math.FDBigInteger; (java.base)
 434:             7           1344  org.glassfish.grizzly.nio.transport.TCPNIOTransport
 435:            56           1344  org.glassfish.grizzly.utils.Holder$3
 436:            54           1296  java.net.Inet4Address (java.base)
 437:            54           1296  java.security.spec.ECPoint (java.base)
 438:            54           1296  org.spec.jbb.sm.discount.BOGODiscount
 439:            23           1288  java.util.jar.JarFile (java.base)
 440:            39           1280  [Ljava.math.BigInteger; (java.base)
 441:            20           1280  sun.security.ec.SunEC$ProviderService (jdk.crypto.ec)
 442:            26           1248  [[Lorg.glassfish.grizzly.filterchain.DefaultFilterChain$FilterStateElement;
 443:            26           1248  sun.nio.ch.SocketAdaptor (java.base)
 444:            52           1248  sun.reflect.generics.reflectiveObjects.ParameterizedTypeImpl (java.base)
 445:            38           1216  jdk.internal.reflect.NativeMethodAccessorImpl (java.base)
 446:            38           1216  org.spec.jbb.core.sequencer.RangeSequencer
 447:            74           1184  org.glassfish.grizzly.filterchain.FilterChainContext$1
 448:            18           1152  com.sun.xml.bind.v2.runtime.output.NamespaceContextImpl$Element
 449:             9           1152  org.spec.jbb.hq.entity.SMBusinessReport
 450:            71           1136  jdk.internal.reflect.DelegatingMethodAccessorImpl (java.base)
 451:            71           1136  org.spec.jbb.hq.tx.request.RandomReceiptRequest
 452:            71           1136  org.spec.jbb.hq.tx.response.RandomReceiptResponse
 453:            71           1136  org.spec.jbb.sm.tx.request.ProductReturnRequest
 454:            28           1120  java.util.TreeMap$Entry (java.base)
 455:            70           1120  jdk.internal.module.ModuleReferences$$Lambda$4/0x000000080003eec0 (java.base)
 456:            28           1120  jdk.internal.ref.Cleaner (java.base)
 457:            70           1120  org.glassfish.grizzly.monitoring.DefaultMonitoringConfig
 458:            28           1120  org.glassfish.grizzly.threadpool.SyncThreadPool$SyncThreadWorker
 459:            70           1120  org.spec.jbb.core.comm.transport.EmptyTransport
 460:            70           1120  org.spec.jbb.core.comm.transport.NullTransport
 461:            23           1104  jdk.internal.loader.URLClassPath$JarLoader (java.base)
 462:             1           1096  [Lsun.security.util.KnownOIDs; (java.base)
 463:            27           1080  java.lang.invoke.VarHandleReferences$FieldInstanceReadWrite (java.base)
 464:            27           1080  org.glassfish.grizzly.nio.DirectByteBufferRecord
 465:            22           1056  java.lang.invoke.LambdaFormEditor$Transform (java.base)
 466:            44           1056  org.spec.jbb.hq.tx.CustomerProductReviewTransaction
 467:             5           1048  [Lcom.sun.xml.bind.v2.runtime.output.Encoded;
 468:             1           1040  [Ljava.lang.Byte; (java.base)
 469:             1           1040  [Ljava.lang.Long; (java.base)
 470:             1           1040  [Ljava.lang.Short; (java.base)
 471:            65           1040  org.spec.jbb.core.collections.HashMultiSet$EntrySet
 472:            43           1032  java.util.regex.Pattern$Slice (java.base)
 473:            42           1008  sun.reflect.generics.repository.FieldRepository (java.base)
 474:            31            992  java.lang.invoke.VarHandle$AccessMode (java.base)
 475:            62            992  org.spec.jbb.core.collections.CollectionUtils$2
 476:            62            992  org.spec.jbb.core.collections.CollectionUtils$3
 477:            24            960  com.sun.crypto.provider.CipherBlockChaining (java.base)
 478:            60            960  java.net.InetSocketAddress (java.base)
 479:            30            960  java.security.Provider$EngineDescription (java.base)
 480:            40            960  java.util.ImmutableCollections$ListN (java.base)
 481:            30            960  org.glassfish.grizzly.attributes.IndexedAttributeHolder
 482:            30            960  org.spec.jbb.util.BooleanProperty
 483:            30            960  sun.nio.ch.DummySocketImpl (java.base)
 484:            34            928  [Lorg.glassfish.grizzly.IOEvent;
 485:            57            912  org.spec.jbb.util.IntegerProperty$1
 486:            28            896  java.io.File (java.base)
 487:            28            896  java.nio.DirectByteBuffer$Deallocator (java.base)
 488:            37            888  java.lang.RuntimePermission (java.base)
 489:            27            864  org.spec.jbb.hq.tx.CustomerBuyingBehaviorTransaction
 490:            53            848  org.spec.jbb.hq.tx.response.NoDataForDataMiningResponse
 491:             6            840  [D (java.base)
 492:            35            840  org.spec.jbb.core.comm.transport.TransportFactory
 493:            13            832  org.jcp.xml.dsig.internal.dom.XMLDSigRI$ProviderService (java.xml.crypto)
 494:            26            832  org.spec.jbb.hq.tx.AssociativityOfProductTransaction
 495:            34            816  jdk.internal.loader.AbstractClassLoaderValue$Sub (java.base)
 496:            17            816  org.spec.jbb.core.comm.Interconnect$UplinkImpl
 497:            33            792  java.io.ObjectStreamClass$ExceptionInfo (java.base)
 498:             9            792  java.util.regex.Pattern (java.base)
 499:            14            784  com.sun.xml.bind.v2.runtime.property.ArrayElementNodeProperty
 500:            24            768  com.sun.crypto.provider.AESCrypt (java.base)
 501:            24            768  java.util.zip.ZipFile$CleanableResource (java.base)
 502:            23            736  java.io.RandomAccessFile (java.base)
 503:            30            720  [Ljava.nio.channels.SelectionKey; (java.base)
 504:            30            720  java.util.Collections$SetFromMap (java.base)
 505:            30            720  org.glassfish.grizzly.attributes.IndexedAttributeHolder$Snapshot
 506:            30            720  org.glassfish.grizzly.nio.NIOConnection$ProcessorStatesMap
 507:            44            704  org.spec.jbb.hq.tx.request.CustomerProductReviewMessage
 508:            22            704  org.spec.jbb.util.EnumProperty
 509:            17            680  org.spec.jbb.core.comm.Interconnect$Downlink
 510:            16            672  [Ljava.lang.invoke.MethodType; (java.base)
 511:            21            672  joptsimple.internal.AbbreviationMap
 512:            27            648  org.spec.jbb.hq.tx.request.CustomerBuyingBehaviorRequest
 513:            20            640  com.sun.xml.bind.v2.runtime.property.ArrayERProperty$ItemsLoader
 514:            16            640  jdk.internal.math.FloatingDecimal$BinaryToASCIIBuffer (java.base)
 515:            20            640  sun.reflect.generics.repository.ClassRepository (java.base)
 516:            25            632  [[I (java.base)
 517:             3            624  [Ljava.lang.invoke.LambdaForm; (java.base)
 518:            26            624  java.security.spec.ECFieldF2m (java.base)
 519:            26            624  org.glassfish.grizzly.nio.NIOConnection$ProcessorStatesMap$ProcessorState
 520:            26            624  org.spec.jbb.hq.tx.request.AssociativityOfProductRequest
 521:            38            608  java.lang.constant.ReferenceClassDescImpl (java.base)
 522:            15            600  java.lang.invoke.BoundMethodHandle$Species_LL (java.base)
 523:            25            600  java.security.Permissions (java.base)
 524:            25            600  java.util.zip.Inflater$InflaterZStreamRef (java.base)
 525:            10            576  [Ljava.util.Hashtable$Entry; (java.base)
 526:            24            576  com.sun.crypto.provider.AESCipher$General (java.base)
 527:            24            576  com.sun.xml.bind.v2.runtime.property.ArrayERProperty$ReceiverImpl
 528:            24            576  com.sun.xml.bind.v2.runtime.reflect.Lister$CollectionLister$1
 529:            18            576  java.util.LinkedList (java.base)
 530:             4            576  org.glassfish.grizzly.nio.transport.TCPNIOServerConnection
 531:            18            576  sun.reflect.generics.reflectiveObjects.TypeVariableImpl (java.base)
 532:            10            560  com.sun.xml.bind.v2.runtime.property.ArrayElementLeafProperty
 533:            10            560  java.nio.HeapByteBuffer (java.base)
 534:             7            560  java.util.concurrent.TimeUnit (java.base)
 535:             7            560  org.spec.jbb.core.Topology
 536:            10            560  sun.invoke.util.Wrapper (java.base)
 537:            23            552  java.util.concurrent.locks.AbstractQueuedSynchronizer$ConditionObject (java.base)
 538:            23            552  java.util.zip.ZipFile$Source$Key (java.base)
 539:            23            552  org.spec.jbb.core.collections.ConcurrentMultiMap$Entry
 540:            17            544  org.spec.jbb.infra.txinjector.BusinessRequestName
 541:             1            528  [Ljava.lang.Character; (java.base)
 542:            11            528  java.lang.invoke.BoundMethodHandle$SpeciesData (java.base)
 543:            11            528  org.spec.jbb.util.NonNegativeIntProperty
 544:            22            528  sun.security.util.LazyCodeSourcePermissionCollection (java.base)
 545:            11            520  [Ljava.util.regex.Pattern$Node; (java.base)
 546:            16            512  java.time.temporal.ChronoUnit (java.base)
 547:            21            504  java.util.regex.Pattern$GroupHead (java.base)
 548:            21            504  java.util.regex.Pattern$GroupTail (java.base)
 549:             7            496  [Lsun.invoke.util.Wrapper; (java.base)
 550:            20            480  com.sun.xml.bind.v2.runtime.unmarshaller.XsiNilLoader$Array
 551:            12            480  java.lang.OutOfMemoryError (java.base)
 552:            10            480  java.util.Hashtable (java.base)
 553:            30            480  java.util.concurrent.locks.ReentrantReadWriteLock$ReadLock (java.base)
 554:            30            480  java.util.concurrent.locks.ReentrantReadWriteLock$Sync$ThreadLocalHoldCounter (java.base)
 555:            30            480  java.util.concurrent.locks.ReentrantReadWriteLock$WriteLock (java.base)
 556:            30            480  org.glassfish.grizzly.attributes.IndexedAttributeHolder$IndexedAttributeAccessorImpl
 557:            30            480  org.glassfish.grizzly.nio.NIOConnection$1
 558:            30            480  org.glassfish.grizzly.nio.NIOConnection$7
 559:            30            480  org.glassfish.grizzly.nio.NIOConnection$8
 560:            30            480  org.spec.jbb.util.BooleanProperty$1
 561:            20            480  sun.reflect.generics.tree.ClassSignature (java.base)
 562:            29            464  jdk.proxy2.$Proxy1 (jdk.proxy2)
 563:             8            448  java.nio.DirectLongBufferU (java.base)
 564:             8            448  java.util.Properties (java.base)
 565:             7            448  org.glassfish.grizzly.threadpool.SyncThreadPool
 566:            28            448  org.spec.jbb.core.counters.ThreadHashedCounter
 567:            14            448  sun.reflect.annotation.AnnotationType (java.base)
 568:            11            440  [Ljava.lang.invoke.BoundMethodHandle$SpeciesData; (java.base)
 569:            11            440  java.lang.invoke.VarHandleInts$FieldInstanceReadWrite (java.base)
 570:            18            432  [Lsun.reflect.generics.tree.FieldTypeSignature; (java.base)
 571:             1            432  [[[C (java.base)
 572:            18            432  com.sun.xml.bind.v2.model.core.Adapter
 573:            18            432  java.security.BasicPermissionCollection (java.base)
 574:            27            432  java.security.spec.ECFieldFp (java.base)
 575:            18            432  java.text.DateFormat$Field (java.base)
 576:            18            432  sun.reflect.generics.tree.FormalTypeParameter (java.base)
 577:            20            416  [Lsun.reflect.generics.tree.FormalTypeParameter; (java.base)
 578:            26            416  jdk.proxy2.$Proxy4 (jdk.proxy2)
 579:            26            416  org.glassfish.grizzly.filterchain.DefaultFilterChain$FiltersState
 580:            26            416  org.glassfish.grizzly.nio.transport.TCPNIOConnection$1
 581:            26            416  org.glassfish.grizzly.nio.transport.TCPNIOConnection$2
 582:            13            416  org.spec.jbb.hq.HQStatistics
 583:            17            408  java.time.Duration (java.base)
 584:            17            408  org.spec.jbb.core.collections.ConcurrentWeakHashMap
 585:            17            408  org.spec.jbb.core.comm.Interconnect$UplinkImpl$1
 586:            17            408  sun.nio.ch.OptionKey (java.base)
 587:            17            408  sun.nio.ch.SocketOptionRegistry$RegistryKey (java.base)
 588:            12            400  [Ljava.lang.constant.ClassDesc; (java.base)
 589:            25            400  java.util.WeakHashMap$KeySet (java.base)
 590:            25            400  org.glassfish.grizzly.Writer$Reentrant
 591:            25            400  org.glassfish.grizzly.asyncqueue.RecordWriteResult$SettableHolder
 592:             5            400  org.spec.jbb.hq.tx.SupermarketAudit
 593:            10            400  sun.util.resources.Bundles$BundleReference (java.base)
 594:             7            392  java.util.concurrent.ConcurrentHashMap$EntryIterator (java.base)
 595:             7            392  java.util.concurrent.ConcurrentHashMap$KeyIterator (java.base)
 596:            20            384  [Lsun.reflect.generics.tree.ClassTypeSignature; (java.base)
 597:            24            384  com.sun.crypto.provider.PKCS5Padding (java.base)
 598:            12            384  com.sun.xml.bind.v2.runtime.reflect.AdaptedAccessor
 599:            16            384  java.util.jar.Manifest (java.base)
 600:            12            384  org.spec.jbb.util.LongProperty
 601:            12            384  sun.security.jca.ProviderConfig (java.base)
 602:             1            376  java.lang.ref.Finalizer$FinalizerThread (java.base)
 603:             1            376  java.util.logging.LogManager$Cleaner (java.logging)
 604:             1            376  jdk.internal.misc.InnocuousThread (java.base)
 605:             1            368  java.lang.ref.Reference$ReferenceHandler (java.base)
 606:            23            368  sun.nio.fs.UnixFileAttributes$UnixAsBasicFileAttributes (java.base)
 607:            15            360  java.lang.invoke.Invokers (java.base)
 608:             9            360  java.lang.ref.Finalizer (java.base)
 609:             9            360  java.util.WeakHashMap$Entry (java.base)
 610:            15            360  java.util.regex.Pattern$BmpCharProperty (java.base)
 611:             4            352  com.sun.xml.bind.v2.runtime.output.UTF8XmlOutput
 612:            22            352  com.sun.xml.bind.v2.runtime.reflect.Lister$CollectionLister
 613:            11            352  java.lang.constant.DirectMethodHandleDesc$Kind (java.base)
 614:            22            352  java.security.SecureClassLoader$CodeSourceKey (java.base)
 615:            22            352  java.util.LinkedHashMap$LinkedEntrySet (java.base)
 616:            11            352  java.util.regex.Pattern$Branch (java.base)
 617:            22            352  org.spec.jbb.core.sequencer.AtomicGrowingSequencer
 618:            22            352  org.spec.jbb.util.EnumProperty$1
 619:             4            352  sun.nio.ch.ServerSocketChannelImpl (java.base)
 620:             5            336  [S (java.base)
 621:            21            336  java.util.TreeMap$Values (java.base)
 622:             7            336  org.glassfish.grizzly.nio.transport.TCPNIOTransport$TransportConnectorHandler
 623:            14            336  org.spec.jbb.hq.tx.OnlineOrderProcessTransaction
 624:            14            336  org.spec.jbb.hq.tx.ProcessHQInvoicesTransaction
 625:             7            336  sun.nio.cs.StreamEncoder (java.base)
 626:             7            336  sun.nio.cs.UTF_8$Encoder (java.base)
 627:             6            336  sun.util.calendar.ZoneInfo (java.base)
 628:             8            320  java.lang.WeakPairMap$Pair$Weak (java.base)
 629:            10            320  java.lang.constant.DirectMethodHandleDescImpl (java.base)
 630:            10            320  java.util.concurrent.LinkedTransferQueue$Node (java.base)
 631:            10            320  jdk.internal.reflect.UnsafeQualifiedLongFieldAccessorImpl (java.base)
 632:            10            320  org.spec.jbb.core.comm.transport.TransportType
 633:            10            320  org.spec.jbb.util.FloatProperty
 634:            10            320  sun.util.resources.Bundles$CacheKey (java.base)
 635:            13            312  java.lang.invoke.VarForm (java.base)
 636:            13            312  java.util.regex.Pattern$BmpCharPropertyGreedy (java.base)
 637:            19            304  sun.reflect.generics.tree.TypeVariableSignature (java.base)
 638:            12            288  [Ljava.lang.reflect.TypeVariable; (java.base)
 639:            12            288  java.lang.annotation.ElementType (java.base)
 640:             9            288  java.lang.constant.PrimitiveClassDescImpl (java.base)
 641:            12            288  java.net.StandardSocketOptions$StdSocketOption (java.base)
 642:             2            288  java.text.DecimalFormat (java.base)
 643:             9            288  java.util.Hashtable$Entry (java.base)
 644:             9            288  java.util.logging.Level (java.logging)
 645:             9            288  java.util.logging.Level$KnownLevel (java.logging)
 646:             9            288  jdk.internal.org.objectweb.asm.Type (java.base)
 647:            12            288  org.glassfish.grizzly.threadpool.AbstractThreadPool$3
 648:            12            288  org.glassfish.grizzly.threadpool.AbstractThreadPool$5
 649:            12            288  org.glassfish.grizzly.threadpool.GrizzlyExecutorService
 650:             6            288  org.spec.jbb.util.RangeIntProperty
 651:             1            280  [Ljava.lang.invoke.LambdaForm$Kind; (java.base)
 652:             7            280  java.util.IdentityHashMap (java.base)
 653:             7            280  sun.util.locale.provider.LocaleResources$ResourceReference (java.base)
 654:            11            264  java.lang.invoke.MethodHandleImpl$Intrinsic (java.base)
 655:             3            264  java.util.jar.JarVerifier (java.base)
 656:            11            264  org.spec.jbb.infra.AgentState
 657:             8            256  java.lang.WeakPairMap$Pair$Weak$1 (java.base)
 658:             8            256  java.lang.reflect.ProxyGenerator$PrimitiveTypeInfo (java.base)
 659:            16            256  java.util.jar.Attributes (java.base)
 660:             8            256  jdk.internal.reflect.UnsafeQualifiedObjectFieldAccessorImpl (java.base)
 661:             8            256  org.glassfish.grizzly.ThreadCache$CachedTypeIndex
 662:             2            256  org.spec.jbb.sm.SM
 663:             6            240  com.sun.xml.bind.v2.model.impl.RuntimeArrayInfoImpl
 664:             6            240  com.sun.xml.bind.v2.runtime.ArrayBeanInfoImpl
 665:             6            240  java.io.BufferedWriter (java.base)
 666:            10            240  java.lang.Double (java.base)
 667:            10            240  java.lang.constant.MethodTypeDescImpl (java.base)
 668:             6            240  java.lang.invoke.MethodHandleImpl$AsVarargsCollector (java.base)
 669:            10            240  java.nio.charset.CoderResult (java.base)
 670:            10            240  java.nio.file.StandardOpenOption (java.base)
 671:             5            240  java.util.concurrent.ArrayBlockingQueue (java.base)
 672:            10            240  java.util.regex.Pattern$$Lambda$36/0x00000008000ec250 (java.base)
 673:             6            240  jdk.internal.loader.NativeLibraries$NativeLibraryImpl (java.base)
 674:             6            240  org.glassfish.grizzly.nio.tmpselectors.TemporarySelectorPool
 675:             5            240  org.glassfish.grizzly.threadpool.FixedThreadPool
 676:            10            240  org.spec.jbb.core.collections.CollectionUtils$9
 677:             5            240  org.spec.jbb.core.collections.UpdateHashMap
 678:             6            240  org.spec.jbb.infra.BackendPerformanceData
 679:             5            232  [Ljava.lang.invoke.LambdaForm$NamedFunction; (java.base)
 680:            13            224  [Ljava.lang.constant.ConstantDesc; (java.base)
 681:             4            224  com.sun.xml.bind.v2.model.impl.RuntimeAttributePropertyInfoImpl
 682:            14            224  java.lang.Float (java.base)
 683:            14            224  java.lang.ThreadLocal (java.base)
 684:             7            224  java.util.TreeMap$EntryIterator (java.base)
 685:             7            224  joptsimple.OptionSpecBuilder
 686:             7            224  org.glassfish.grizzly.nio.transport.TCPNIOAsyncQueueWriter
 687:             7            224  org.glassfish.grizzly.nio.transport.TCPNIOBindingHandler
 688:             7            224  org.spec.jbb.core.comm.connectivity.grizzlynio.GrizzlyTransport
 689:            14            224  org.spec.jbb.hq.tx.request.OnlineOrderProcessRequest
 690:            14            224  org.spec.jbb.hq.tx.request.ProcessHQInvoicesRequest
 691:             9            216  java.lang.NamedPackage (java.base)
 692:             9            216  java.util.Collections$SynchronizedRandomAccessList (java.base)
 693:             9            216  java.util.concurrent.locks.ReentrantReadWriteLock (java.base)
 694:             9            216  org.spec.jbb.core.EntityType
 695:             9            216  org.spec.jbb.core.collections.CollectionUtils$LazyMix
 696:             9            216  org.spec.jbb.infra.IterationLabel
 697:             3            216  sun.security.provider.NativePRNG$RandomIO (java.base)
 698:             9            216  sun.util.logging.PlatformLogger$Level (java.base)
 699:             2            208  com.sun.xml.bind.v2.runtime.XMLSerializer
 700:             2            200  [Ljava.text.DateFormat$Field; (java.base)
 701:             5            200  java.lang.invoke.DirectMethodHandle$Interface (java.base)
 702:             5            200  java.util.stream.StreamOpFlag (java.base)
 703:             5            200  org.spec.jbb.Launcher$RunCategory
 704:             6            192  com.sun.xml.bind.v2.model.impl.ClassInfoImpl$SecondaryAnnotation
 705:             2            192  com.sun.xml.bind.v2.runtime.JAXBContextImpl
 706:             6            192  java.lang.invoke.LambdaForm$BasicType (java.base)
 707:             8            192  java.math.RoundingMode (java.base)
 708:             6            192  java.net.Inet6Address$Inet6AddressHolder (java.base)
 709:             8            192  java.net.NetPermission (java.base)
 710:            12            192  java.util.Collections$SingletonSet (java.base)
 711:             6            192  java.util.ImmutableCollections$MapN (java.base)
 712:             8            192  jdk.internal.perf.PerfCounter (java.base)
 713:             8            192  org.glassfish.grizzly.IOEvent
 714:             8            192  org.glassfish.grizzly.filterchain.DefaultFilterChain
 715:             8            192  org.spec.jbb.Launcher$RunnerType
 716:             8            192  org.spec.jbb.core.collections.queues.QueueType
 717:             8            192  org.spec.jbb.core.comm.connectivity.grizzlynio.proto.ProtocolDataUnitDecoder
 718:             8            192  org.spec.jbb.core.comm.connectivity.grizzlynio.proto.ProtocolDataUnitEncoder
 719:             8            192  org.spec.jbb.core.comm.connectivity.grizzlynio.proto.ProtocolDataUnitFilter
 720:             6            192  org.spec.jbb.reporter.RawResult$ValidationReporterResult
 721:            12            192  org.spec.jbb.util.LongProperty$1
 722:             6            192  org.spec.jbb.util.Property
 723:             2            176  [Lorg.spec.jbb.infra.txinjector.BusinessRequestName;
 724:             2            176  java.text.DecimalFormatSymbols (java.base)
 725:            11            176  java.util.concurrent.ConcurrentHashMap$ValuesView (java.base)
 726:            11            176  java.util.regex.Pattern$$Lambda$38/0x00000008000edf78 (java.base)
 727:            11            176  java.util.regex.Pattern$BranchConn (java.base)
 728:            11            176  org.spec.jbb.util.FloatProperty$1
 729:             7            168  [Lorg.glassfish.grizzly.threadpool.ThreadPoolProbe;
 730:             1            168  [[Ljava.math.BigInteger; (java.base)
 731:             7            168  com.sun.xml.bind.v2.model.impl.ClassInfoImpl$PropertyGroup
 732:             7            168  java.io.OutputStreamWriter (java.base)
 733:             7            168  java.lang.System$Logger$Level (java.base)
 734:             7            168  java.util.concurrent.ConcurrentHashMap$MapEntry (java.base)
 735:             7            168  org.glassfish.grizzly.AbstractTransport$1
 736:             7            168  org.glassfish.grizzly.ProcessorResult$Status
 737:             7            168  org.glassfish.grizzly.asyncqueue.AsyncQueueIO$ImmutableAsyncQueueIO
 738:             7            168  org.glassfish.grizzly.filterchain.FilterChainContext$Operation
 739:             7            168  org.glassfish.grizzly.nio.tmpselectors.TemporarySelectorIO
 740:             7            168  org.glassfish.grizzly.nio.transport.TCPNIOAsyncQueueReader
 741:             7            168  org.glassfish.grizzly.utils.StateHolder
 742:             7            168  org.spec.jbb.core.collections.sampling.RandomArraySamplingBuffer
 743:             7            168  org.spec.jbb.core.comm.SourceType
 744:             3            168  org.spec.jbb.core.purchase.CustomerSpecificPurchaseAgent
 745:             3            168  org.spec.jbb.core.threadpools.ForkJoinThreadPool
 746:             7            168  org.spec.jbb.hq.tx.InstallmentPurchasePaymentTransaction
 747:             7            168  org.spec.jbb.hq.tx.InstallmentPurchaseVoidTransaction
 748:             7            168  org.spec.jbb.infra.ControllerType
 749:             7            168  org.spec.jbb.util.PropertyAttribute
 750:             3            168  org.spec.jbb.util.random.TriangleRandom
 751:             2            160  [Ljava.lang.constant.DirectMethodHandleDesc$Kind; (java.base)
 752:             2            160  [Ljava.util.concurrent.RunnableScheduledFuture; (java.base)
 753:             5            160  com.sun.xml.bind.v2.model.core.PropertyKind
 754:             4            160  com.sun.xml.bind.v2.runtime.property.AttributeProperty
 755:             4            160  java.io.PrintStream (java.base)
 756:             5            160  java.lang.invoke.VarHandle$AccessType (java.base)
 757:            10            160  java.util.Formatter$Flags (java.base)
 758:             5            160  java.util.UUID (java.base)
 759:             5            160  java.util.concurrent.ForkJoinTask$AdaptedInterruptibleCallable (java.base)
 760:            10            160  jdk.proxy2.$Proxy14 (jdk.proxy2)
 761:             4            160  joptsimple.RequiredArgumentOptionSpec
 762:             4            160  org.eclipse.jetty.util.log.StdErrLog
 763:             5            160  org.glassfish.grizzly.attributes.Attribute
 764:             5            160  org.spec.jbb.core.threadpools.ThreadPoolType
 765:             5            160  org.spec.jbb.hq.entity.ShippingCompany
 766:             4            160  sun.nio.ch.ServerSocketAdaptor (java.base)
 767:             5            160  sun.util.locale.provider.LocaleProviderAdapter$Type (java.base)
 768:             5            160  sun.util.locale.provider.LocaleResources (java.base)
 769:             3            152  [Ljava.lang.annotation.ElementType; (java.base)
 770:             3            144  [F (java.base)
 771:             1            144  [Ljava.lang.invoke.VarHandle$AccessMode; (java.base)
 772:             2            144  [Ljava.math.BigDecimal; (java.base)
 773:             1            144  [[Lorg.glassfish.grizzly.IOEvent;
 774:             6            144  com.sun.xml.bind.v2.runtime.ArrayBeanInfoImpl$ArrayLoader
 775:             2            144  com.sun.xml.bind.v2.runtime.MarshallerImpl
 776:             6            144  com.sun.xml.bind.v2.runtime.reflect.AdaptedLister
 777:             6            144  java.lang.Thread$State (java.base)
 778:             3            144  java.lang.ThreadGroup (java.base)
 779:             6            144  java.net.Inet6Address (java.base)
 780:             2            144  java.util.concurrent.ScheduledThreadPoolExecutor (java.base)
 781:             2            144  java.util.concurrent.ScheduledThreadPoolExecutor$ScheduledFutureTask (java.base)
 782:             3            144  java.util.concurrent.ThreadPoolExecutor$Worker (java.base)
 783:             6            144  java.util.concurrent.locks.ReentrantReadWriteLock$Sync$HoldCounter (java.base)
 784:             6            144  java.util.regex.Pattern$Start (java.base)
 785:             6            144  javax.xml.datatype.DatatypeConstants$Field (java.xml)
 786:             6            144  jdk.net.ExtendedSocketOptions$ExtSocketOption (jdk.net)
 787:             9            144  jdk.proxy2.$Proxy7 (jdk.proxy2)
 788:             6            144  org.glassfish.grizzly.ProcessorResult
 789:             6            144  org.glassfish.grizzly.Transport$State
 790:             6            144  org.glassfish.grizzly.nio.RoundRobinConnectionDistributor
 791:             6            144  org.glassfish.grizzly.nio.RoundRobinConnectionDistributor$SharedIterator
 792:             6            144  org.spec.jbb.core.collections.CardMix
 793:             6            144  org.spec.jbb.core.locks.DelegateLockManager
 794:             6            144  org.spec.jbb.core.purchase.PurchaseAgent$Type
 795:             6            144  org.spec.jbb.core.tx.SimpleTransactionExecutor
 796:             6            144  org.spec.jbb.infra.validation.ValidationLevel
 797:             3            144  org.spec.jbb.sm.coupon.CouponFactory
 798:             6            144  org.spec.jbb.util.random.SpecRandomType
 799:             3            144  org.spec.jbb.util.random.TruncatedExponentialRandom
 800:             1            144  sun.security.pkcs11.SunPKCS11 (jdk.crypto.cryptoki)
 801:             4            128  com.sun.xml.bind.v2.model.impl.RuntimeEnumConstantImpl
 802:             2            128  com.sun.xml.bind.v2.model.impl.RuntimeEnumLeafInfoImpl
 803:             4            128  java.lang.invoke.MethodHandles$Lookup (java.base)
 804:             2            128  java.security.SecureRandom (java.base)
 805:             2            128  java.text.DateFormatSymbols (java.base)
 806:             8            128  java.util.TreeMap$EntrySet (java.base)
 807:             4            128  java.util.concurrent.Semaphore$NonfairSync (java.base)
 808:             8            128  java.util.regex.Pattern$BitClass (java.base)
 809:             4            128  java.util.stream.FindOps$FindOp (java.base)
 810:             8            128  org.glassfish.grizzly.filterchain.DefaultFilterChain$FiltersStateFactory
 811:             8            128  org.glassfish.grizzly.filterchain.TransportFilter
 812:             8            128  org.spec.jbb.core.time.JavaSystemClock
 813:             4            128  org.spec.jbb.sm.CustomerSelection$CustomerHotness
 814:             4            128  org.spec.jbb.util.StringProperty
 815:             2            128  sun.security.jgss.SunProvider$ProviderService (java.security.jgss)
 816:             3            120  [Ljava.lang.invoke.LambdaForm$BasicType; (java.base)
 817:             1            120  [[Ljava.lang.String; (java.base)
 818:             3            120  java.lang.reflect.ProxyGenerator$ProxyMethod (java.base)
 819:             5            120  java.util.concurrent.LinkedTransferQueue (java.base)
 820:             5            120  java.util.regex.Pattern$BmpCharPredicate$$Lambda$37/0x00000008000ec4d8 (java.base)
 821:             5            120  java.util.regex.Pattern$CharPropertyGreedy (java.base)
 822:             5            120  java.util.stream.StreamOpFlag$Type (java.base)
 823:             5            120  jdk.internal.math.FloatingDecimal$PreparedASCIIToBinaryBuffer (java.base)
 824:             5            120  org.spec.jbb.core.Priority
 825:             5            120  org.spec.jbb.core.collections.Pair
 826:             5            120  org.spec.jbb.core.comm.connectivity.grizzlynio.GrizzlyNioServer
 827:             5            120  org.spec.jbb.core.comm.policy.TransportSelectionPolicyType
 828:             5            120  org.spec.jbb.core.scheduler.SchedulerType
 829:             5            120  org.spec.jbb.hq.entity.HQBusinessReport
 830:             5            120  org.spec.jbb.hq.tx.BusinessReportTransaction
 831:             5            120  org.spec.jbb.hq.tx.request.BusinessReportRequest
 832:             5            120  org.spec.jbb.infra.snapshot.InMemorySnapshotManager$Snapshot
 833:             5            120  org.spec.jbb.infra.validation.ValidationResult
 834:             5            120  org.spec.jbb.reporter.RawResult$RawData$RawDataType
 835:             5            112  [Lcom.sun.xml.bind.v2.runtime.property.AttributeProperty;
 836:             2            112  [Lorg.spec.jbb.core.comm.transport.TransportType;
 837:             2            112  com.sun.xml.bind.v2.model.impl.RuntimeModelBuilder
 838:             2            112  com.sun.xml.bind.v2.model.impl.RuntimeTypeInfoSetImpl
 839:             2            112  com.sun.xml.bind.v2.runtime.ElementBeanInfoImpl
 840:             1            112  java.util.GregorianCalendar (java.base)
 841:             2            112  java.util.ServiceLoader (java.base)
 842:             7            112  jdk.proxy2.$Proxy9 (jdk.proxy2)
 843:             7            112  org.glassfish.grizzly.nio.transport.TCPNIOConnectorHandler$InstantConnectHandler
 844:             7            112  org.glassfish.grizzly.nio.transport.TCPNIOTemporarySelectorReader
 845:             7            112  org.glassfish.grizzly.nio.transport.TCPNIOTemporarySelectorWriter
 846:             7            112  org.glassfish.grizzly.nio.transport.TCPNIOTransport$RegisterChannelCompletionHandler
 847:             7            112  org.glassfish.grizzly.nio.transport.TCPNIOTransportFilter
 848:             7            112  org.spec.jbb.core.comm.connectivity.grizzlynio.GrizzlyTransport$1
 849:             7            112  org.spec.jbb.hq.tx.request.InstallmentPurchasePaymentRequest
 850:             7            112  org.spec.jbb.hq.tx.request.InstallmentPurchaseVoidRequest
 851:             7            112  org.spec.jbb.infra.ProfileData
 852:             7            112  org.spec.jbb.infra.request.StatsRequest
 853:             7            112  org.spec.jbb.infra.request.StatsResetRequest
 854:             7            112  org.spec.jbb.infra.response.StatsResponse
 855:             2            112  org.spec.jbb.sm.tx.AdvertisementIssueTransaction
 856:             2            112  org.spec.jbb.sm.tx.DiscountIssueTransaction
 857:             2            104  [Lsun.util.logging.PlatformLogger$Level; (java.base)
 858:             1            104  com.sun.crypto.provider.SunJCE (java.base)
 859:             1            104  jdk.internal.loader.ClassLoaders$AppClassLoader (java.base)
 860:             1            104  jdk.internal.loader.ClassLoaders$BootClassLoader (java.base)
 861:             1            104  jdk.internal.loader.ClassLoaders$PlatformClassLoader (java.base)
 862:             1            104  org.jcp.xml.dsig.internal.dom.XMLDSigRI (java.xml.crypto)
 863:             1            104  org.spec.jbb.infra.BackendAgent
 864:             1            104  sun.security.ec.SunEC (jdk.crypto.ec)
 865:             1            104  sun.security.jca.ProviderList$1 (java.base)
 866:             1            104  sun.security.jgss.SunProvider (java.security.jgss)
 867:             1            104  sun.security.provider.Sun (java.base)
 868:             1            104  sun.security.rsa.SunRsaSign (java.base)
 869:             1            104  sun.security.smartcardio.SunPCSC (java.smartcardio)
 870:             1            104  sun.security.ssl.SunJSSE (java.base)
 871:             2             96  [Ljava.lang.System$Logger$Level; (java.base)
 872:             2             96  [Lorg.spec.jbb.Launcher$RunnerType;
 873:             3             96  [Lorg.spec.jbb.core.onlinepurchase.AbstractOnlinePurchaseAgent$OnlineType;
 874:             2             96  [Lorg.spec.jbb.util.PropertyAttribute;
 875:             1             96  [Lsun.util.locale.BaseLocale; (java.base)
 876:             1             96  [[J (java.base)
 877:             2             96  com.sun.management.internal.GarbageCollectorExtImpl (jdk.management)
 878:             2             96  com.sun.xml.bind.v2.runtime.output.NamespaceContextImpl
 879:             4             96  com.sun.xml.bind.v2.runtime.reflect.AdaptedLister$ListIteratorImpl
 880:             3             96  java.io.FileInputStream (java.base)
 881:             3             96  java.lang.ClassValue$Entry (java.base)
 882:             3             96  java.lang.Runtime$Version (java.base)
 883:             3             96  java.lang.constant.DynamicConstantDesc$AnonymousDynamicConstantDesc (java.base)
 884:             3             96  java.lang.invoke.SimpleMethodHandle (java.base)
 885:             4             96  java.lang.module.ModuleDescriptor$Modifier (java.base)
 886:             4             96  java.lang.module.ModuleDescriptor$Opens (java.base)
 887:             4             96  java.lang.module.ModuleDescriptor$Requires$Modifier (java.base)
 888:             3             96  java.util.Collections$SynchronizedMap (java.base)
 889:             3             96  java.util.concurrent.locks.AbstractQueuedSynchronizer$ExclusiveNode (java.base)
 890:             4             96  java.util.regex.Pattern$Qtype (java.base)
 891:             4             96  java.util.stream.StreamShape (java.base)
 892:             4             96  javax.xml.bind.annotation.XmlAccessType
 893:             4             96  javax.xml.transform.stream.StreamResult (java.xml)
 894:             3             96  jdk.internal.loader.BuiltinClassLoader$1 (java.base)
 895:             6             96  jdk.internal.loader.ClassLoaderValue (java.base)
 896:             4             96  jdk.internal.logger.BootstrapLogger$LoggingBackend (java.base)
 897:             3             96  jdk.internal.reflect.UnsafeObjectFieldAccessorImpl (java.base)
 898:             4             96  org.glassfish.grizzly.nio.transport.TCPNIOServerConnection$RegisterAcceptedChannelCompletionHandler
 899:             4             96  org.spec.jbb.core.cache.SoftReferenceCache
 900:             4             96  org.spec.jbb.core.collections.ConcurrentHashMultiSet
 901:             3             96  org.spec.jbb.core.collections.ConcurrentHashMultiSet$EntryIterator
 902:             4             96  org.spec.jbb.core.comm.connectivity.grizzlynio.proto.ProtocolDataUnit$Type
 903:             4             96  org.spec.jbb.core.comm.transport.TransportType$EncapsulationType
 904:             4             96  org.spec.jbb.core.comm.transport.TransportType$EncryptionType
 905:             4             96  org.spec.jbb.core.counters.CounterType
 906:             6             96  org.spec.jbb.core.locks.EntryFactory
 907:             4             96  org.spec.jbb.core.sequencer.BulkRandomizedSequencer
 908:             4             96  org.spec.jbb.core.threadpools.ThreadPoolType$PoolType
 909:             4             96  org.spec.jbb.core.util.PropertyParserTest$TestEnum
 910:             6             96  org.spec.jbb.infra.request.PerformanceInfoRequest
 911:             6             96  org.spec.jbb.infra.response.BackendPerformanceInfoResponse
 912:             4             96  org.spec.jbb.infra.txinjector.irdecider.IRDeciderType
 913:             4             96  org.spec.jbb.reporter.RawResult$ProductType
 914:             2             96  org.spec.jbb.sm.storage.SupermarketStorageImpl
 915:             2             96  org.spec.jbb.sp.SP
 916:             1             88  org.spec.jbb.hq.db.Storage
 917:             2             80  [Lcom.sun.xml.bind.v2.model.impl.ClassInfoImpl$SecondaryAnnotation;
 918:             2             80  [Ljava.lang.OutOfMemoryError; (java.base)
 919:             1             80  [Ljava.time.temporal.ChronoUnit; (java.base)
 920:             2             80  [Ljava.util.stream.StreamOpFlag$Type; (java.base)
 921:             2             80  [Lorg.spec.jbb.Launcher$RunCategory;
 922:             2             80  [Lsun.security.jca.ProviderConfig; (java.base)
 923:             2             80  com.sun.xml.bind.v2.util.CollisionCheckStack
 924:             2             80  java.io.PrintWriter (java.base)
 925:             2             80  java.lang.ModuleLayer (java.base)
 926:             2             80  java.lang.invoke.BoundMethodHandle$Species_LJ (java.base)
 927:             2             80  java.lang.invoke.VarHandleBooleans$FieldInstanceReadWrite (java.base)
 928:             2             80  java.lang.invoke.VarHandleLongs$FieldInstanceReadWrite (java.base)
 929:             2             80  java.lang.module.Configuration (java.base)
 930:             2             80  java.text.DigitList (java.base)
 931:             5             80  java.util.LinkedHashMap$LinkedKeySet (java.base)
 932:             2             80  java.util.Locale$Category (java.base)
 933:             2             80  java.util.ServiceLoader$LazyClassPathLookupIterator (java.base)
 934:             2             80  java.util.concurrent.LinkedBlockingDeque (java.base)
 935:             2             80  java.util.concurrent.PriorityBlockingQueue (java.base)
 936:             2             80  java.util.regex.Pattern$Loop (java.base)
 937:             5             80  org.glassfish.grizzly.attributes.Attribute$1
 938:             2             80  org.spec.jbb.core.cache.BoundedWriteBackCache
 939:             5             80  org.spec.jbb.core.comm.Interconnect$ProcessorCallback
 940:             5             80  org.spec.jbb.core.comm.connectivity.grizzlynio.proto.ServerProtocolDataUnitFilter
 941:             1             80  org.spec.jbb.hq.HQ
 942:             5             80  org.spec.jbb.hq.tx.SupermarketAudit$2
 943:             5             80  org.spec.jbb.hq.tx.response.BusinessReportResponse
 944:             2             80  org.spec.jbb.sm.CustomerSelection
 945:             2             80  org.spec.jbb.sm.advertisement.HQAdvertisementAgent
 946:             2             80  sun.management.MemoryManagerImpl (java.management)
 947:             1             80  sun.util.cldr.CLDRLocaleProviderAdapter (java.base)
 948:             1             80  sun.util.locale.provider.JRELocaleProviderAdapter (java.base)
 949:             3             72  [Ljava.util.concurrent.ConcurrentHashMap$CounterCell; (java.base)
 950:             3             72  [Lorg.spec.jbb.sm.CustomerSelection$CustomerType;
 951:             3             72  com.sun.xml.bind.v2.model.core.ID
 952:             3             72  java.lang.WeakPairMap (java.base)
 953:             3             72  java.lang.annotation.RetentionPolicy (java.base)
 954:             3             72  java.lang.invoke.VarHandle$VarHandleDesc$Kind (java.base)
 955:             3             72  java.net.StandardProtocolFamily (java.base)
 956:             3             72  java.nio.file.AccessMode (java.base)
 957:             3             72  java.nio.file.FileTreeWalker$EventType (java.base)
 958:             3             72  java.security.SecurityPermission (java.base)
 959:             3             72  java.time.ZoneOffset (java.base)
 960:             3             72  java.util.concurrent.Executors$RunnableAdapter (java.base)
 961:             1             72  java.util.concurrent.ThreadPoolExecutor (java.base)
 962:             3             72  java.util.regex.Pattern$Ques (java.base)
 963:             3             72  java.util.stream.Collector$Characteristics (java.base)
 964:             3             72  jdk.internal.math.FloatingDecimal$ExceptionalBinaryToASCIIBuffer (java.base)
 965:             3             72  jdk.internal.misc.Signal (java.base)
 966:             3             72  org.glassfish.grizzly.TransformationResult$Status
 967:             3             72  org.spec.jbb.core.collections.CollectionUtils$UnmodifiableMultiSet
 968:             3             72  org.spec.jbb.core.collections.sampling.SamplingBufferType
 969:             3             72  org.spec.jbb.core.comm.connectivity.ConnectivityType
 970:             3             72  org.spec.jbb.core.comm.connectivity.grizzlynio.PoolableConnection
 971:             3             72  org.spec.jbb.core.locks.LockRefType
 972:             3             72  org.spec.jbb.core.onlinepurchase.AbstractOnlinePurchaseAgent$OnlineType
 973:             3             72  org.spec.jbb.core.probe.ProfileMode
 974:             3             72  org.spec.jbb.core.threadpools.ForkJoinThreadPool$1
 975:             3             72  org.spec.jbb.core.threadpools.ThreadPoolType$MultiPoolType
 976:             3             72  org.spec.jbb.infra.Component
 977:             3             72  org.spec.jbb.infra.seed.SeedAgentType
 978:             3             72  org.spec.jbb.sm.inventory.InventoryType
 979:             3             72  org.spec.jbb.util.PropertyCompliance
 980:             1             72  sun.net.www.protocol.jar.URLJarFile (java.base)
 981:             3             72  sun.security.provider.NativePRNG$Variant (java.base)
 982:             4             64  [Ljava.lang.annotation.Annotation; (java.base)
 983:             2             64  [Ljava.lang.annotation.RetentionPolicy; (java.base)
 984:             2             64  [Ljava.lang.invoke.LambdaFormEditor$Transform; (java.base)
 985:             1             64  [Ljava.lang.invoke.MethodHandleImpl$Intrinsic; (java.base)
 986:             2             64  [Ljava.nio.charset.CoderResult; (java.base)
 987:             2             64  [Ljava.util.stream.Collector$Characteristics; (java.base)
 988:             2             64  [Ljavax.xml.bind.annotation.XmlAccessType;
 989:             2             64  [Lorg.spec.jbb.core.probe.ProfileMode;
 990:             1             64  [Lorg.spec.jbb.infra.AgentState;
 991:             2             64  [Lsun.nio.fs.NativeBuffer; (java.base)
 992:             2             64  com.sun.xml.bind.v2.runtime.AnyTypeBeanInfo
 993:             2             64  com.sun.xml.bind.v2.runtime.CompositeStructureBeanInfo
 994:             2             64  com.sun.xml.bind.v2.runtime.NameList
 995:             2             64  java.io.BufferedOutputStream (java.base)
 996:             2             64  java.io.FileOutputStream (java.base)
 997:             1             64  java.lang.invoke.BoundMethodHandle$Species_LLLLLLLLL (java.base)
 998:             2             64  java.lang.ref.ReferenceQueue$Null (java.base)
 999:             1             64  java.text.SimpleDateFormat (java.base)
1000:             2             64  java.util.HexFormat (java.base)
1001:             4             64  java.util.Optional (java.base)
1002:             2             64  java.util.ServiceLoader$ModuleServicesLookupIterator (java.base)
1003:             2             64  java.util.concurrent.ScheduledThreadPoolExecutor$DelayedWorkQueue (java.base)
1004:             4             64  java.util.concurrent.Semaphore (java.base)
1005:             2             64  java.util.concurrent.atomic.AtomicIntegerFieldUpdater$AtomicIntegerFieldUpdaterImpl (java.base)
1006:             1             64  java.util.logging.LogManager$RootLogger (java.logging)
1007:             4             64  jdk.internal.module.ServicesCatalog (java.base)
1008:             4             64  jdk.internal.util.Preconditions$1 (java.base)
1009:             4             64  jdk.proxy2.$Proxy5 (jdk.proxy2)
1010:             4             64  org.glassfish.grizzly.nio.transport.TCPNIOServerConnection$1
1011:             2             64  org.glassfish.grizzly.utils.JdkVersion
1012:             4             64  org.spec.jbb.core.collections.CollectionUtils$5
1013:             1             64  org.spec.jbb.core.comm.Interconnect
1014:             2             64  org.spec.jbb.core.threadpools.SpecThreadFactory$1
1015:             2             64  org.spec.jbb.core.time.JavaSystemStopWatch
1016:             2             64  org.spec.jbb.infra.BackendEntitiesDistribution
1017:             2             64  org.spec.jbb.infra.TransferLogsAgent$NoExplicitFlushBOS
1018:             1             64  org.spec.jbb.infra.heartbeat.HeartbeatWatchdog
1019:             2             64  org.spec.jbb.sm.discount.BasicDiscountAgent
1020:             4             64  org.spec.jbb.util.StringProperty$1
1021:             2             64  sun.nio.fs.NativeBuffer (java.base)
1022:             2             64  sun.nio.fs.UnixFileKey (java.base)
1023:             4             64  sun.reflect.generics.tree.ArrayTypeSignature (java.base)
1024:             2             64  sun.security.provider.FileInputStreamPool$StreamRef (java.base)
1025:             1             64  sun.security.smartcardio.SunPCSC$ProviderService (java.smartcardio)
1026:             1             56  [Ljava.lang.Runnable; (java.base)
1027:             1             56  [Ljava.nio.file.StandardOpenOption; (java.base)
1028:             1             56  [Ljava.util.logging.Level; (java.logging)
1029:             1             56  [Lorg.spec.jbb.core.EntityType;
1030:             1             56  [Lorg.spec.jbb.infra.IterationLabel;
1031:             1             56  java.lang.invoke.BoundMethodHandle$Specializer (java.base)
1032:             1             56  java.lang.invoke.BoundMethodHandle$Species_LLLLLLL (java.base)
1033:             1             56  java.net.SocketPermission (java.base)
1034:             1             56  java.util.logging.LogManager (java.logging)
1035:             1             56  jdk.internal.org.objectweb.asm.Label (java.base)
1036:             1             56  org.spec.jbb.of.OrderFulfillment
1037:             1             56  org.spec.jbb.sm.tx.AdvertisementRemoveTransaction
1038:             1             56  sun.security.provider.SHA (java.base)
1039:             1             48  [Lcom.sun.xml.bind.v2.model.impl.ClassInfoImpl$PropertyGroup;
1040:             1             48  [Ljava.math.RoundingMode; (java.base)
1041:             3             48  [Ljava.security.CodeSigner; (java.base)
1042:             2             48  [Ljava.util.Enumeration; (java.base)
1043:             1             48  [Ljava.util.concurrent.TimeUnit; (java.base)
1044:             1             48  [Lorg.glassfish.grizzly.ProcessorResult$Status;
1045:             1             48  [Lorg.glassfish.grizzly.filterchain.FilterChainContext$Operation;
1046:             2             48  [Lorg.spec.jbb.core.ResetMode;
1047:             2             48  [Lorg.spec.jbb.core.collections.Mix;
1048:             1             48  [Lorg.spec.jbb.core.collections.queues.QueueType;
1049:             1             48  [Lorg.spec.jbb.core.comm.SourceType;
1050:             2             48  [Lorg.spec.jbb.hq.HQ$SMInventoryDirection;
1051:             1             48  [Lorg.spec.jbb.infra.ControllerType;
1052:             2             48  com.sun.xml.bind.v2.model.annotation.RuntimeInlineAnnotationReader
1053:             2             48  com.sun.xml.bind.v2.model.impl.GetterSetterPropertySeed
1054:             2             48  com.sun.xml.bind.v2.runtime.ElementBeanInfoImpl$1
1055:             2             48  com.sun.xml.bind.v2.runtime.JAXBContextImpl$1
1056:             2             48  com.sun.xml.bind.v2.runtime.JAXBContextImpl$2
1057:             2             48  com.sun.xml.bind.v2.runtime.reflect.Accessor$GetterSetterReflection
1058:             2             48  com.sun.xml.bind.v2.runtime.unmarshaller.IntData
1059:             2             48  java.io.File$PathStatus (java.base)
1060:             3             48  java.lang.Boolean (java.base)
1061:             2             48  java.lang.ClassValue$Version (java.base)
1062:             2             48  java.lang.CompoundEnumeration (java.base)
1063:             1             48  java.lang.NullPointerException (java.base)
1064:             1             48  java.lang.invoke.BoundMethodHandle$Specializer$Factory (java.base)
1065:             2             48  java.lang.invoke.MethodHandles$Lookup$ClassOption (java.base)
1066:             2             48  java.lang.management.ManagementPermission (java.management)
1067:             2             48  java.lang.reflect.ReflectPermission (java.base)
1068:             3             48  java.nio.charset.CodingErrorAction (java.base)
1069:             3             48  java.text.AttributedCharacterIterator$Attribute (java.base)
1070:             3             48  java.util.Collections$UnmodifiableMap$UnmodifiableEntrySet (java.base)
1071:             3             48  java.util.IdentityHashMap$KeySet (java.base)
1072:             3             48  java.util.ResourceBundle$NoFallbackControl (java.base)
1073:             2             48  java.util.ServiceLoader$2 (java.base)
1074:             1             48  java.util.concurrent.ConcurrentSkipListMap (java.base)
1075:             2             48  java.util.concurrent.ConcurrentSkipListMap$Node (java.base)
1076:             1             48  java.util.concurrent.LinkedBlockingQueue (java.base)
1077:             1             48  java.util.logging.ConsoleHandler (java.logging)
1078:             2             48  java.util.logging.Logger$LoggerBundle (java.logging)
1079:             2             48  java.util.logging.LoggingPermission (java.logging)
1080:             2             48  java.util.regex.Pattern$Prolog (java.base)
1081:             2             48  java.util.regex.Pattern$StartS (java.base)
1082:             2             48  javax.crypto.spec.SecretKeySpec (java.base)
1083:             2             48  javax.xml.bind.annotation.XmlAccessOrder
1084:             2             48  jdk.internal.misc.Signal$NativeHandler (java.base)
1085:             3             48  jdk.proxy2.$Proxy8 (jdk.proxy2)
1086:             3             48  joptsimple.internal.ConstructorInvokingValueConverter
1087:             3             48  org.glassfish.grizzly.StandaloneProcessor
1088:             2             48  org.glassfish.grizzly.filterchain.DefaultFilterChain$FilterExecution
1089:             2             48  org.glassfish.grizzly.filterchain.FilterChainContext$State
1090:             2             48  org.spec.jbb.core.ResetMode
1091:             3             48  org.spec.jbb.core.cache.BoundedWriteBackCache$CacheEntry$PriorityComparator
1092:             1             48  org.spec.jbb.core.collections.CreateHashMap
1093:             3             48  org.spec.jbb.core.comm.connectivity.grizzlynio.GrizzlyNioClient$CustomClientFilter
1094:             2             48  org.spec.jbb.core.comm.transport.TransportType$CompressionType
1095:             2             48  org.spec.jbb.core.locks.LockManagerType
1096:             2             48  org.spec.jbb.core.onlinepurchase.RandomOnlinePurchaseAgent
1097:             2             48  org.spec.jbb.core.scheduler.DelayType
1098:             3             48  org.spec.jbb.core.threadpools.EmptyMultiPool
1099:             3             48  org.spec.jbb.core.threadpools.NoSemaphoreAdapter
1100:             3             48  org.spec.jbb.core.threadpools.SpecThreadFactory$1$1
1101:             2             48  org.spec.jbb.hq.HQ$SMInventoryDirection
1102:             2             48  org.spec.jbb.hq.db.DataMiningStorage
1103:             2             48  org.spec.jbb.hq.db.DataMiningStorage$1
1104:             2             48  org.spec.jbb.hq.tx.GetSuggestedAdvertisementTransaction
1105:             2             48  org.spec.jbb.infra.AgentType
1106:             2             48  org.spec.jbb.infra.BackendAgent$2
1107:             2             48  org.spec.jbb.infra.BackendAgent$3
1108:             2             48  org.spec.jbb.infra.TransferLogsAgent$FrameOutputStream
1109:             2             48  org.spec.jbb.infra.TransferLogsAgent$TransferFileType
1110:             2             48  org.spec.jbb.infra.rtprocess.ResponseTimeProcessType
1111:             2             48  org.spec.jbb.sm.CustomerSelection$CustomerType
1112:             2             48  org.spec.jbb.sm.SM$2
1113:             2             48  org.spec.jbb.sm.SM$3
1114:             2             48  org.spec.jbb.sm.advertisement.AdvertisementAgentType
1115:             2             48  org.spec.jbb.sm.inventory.LockedRandomBarcodeInventory
1116:             2             48  org.spec.jbb.sp.storage.SupplierStorageImpl
1117:             1             48  org.spec.jbb.util.JbbProperties$3
1118:             2             48  org.spec.jbb.util.StreamUtil$JbbTeeStream
1119:             2             48  org.spec.jbb.util.ThreadLocalSink
1120:             2             48  org.spec.jbb.util.ThreadLocalSink$1
1121:             2             48  sun.nio.fs.NativeBuffer$Deallocator (java.base)
1122:             2             48  sun.security.jca.ProviderList (java.base)
1123:             2             48  sun.security.jca.ProviderList$3 (java.base)
1124:             2             48  sun.util.locale.provider.LocaleServiceProviderPool (java.base)
1125:             1             48  sun.util.resources.TimeZoneNames (java.base)
1126:             1             48  sun.util.resources.TimeZoneNames_en (java.base)
1127:             1             48  sun.util.resources.cldr.TimeZoneNames (java.base)
1128:             1             48  sun.util.resources.cldr.TimeZoneNames_en (java.base)
1129:             1             40  [Lcom.sun.xml.bind.v2.model.core.PropertyKind;
1130:             1             40  [Ljava.lang.Thread$State; (java.base)
1131:             1             40  [Ljava.lang.invoke.VarHandle$AccessType; (java.base)
1132:             1             40  [Ljava.util.stream.StreamOpFlag; (java.base)
1133:             1             40  [Lorg.glassfish.grizzly.Transport$State;
1134:             1             40  [Lorg.spec.jbb.core.Priority;
1135:             1             40  [Lorg.spec.jbb.core.collections.Pair;
1136:             1             40  [Lorg.spec.jbb.core.comm.policy.TransportSelectionPolicyType;
1137:             1             40  [Lorg.spec.jbb.core.purchase.PurchaseAgent$Type;
1138:             1             40  [Lorg.spec.jbb.core.scheduler.SchedulerType;
1139:             1             40  [Lorg.spec.jbb.core.threadpools.ThreadPoolType;
1140:             1             40  [Lorg.spec.jbb.infra.validation.ValidationLevel;
1141:             1             40  [Lorg.spec.jbb.infra.validation.ValidationResult;
1142:             1             40  [Lorg.spec.jbb.reporter.RawResult$RawData$RawDataType;
1143:             1             40  [Lorg.spec.jbb.reporter.RawResult$ValidationReporterResult;
1144:             1             40  [Lorg.spec.jbb.util.random.SpecRandomType;
1145:             1             40  [Lsun.util.locale.provider.LocaleProviderAdapter$Type; (java.base)
1146:             1             40  [[Ljava.lang.invoke.LambdaForm$Name; (java.base)
1147:             1             40  com.sun.management.internal.DiagnosticCommandImpl (jdk.management)
1148:             1             40  java.io.BufferedInputStream (java.base)
1149:             1             40  java.lang.ArithmeticException (java.base)
1150:             1             40  java.lang.ClassCastException (java.base)
1151:             1             40  java.lang.VirtualMachineError (java.base)
1152:             1             40  java.lang.invoke.MethodHandleImpl$IntrinsicMethodHandle (java.base)
1153:             1             40  java.lang.invoke.VarHandleInts$FieldStaticReadWrite (java.base)
1154:             1             40  java.lang.invoke.VarHandleReferences$Array (java.base)
1155:             1             40  java.net.InetAddress$CachedAddresses (java.base)
1156:             1             40  java.util.ResourceBundle$2 (java.base)
1157:             1             40  javax.crypto.CryptoAllPermission (java.base)
1158:             1             40  jdk.internal.loader.NativeLibraries$2 (java.base)
1159:             1             40  jdk.internal.loader.URLClassPath (java.base)
1160:             1             40  jdk.internal.ref.CleanerImpl$CleanerCleanable (java.base)
1161:             1             40  joptsimple.OptionParser
1162:             1             40  org.spec.jbb.util.SpecJbbLogHandler
1163:             1             40  sun.text.resources.cldr.FormatData (java.base)
1164:             1             40  sun.text.resources.cldr.FormatData_en (java.base)
1165:             1             40  sun.text.resources.cldr.ext.FormatData_en_001 (jdk.localedata)
1166:             1             40  sun.text.resources.cldr.ext.FormatData_en_IN (jdk.localedata)
1167:             1             40  sun.util.locale.InternalLocaleBuilder (java.base)
1168:             1             40  sun.util.resources.Bundles$1 (java.base)
1169:             1             40  sun.util.resources.cldr.CalendarData (java.base)
1170:             1             32  [Lcom.sun.xml.bind.v2.model.core.ID;
1171:             2             32  [Ljava.lang.StackTraceElement; (java.base)
1172:             1             32  [Ljava.lang.ThreadGroup; (java.base)
1173:             1             32  [Ljava.lang.invoke.VarHandle$VarHandleDesc$Kind; (java.base)
1174:             1             32  [Ljava.lang.management.MemoryManagerMXBean; (java.management)
1175:             1             32  [Ljava.lang.module.ModuleDescriptor$Modifier; (java.base)
1176:             1             32  [Ljava.lang.module.ModuleDescriptor$Requires$Modifier; (java.base)
1177:             1             32  [Ljava.net.StandardProtocolFamily; (java.base)
1178:             1             32  [Ljava.nio.file.AccessMode; (java.base)
1179:             1             32  [Ljava.nio.file.FileTreeWalker$EventType; (java.base)
1180:             1             32  [Ljava.util.regex.Pattern$Qtype; (java.base)
1181:             1             32  [Ljava.util.stream.StreamShape; (java.base)
1182:             1             32  [Ljdk.internal.logger.BootstrapLogger$LoggingBackend; (java.base)
1183:             1             32  [Ljdk.internal.module.ServicesCatalog; (java.base)
1184:             1             32  [Lorg.glassfish.grizzly.TransformationResult$Status;
1185:             1             32  [Lorg.spec.jbb.core.collections.sampling.SamplingBufferType;
1186:             1             32  [Lorg.spec.jbb.core.comm.connectivity.ConnectivityType;
1187:             1             32  [Lorg.spec.jbb.core.comm.transport.TransportType$EncapsulationType;
1188:             1             32  [Lorg.spec.jbb.core.comm.transport.TransportType$EncryptionType;
1189:             1             32  [Lorg.spec.jbb.core.counters.CounterType;
1190:             1             32  [Lorg.spec.jbb.core.locks.LockRefType;
1191:             1             32  [Lorg.spec.jbb.core.threadpools.ThreadPoolType$MultiPoolType;
1192:             1             32  [Lorg.spec.jbb.core.threadpools.ThreadPoolType$PoolType;
1193:             1             32  [Lorg.spec.jbb.core.util.PropertyParserTest$TestEnum;
1194:             1             32  [Lorg.spec.jbb.infra.Component;
1195:             1             32  [Lorg.spec.jbb.infra.seed.SeedAgentType;
1196:             1             32  [Lorg.spec.jbb.infra.txinjector.irdecider.IRDeciderType;
1197:             1             32  [Lorg.spec.jbb.reporter.RawResult$ProductType;
1198:             1             32  [Lorg.spec.jbb.sm.inventory.InventoryType;
1199:             1             32  [Lorg.spec.jbb.util.PropertyCompliance;
1200:             1             32  [Lsun.security.provider.NativePRNG$Variant; (java.base)
1201:             2             32  com.sun.proxy.jdk.proxy1.$Proxy13 (jdk.proxy1)
1202:             2             32  com.sun.xml.bind.v2.model.impl.ModelBuilder$1
1203:             2             32  com.sun.xml.bind.v2.model.impl.TypeInfoSetImpl$1
1204:             2             32  com.sun.xml.bind.v2.runtime.IllegalAnnotationsException$Builder
1205:             1             32  java.io.UnixFileSystem (java.base)
1206:             2             32  java.lang.ClassValue$Identity (java.base)
1207:             1             32  java.lang.Module$ArchivedData (java.base)
1208:             2             32  java.lang.Shutdown$Lock (java.base)
1209:             2             32  java.nio.ByteOrder (java.base)
1210:             1             32  java.security.MessageDigest$Delegate$CloneableDelegate (java.base)
1211:             1             32  java.text.DontCareFieldPosition (java.base)
1212:             1             32  java.util.Formatter (java.base)
1213:             1             32  java.util.ImmutableCollections$ListItr (java.base)
1214:             1             32  java.util.LinkedHashMap$LinkedKeyIterator (java.base)
1215:             2             32  java.util.ResourceBundle$SingleFormatControl (java.base)
1216:             1             32  java.util.concurrent.CountDownLatch$Sync (java.base)
1217:             1             32  java.util.concurrent.FutureTask (java.base)
1218:             1             32  java.util.concurrent.ThreadLocalRandom (java.base)
1219:             1             32  java.util.concurrent.atomic.LongAdder (java.base)
1220:             1             32  java.util.concurrent.locks.AbstractQueuedSynchronizer$SharedNode (java.base)
1221:             1             32  java.util.concurrent.locks.ReentrantLock$FairSync (java.base)
1222:             2             32  java.util.logging.ErrorManager (java.logging)
1223:             1             32  java.util.logging.LogManager$SystemLoggerContext (java.logging)
1224:             2             32  java.util.regex.Pattern$CharPredicate$$Lambda$97/0x00000008002dd318 (java.base)
1225:             1             32  java.util.zip.ZipCoder$UTF8ZipCoder (java.base)
1226:             1             32  javax.management.ObjectName (java.management)
1227:             2             32  javax.xml.bind.DatatypeConverterImpl
1228:             1             32  jdk.internal.loader.ArchivedClassLoaders (java.base)
1229:             1             32  jdk.internal.loader.URLClassPath$1 (java.base)
1230:             1             32  jdk.internal.org.objectweb.asm.ConstantDynamic (java.base)
1231:             1             32  jdk.internal.org.objectweb.asm.Handle (java.base)
1232:             1             32  jdk.internal.reflect.UnsafeQualifiedDoubleFieldAccessorImpl (java.base)
1233:             1             32  jdk.net.ExtendedSocketOptions$1 (jdk.net)
1234:             2             32  jdk.proxy2.$Proxy16 (jdk.proxy2)
1235:             1             32  joptsimple.NonOptionArgumentSpec
1236:             1             32  joptsimple.OptionSet
1237:             1             32  org.eclipse.jetty.util.DateCache
1238:             2             32  org.glassfish.grizzly.memory.Buffers$BuffersAppender
1239:             1             32  org.spec.jbb.Launcher$BackendRunner
1240:             2             32  org.spec.jbb.core.collections.ConcurrentHashMultiSet$EntrySet
1241:             2             32  org.spec.jbb.core.collections.ConcurrentMultiMap
1242:             2             32  org.spec.jbb.core.comm.AbstractResponse$JAXBAdapter
1243:             1             32  org.spec.jbb.core.comm.Interconnect$Registry
1244:             1             32  org.spec.jbb.core.comm.connectivity.GrizzlyNioProvider
1245:             1             32  org.spec.jbb.core.objectpool.PerKeyQueuePool
1246:             1             32  org.spec.jbb.core.onlinepurchase.ProductReviewScoreBuckets
1247:             2             32  org.spec.jbb.hq.db.Storage$2$1
1248:             2             32  org.spec.jbb.hq.tx.request.GetSuggestedAdvertisementRequest
1249:             2             32  org.spec.jbb.hq.tx.response.SuggestedAdvertisementResponse
1250:             1             32  org.spec.jbb.infra.Group
1251:             1             32  org.spec.jbb.infra.TransferLogsSenderAgent
1252:             2             32  org.spec.jbb.infra.heartbeat.HeartbeatMessage
1253:             2             32  org.spec.jbb.infra.request.StateChangeRequest
1254:             1             32  org.spec.jbb.infra.snapshot.InMemorySnapshotManager
1255:             2             32  org.spec.jbb.infra.states.RunningState
1256:             1             32  org.spec.jbb.sm.ReceiptBuilder$Source
1257:             2             32  org.spec.jbb.sm.SM$1
1258:             2             32  org.spec.jbb.sm.advertisement.Advertisements
1259:             2             32  org.spec.jbb.sm.tx.request.AdvertisementIssueRequest
1260:             2             32  org.spec.jbb.sm.tx.request.DiscountIssueRequest
1261:             2             32  org.spec.jbb.sm.tx.response.AdvertisementIssueResponse
1262:             2             32  org.spec.jbb.sm.tx.response.DiscountIssueResponse
1263:             1             32  org.spec.jbb.util.JbbProperties$4
1264:             2             32  org.spec.jbb.util.JbbProperties$5
1265:             1             32  org.spec.jbb.util.JbbPropertiesParser
1266:             2             32  sun.nio.ch.SocketDispatcher (java.base)
1267:             1             32  sun.nio.fs.LinuxFileSystem (java.base)
1268:             2             32  sun.security.provider.FileInputStreamPool$UnclosableInputStream (java.base)
1269:             2             32  sun.security.provider.NativePRNG (java.base)
1270:             1             32  sun.security.provider.SecureRandom (java.base)
1271:             1             32  sun.security.util.KnownOIDs$1 (java.base)
1272:             1             32  sun.security.util.KnownOIDs$10 (java.base)
1273:             1             32  sun.security.util.KnownOIDs$2 (java.base)
1274:             1             32  sun.security.util.KnownOIDs$3 (java.base)
1275:             1             32  sun.security.util.KnownOIDs$4 (java.base)
1276:             1             32  sun.security.util.KnownOIDs$5 (java.base)
1277:             1             32  sun.security.util.KnownOIDs$6 (java.base)
1278:             1             32  sun.security.util.KnownOIDs$7 (java.base)
1279:             1             32  sun.security.util.KnownOIDs$8 (java.base)
1280:             1             32  sun.security.util.KnownOIDs$9 (java.base)
1281:             2             32  sun.util.resources.LocaleData (java.base)
1282:             1             24  [Ljava.io.File$PathStatus; (java.base)
1283:             1             24  [Ljava.lang.ClassValue$Entry; (java.base)
1284:             1             24  [Ljava.lang.invoke.MethodHandles$Lookup$ClassOption; (java.base)
1285:             1             24  [Ljava.net.InetAddress; (java.base)
1286:             1             24  [Ljava.nio.file.LinkOption; (java.base)
1287:             1             24  [Ljava.util.Locale$Category; (java.base)
1288:             1             24  [Ljavax.xml.bind.annotation.XmlAccessOrder;
1289:             1             24  [Lorg.glassfish.grizzly.filterchain.FilterChainContext$State;
1290:             1             24  [Lorg.spec.jbb.core.comm.transport.TransportType$CompressionType;
1291:             1             24  [Lorg.spec.jbb.core.locks.LockManagerType;
1292:             1             24  [Lorg.spec.jbb.core.scheduler.DelayType;
1293:             1             24  [Lorg.spec.jbb.infra.AgentType;
1294:             1             24  [Lorg.spec.jbb.infra.TransferLogsAgent$TransferFileType;
1295:             1             24  [Lorg.spec.jbb.infra.rtprocess.ResponseTimeProcessType;
1296:             1             24  [Lorg.spec.jbb.sm.advertisement.AdvertisementAgentType;
1297:             1             24  com.sun.management.internal.PlatformMBeanProviderImpl$1 (jdk.management)
1298:             1             24  com.sun.management.internal.PlatformMBeanProviderImpl$2 (jdk.management)
1299:             1             24  com.sun.management.internal.PlatformMBeanProviderImpl$3 (jdk.management)
1300:             1             24  com.sun.management.internal.PlatformMBeanProviderImpl$4 (jdk.management)
1301:             1             24  com.sun.management.internal.PlatformMBeanProviderImpl$5 (jdk.management)
1302:             1             24  com.sun.xml.bind.v2.model.annotation.XmlAttributeQuick
1303:             1             24  com.sun.xml.bind.v2.model.annotation.XmlElementDeclQuick
1304:             1             24  com.sun.xml.bind.v2.model.annotation.XmlElementQuick
1305:             1             24  com.sun.xml.bind.v2.model.annotation.XmlElementRefQuick
1306:             1             24  com.sun.xml.bind.v2.model.annotation.XmlElementRefsQuick
1307:             1             24  com.sun.xml.bind.v2.model.annotation.XmlEnumQuick
1308:             1             24  com.sun.xml.bind.v2.model.annotation.XmlRootElementQuick
1309:             1             24  com.sun.xml.bind.v2.model.annotation.XmlSchemaQuick
1310:             1             24  com.sun.xml.bind.v2.model.annotation.XmlSchemaTypeQuick
1311:             1             24  com.sun.xml.bind.v2.model.annotation.XmlTransientQuick
1312:             1             24  com.sun.xml.bind.v2.model.annotation.XmlTypeQuick
1313:             1             24  com.sun.xml.bind.v2.model.annotation.XmlValueQuick
1314:             1             24  com.sun.xml.bind.v2.model.impl.RuntimeAnyTypeImpl
1315:             1             24  com.sun.xml.bind.v2.model.impl.RuntimeBuiltinLeafInfoImpl$10
1316:             1             24  com.sun.xml.bind.v2.model.impl.RuntimeBuiltinLeafInfoImpl$11
1317:             1             24  com.sun.xml.bind.v2.model.impl.RuntimeBuiltinLeafInfoImpl$12
1318:             1             24  com.sun.xml.bind.v2.model.impl.RuntimeBuiltinLeafInfoImpl$13
1319:             1             24  com.sun.xml.bind.v2.model.impl.RuntimeBuiltinLeafInfoImpl$14
1320:             1             24  com.sun.xml.bind.v2.model.impl.RuntimeBuiltinLeafInfoImpl$15
1321:             1             24  com.sun.xml.bind.v2.model.impl.RuntimeBuiltinLeafInfoImpl$16
1322:             1             24  com.sun.xml.bind.v2.model.impl.RuntimeBuiltinLeafInfoImpl$17
1323:             1             24  com.sun.xml.bind.v2.model.impl.RuntimeBuiltinLeafInfoImpl$18
1324:             1             24  com.sun.xml.bind.v2.model.impl.RuntimeBuiltinLeafInfoImpl$19
1325:             1             24  com.sun.xml.bind.v2.model.impl.RuntimeBuiltinLeafInfoImpl$2
1326:             1             24  com.sun.xml.bind.v2.model.impl.RuntimeBuiltinLeafInfoImpl$20
1327:             1             24  com.sun.xml.bind.v2.model.impl.RuntimeBuiltinLeafInfoImpl$21
1328:             1             24  com.sun.xml.bind.v2.model.impl.RuntimeBuiltinLeafInfoImpl$22
1329:             1             24  com.sun.xml.bind.v2.model.impl.RuntimeBuiltinLeafInfoImpl$23
1330:             1             24  com.sun.xml.bind.v2.model.impl.RuntimeBuiltinLeafInfoImpl$24
1331:             1             24  com.sun.xml.bind.v2.model.impl.RuntimeBuiltinLeafInfoImpl$26
1332:             1             24  com.sun.xml.bind.v2.model.impl.RuntimeBuiltinLeafInfoImpl$27
1333:             1             24  com.sun.xml.bind.v2.model.impl.RuntimeBuiltinLeafInfoImpl$3
1334:             1             24  com.sun.xml.bind.v2.model.impl.RuntimeBuiltinLeafInfoImpl$4
1335:             1             24  com.sun.xml.bind.v2.model.impl.RuntimeBuiltinLeafInfoImpl$5
1336:             1             24  com.sun.xml.bind.v2.model.impl.RuntimeBuiltinLeafInfoImpl$6
1337:             1             24  com.sun.xml.bind.v2.model.impl.RuntimeBuiltinLeafInfoImpl$7
1338:             1             24  com.sun.xml.bind.v2.model.impl.RuntimeBuiltinLeafInfoImpl$8
1339:             1             24  com.sun.xml.bind.v2.model.impl.RuntimeBuiltinLeafInfoImpl$9
1340:             1             24  com.sun.xml.bind.v2.model.impl.RuntimeBuiltinLeafInfoImpl$StringImplImpl
1341:             1             24  com.sun.xml.bind.v2.model.impl.RuntimeBuiltinLeafInfoImpl$UUIDImpl
1342:             1             24  com.sun.xml.bind.v2.runtime.unmarshaller.DomLoader
1343:             1             24  java.lang.invoke.MethodType$ConcurrentWeakInternSet (java.base)
1344:             1             24  java.lang.invoke.VarHandle$TypesAndInvokers (java.base)
1345:             1             24  java.lang.invoke.VarHandleByteArrayAsInts$ArrayHandle (java.base)
1346:             1             24  java.lang.invoke.VarHandleByteArrayAsLongs$ArrayHandle (java.base)
1347:             1             24  java.lang.invoke.VarHandles$1 (java.base)
1348:             1             24  java.lang.management.DefaultPlatformMBeanProvider$1 (java.management)
1349:             1             24  java.lang.management.DefaultPlatformMBeanProvider$10 (java.management)
1350:             1             24  java.lang.management.DefaultPlatformMBeanProvider$11 (java.management)
1351:             1             24  java.lang.management.DefaultPlatformMBeanProvider$2 (java.management)
1352:             1             24  java.lang.management.DefaultPlatformMBeanProvider$3 (java.management)
1353:             1             24  java.lang.management.DefaultPlatformMBeanProvider$4 (java.management)
1354:             1             24  java.lang.management.DefaultPlatformMBeanProvider$5 (java.management)
1355:             1             24  java.lang.management.DefaultPlatformMBeanProvider$6 (java.management)
1356:             1             24  java.lang.management.DefaultPlatformMBeanProvider$7 (java.management)
1357:             1             24  java.lang.management.DefaultPlatformMBeanProvider$8 (java.management)
1358:             1             24  java.lang.management.DefaultPlatformMBeanProvider$9 (java.management)
1359:             1             24  java.lang.reflect.Proxy$1 (java.base)
1360:             1             24  java.net.Inet6AddressImpl (java.base)
1361:             1             24  java.nio.file.LinkOption (java.base)
1362:             1             24  java.time.Clock$SystemClock (java.base)
1363:             1             24  java.util.Collections$EmptyMap (java.base)
1364:             1             24  java.util.Collections$SynchronizedCollection (java.base)
1365:             1             24  java.util.Collections$SynchronizedSet (java.base)
1366:             1             24  java.util.Collections$UnmodifiableCollection$1 (java.base)
1367:             1             24  java.util.Locale$Cache (java.base)
1368:             1             24  java.util.OptionalInt (java.base)
1369:             1             24  java.util.ResourceBundle$Control$CandidateListCache (java.base)
1370:             1             24  java.util.concurrent.ConcurrentSkipListMap$Index (java.base)
1371:             1             24  java.util.concurrent.CopyOnWriteArrayList$COWIterator (java.base)
1372:             1             24  java.util.concurrent.Executors$DefaultThreadFactory (java.base)
1373:             1             24  java.util.concurrent.LinkedBlockingQueue$Node (java.base)
1374:             1             24  java.util.logging.LogManager$LoggerContext (java.logging)
1375:             1             24  java.util.regex.Pattern$Dollar (java.base)
1376:             1             24  javax.crypto.CryptoPermissions (java.base)
1377:             1             24  javax.xml.bind.JAXBPermission
1378:             1             24  jdk.internal.logger.BootstrapLogger$RedirectedLoggers (java.base)
1379:             1             24  jdk.internal.module.ModuleBootstrap$SafeModuleFinder (java.base)
1380:             1             24  jdk.internal.ref.CleanerImpl (java.base)
1381:             1             24  jdk.management.jfr.internal.FlightRecorderMXBeanProvider$SingleMBeanComponent (jdk.management.jfr)
1382:             1             24  joptsimple.internal.MethodInvokingValueConverter
1383:             1             24  org.eclipse.jetty.util.DateCache$Tick
1384:             1             24  org.eclipse.jetty.util.Uptime$DefaultImpl
1385:             1             24  org.glassfish.grizzly.attributes.DefaultAttributeBuilder
1386:             1             24  org.glassfish.grizzly.memory.AbstractMemoryManager$1
1387:             1             24  org.glassfish.grizzly.memory.Buffers$1
1388:             1             24  org.glassfish.grizzly.memory.HeapMemoryManager
1389:             1             24  org.glassfish.grizzly.nio.DefaultSelectorHandler
1390:             1             24  org.spec.jbb.core.cache.HardReferenceCache
1391:             1             24  org.spec.jbb.core.comm.connectivity.ConnectivityFactory
1392:             1             24  org.spec.jbb.core.comm.connectivity.grizzlynio.ConnectionFactory
1393:             1             24  org.spec.jbb.core.objectpool.PerKeyQueuePool$SealableSet
1394:             1             24  org.spec.jbb.core.threadpools.Tiers
1395:             1             24  org.spec.jbb.hq.HQ$1
1396:             1             24  org.spec.jbb.hq.db.DataMiningManager
1397:             1             24  org.spec.jbb.infra.BackendAgent$1
1398:             1             24  org.spec.jbb.infra.BackendDescription
1399:             1             24  org.spec.jbb.infra.validation.ValidationBackendAgent
1400:             1             24  org.spec.jbb.util.JbbProperties
1401:             1             24  sun.management.RuntimeImpl (java.management)
1402:             1             24  sun.management.VMManagementImpl (java.management)
1403:             1             24  sun.net.sdp.SdpProvider (java.base)
1404:             1             24  sun.net.www.protocol.http.Handler (java.base)
1405:             1             24  sun.nio.ch.Util$BufferCache (java.base)
1406:             1             24  sun.nio.cs.ISO_8859_1 (java.base)
1407:             1             24  sun.nio.cs.StandardCharsets (java.base)
1408:             1             24  sun.nio.cs.US_ASCII (java.base)
1409:             1             24  sun.nio.cs.UTF_16 (java.base)
1410:             1             24  sun.nio.cs.UTF_16BE (java.base)
1411:             1             24  sun.nio.cs.UTF_16LE (java.base)
1412:             1             24  sun.nio.cs.UTF_8 (java.base)
1413:             1             24  sun.util.cldr.CLDRCalendarDataProviderImpl (java.base)
1414:             1             24  sun.util.cldr.CLDRTimeZoneNameProviderImpl (java.base)
1415:             1             24  sun.util.locale.BaseLocale$Cache (java.base)
1416:             1             24  sun.util.locale.provider.CalendarProviderImpl (java.base)
1417:             1             24  sun.util.locale.provider.DateFormatSymbolsProviderImpl (java.base)
1418:             1             24  sun.util.locale.provider.DecimalFormatSymbolsProviderImpl (java.base)
1419:             1             24  sun.util.locale.provider.NumberFormatProviderImpl (java.base)
1420:             1             24  sun.util.locale.provider.TimeZoneNameProviderImpl (java.base)
1421:             1             16  [Ljava.beans.EventSetDescriptor; (java.desktop)
1422:             1             16  [Ljava.lang.Enum; (java.base)
1423:             1             16  [Ljava.lang.Throwable; (java.base)
1424:             1             16  [Ljava.lang.constant.Constable; (java.base)
1425:             1             16  [Ljava.nio.file.attribute.FileAttribute; (java.base)
1426:             1             16  [Ljava.security.Provider; (java.base)
1427:             1             16  [Ljava.security.cert.Certificate; (java.base)
1428:             1             16  [Ljava.text.FieldPosition; (java.base)
1429:             1             16  [Ljavax.management.ObjectName$Property; (java.management)
1430:             1             16  com.sun.management.internal.PlatformMBeanProviderImpl (jdk.management)
1431:             1             16  com.sun.management.internal.PlatformMBeanProviderImpl$$Lambda$62/0x00000008001552a0 (jdk.management)
1432:             1             16  com.sun.org.apache.xerces.internal.jaxp.datatype.DatatypeFactoryImpl (java.xml)
1433:             1             16  com.sun.xml.bind.AccessorFactoryImpl
1434:             1             16  com.sun.xml.bind.DatatypeConverterImpl
1435:             1             16  com.sun.xml.bind.api.impl.NameConverter$1
1436:             1             16  com.sun.xml.bind.api.impl.NameConverter$2
1437:             1             16  com.sun.xml.bind.api.impl.NameConverter$Standard
1438:             1             16  com.sun.xml.bind.marshaller.MinimumEscapeHandler
1439:             1             16  com.sun.xml.bind.v2.ClassFactory$1
1440:             1             16  com.sun.xml.bind.v2.model.nav.ReflectionNavigator
1441:             1             16  com.sun.xml.bind.v2.model.nav.ReflectionNavigator$1
1442:             1             16  com.sun.xml.bind.v2.model.nav.ReflectionNavigator$2
1443:             1             16  com.sun.xml.bind.v2.model.nav.ReflectionNavigator$6
1444:             1             16  com.sun.xml.bind.v2.runtime.JAXBContextImpl$6
1445:             1             16  com.sun.xml.bind.v2.runtime.output.NamespaceContextImpl$1
1446:             1             16  com.sun.xml.bind.v2.runtime.reflect.Accessor$1
1447:             1             16  com.sun.xml.bind.v2.runtime.reflect.Accessor$2
1448:             1             16  com.sun.xml.bind.v2.runtime.reflect.Lister$1
1449:             1             16  com.sun.xml.bind.v2.runtime.reflect.Lister$2
1450:             1             16  com.sun.xml.bind.v2.runtime.reflect.Lister$ArrayLister
1451:             1             16  com.sun.xml.bind.v2.runtime.reflect.PrimitiveArrayListerBoolean
1452:             1             16  com.sun.xml.bind.v2.runtime.reflect.PrimitiveArrayListerByte
1453:             1             16  com.sun.xml.bind.v2.runtime.reflect.PrimitiveArrayListerCharacter
1454:             1             16  com.sun.xml.bind.v2.runtime.reflect.PrimitiveArrayListerDouble
1455:             1             16  com.sun.xml.bind.v2.runtime.reflect.PrimitiveArrayListerFloat
1456:             1             16  com.sun.xml.bind.v2.runtime.reflect.PrimitiveArrayListerInteger
1457:             1             16  com.sun.xml.bind.v2.runtime.reflect.PrimitiveArrayListerLong
1458:             1             16  com.sun.xml.bind.v2.runtime.reflect.PrimitiveArrayListerShort
1459:             1             16  java.beans.Introspector$1 (java.desktop)
1460:             1             16  java.io.FileDescriptor$1 (java.base)
1461:             1             16  java.io.FilePermission$1 (java.base)
1462:             1             16  java.io.ObjectInputFilter$Config$$Lambda$84/0x000000080027bbb8 (java.base)
1463:             1             16  java.io.ObjectInputFilter$Config$$Lambda$85/0x000000080027bfd8 (java.base)
1464:             1             16  java.io.ObjectInputStream$$Lambda$82/0x000000080027a1d0 (java.base)
1465:             1             16  java.io.ObjectInputStream$$Lambda$83/0x000000080027a5f0 (java.base)
1466:             1             16  java.io.RandomAccessFile$2 (java.base)
1467:             1             16  java.lang.ApplicationShutdownHooks$1 (java.base)
1468:             1             16  java.lang.CharacterData00 (java.base)
1469:             1             16  java.lang.CharacterDataLatin1 (java.base)
1470:             1             16  java.lang.Class$$Lambda$31/0x00000008000e93c0 (java.base)
1471:             1             16  java.lang.Module$$Lambda$73/0x0000000800166ae8 (java.base)
1472:             1             16  java.lang.Runtime (java.base)
1473:             1             16  java.lang.String$CaseInsensitiveComparator (java.base)
1474:             1             16  java.lang.System$2 (java.base)
1475:             1             16  java.lang.Terminator$1 (java.base)
1476:             1             16  java.lang.constant.DynamicConstantDesc$$Lambda$88/0x00000008002ceda8 (java.base)
1477:             1             16  java.lang.constant.DynamicConstantDesc$$Lambda$89/0x00000008002cefe8 (java.base)
1478:             1             16  java.lang.constant.DynamicConstantDesc$$Lambda$90/0x00000008002cf228 (java.base)
1479:             1             16  java.lang.constant.DynamicConstantDesc$$Lambda$91/0x00000008002cf468 (java.base)
1480:             1             16  java.lang.constant.DynamicConstantDesc$$Lambda$92/0x00000008002cf6a8 (java.base)
1481:             1             16  java.lang.constant.DynamicConstantDesc$$Lambda$93/0x00000008002cf8e8 (java.base)
1482:             1             16  java.lang.invoke.ClassSpecializer$1 (java.base)
1483:             1             16  java.lang.invoke.MemberName$Factory (java.base)
1484:             1             16  java.lang.invoke.MethodHandleImpl$1 (java.base)
1485:             1             16  java.lang.invoke.StringConcatFactory$1 (java.base)
1486:             1             16  java.lang.invoke.StringConcatFactory$2 (java.base)
1487:             1             16  java.lang.invoke.StringConcatFactory$3 (java.base)
1488:             1             16  java.lang.invoke.VarHandle$1 (java.base)
1489:             1             16  java.lang.invoke.VarHandleByteArrayAsInts$ArrayHandle$$Lambda$86/0x00000008002cb400 (java.base)
1490:             1             16  java.lang.invoke.VarHandleByteArrayAsLongs$ArrayHandle$$Lambda$87/0x00000008002cbd68 (java.base)
1491:             1             16  java.lang.management.DefaultPlatformMBeanProvider (java.management)
1492:             1             16  java.lang.management.ManagementFactory$$Lambda$61/0x00000008001531e8 (java.management)
1493:             1             16  java.lang.module.ModuleDescriptor$1 (java.base)
1494:             1             16  java.lang.module.ModuleDescriptor$Builder$$Lambda$72/0x0000000800166190 (java.base)
1495:             1             16  java.lang.ref.Cleaner (java.base)
1496:             1             16  java.lang.ref.Cleaner$1 (java.base)
1497:             1             16  java.lang.ref.Reference$1 (java.base)
1498:             1             16  java.lang.reflect.Proxy$$Lambda$70/0x0000000800165348 (java.base)
1499:             1             16  java.lang.reflect.Proxy$$Lambda$80/0x00000008001730a8 (java.base)
1500:             1             16  java.lang.reflect.Proxy$ProxyBuilder$$Lambda$71/0x0000000800165f60 (java.base)
1501:             1             16  java.lang.reflect.ProxyGenerator$$Lambda$76/0x0000000800167aa0 (java.base)
1502:             1             16  java.lang.reflect.ProxyGenerator$$Lambda$77/0x0000000800167ce0 (java.base)
1503:             1             16  java.lang.reflect.ReflectAccess (java.base)
1504:             1             16  java.net.InetAddress$1 (java.base)
1505:             1             16  java.net.InetAddress$PlatformNameService (java.base)
1506:             1             16  java.net.SocketImpl$$Lambda$56/0x0000000800145750 (java.base)
1507:             1             16  java.net.URI$1 (java.base)
1508:             1             16  java.net.URL$3 (java.base)
1509:             1             16  java.net.URL$DefaultFactory (java.base)
1510:             1             16  java.nio.Bits$1 (java.base)
1511:             1             16  java.nio.Buffer$1 (java.base)
1512:             1             16  java.nio.channels.spi.SelectorProvider$Holder$$Lambda$52/0x00000008000b2f50 (java.base)
1513:             1             16  java.nio.file.Files$$Lambda$8/0x0000000800019068 (java.base)
1514:             1             16  java.nio.file.Files$AcceptAllFilter (java.base)
1515:             1             16  java.security.AllPermission (java.base)
1516:             1             16  java.security.AllPermissionCollection (java.base)
1517:             1             16  java.security.ProtectionDomain$JavaSecurityAccessImpl (java.base)
1518:             1             16  java.text.DecimalFormatSymbols$$Lambda$44/0x00000008000fdd00 (java.base)
1519:             1             16  java.text.DontCareFieldPosition$1 (java.base)
1520:             1             16  java.util.Collections$EmptyEnumeration (java.base)
1521:             1             16  java.util.Collections$EmptyIterator (java.base)
1522:             1             16  java.util.Collections$EmptyList (java.base)
1523:             1             16  java.util.Collections$EmptySet (java.base)
1524:             1             16  java.util.EnumMap$1 (java.base)
1525:             1             16  java.util.IdentityHashMap$Values (java.base)
1526:             1             16  java.util.LinkedHashSet (java.base)
1527:             1             16  java.util.Locale$Builder (java.base)
1528:             1             16  java.util.ResourceBundle$1 (java.base)
1529:             1             16  java.util.ResourceBundle$Control (java.base)
1530:             1             16  java.util.Spliterators$EmptySpliterator$OfDouble (java.base)
1531:             1             16  java.util.Spliterators$EmptySpliterator$OfInt (java.base)
1532:             1             16  java.util.Spliterators$EmptySpliterator$OfLong (java.base)
1533:             1             16  java.util.Spliterators$EmptySpliterator$OfRef (java.base)
1534:             1             16  java.util.concurrent.ConcurrentLinkedQueue$$Lambda$54/0x00000008000ba8a0 (java.base)
1535:             1             16  java.util.concurrent.ConcurrentSkipListMap$KeySet (java.base)
1536:             1             16  java.util.concurrent.ConcurrentSkipListSet (java.base)
1537:             1             16  java.util.concurrent.CountDownLatch (java.base)
1538:             1             16  java.util.concurrent.Executors$FinalizableDelegatedExecutorService (java.base)
1539:             1             16  java.util.concurrent.ForkJoinPool$DefaultCommonPoolForkJoinWorkerThreadFactory (java.base)
1540:             1             16  java.util.concurrent.ForkJoinPool$DefaultForkJoinWorkerThreadFactory (java.base)
1541:             1             16  java.util.concurrent.ThreadPoolExecutor$AbortPolicy (java.base)
1542:             1             16  java.util.jar.JavaUtilJarAccessImpl (java.base)
1543:             1             16  java.util.logging.Level$$Lambda$28/0x00000008000dded0 (java.logging)
1544:             1             16  java.util.logging.Level$$Lambda$40/0x00000008000f1830 (java.logging)
1545:             1             16  java.util.logging.Level$KnownLevel$$Lambda$26/0x00000008000d53f8 (java.logging)
1546:             1             16  java.util.logging.Level$KnownLevel$$Lambda$27/0x00000008000d5638 (java.logging)
1547:             1             16  java.util.logging.Level$KnownLevel$$Lambda$29/0x00000008000de388 (java.logging)
1548:             1             16  java.util.logging.LogManager$CloseOnReset (java.logging)
1549:             1             16  java.util.logging.LogManager$LoggingProviderAccess (java.logging)
1550:             1             16  java.util.logging.LogManager$VisitedLoggers (java.logging)
1551:             1             16  java.util.logging.SimpleFormatter (java.logging)
1552:             1             16  java.util.logging.SimpleFormatter$$Lambda$30/0x00000008000e5338 (java.logging)
1553:             1             16  java.util.regex.CharPredicates$$Lambda$41/0x00000008000f24e0 (java.base)
1554:             1             16  java.util.regex.Pattern$$Lambda$39/0x00000008000f1170 (java.base)
1555:             1             16  java.util.regex.Pattern$Begin (java.base)
1556:             1             16  java.util.regex.Pattern$LastNode (java.base)
1557:             1             16  java.util.regex.Pattern$Node (java.base)
1558:             1             16  java.util.stream.Collectors$$Lambda$12/0x000000080000a1b0 (java.base)
1559:             1             16  java.util.stream.Collectors$$Lambda$13/0x000000080000a980 (java.base)
1560:             1             16  java.util.stream.Collectors$$Lambda$14/0x000000080000afb0 (java.base)
1561:             1             16  java.util.stream.Collectors$$Lambda$15/0x000000080000b1f8 (java.base)
1562:             1             16  java.util.stream.Collectors$$Lambda$33/0x00000008000e9a38 (java.base)
1563:             1             16  java.util.stream.Collectors$$Lambda$34/0x00000008000e9c68 (java.base)
1564:             1             16  java.util.stream.Collectors$$Lambda$35/0x00000008000e9eb0 (java.base)
1565:             1             16  java.util.stream.Collectors$$Lambda$67/0x000000080015c050 (java.base)
1566:             1             16  java.util.stream.Collectors$$Lambda$68/0x000000080015c270 (java.base)
1567:             1             16  java.util.stream.Collectors$$Lambda$69/0x000000080015c4a0 (java.base)
1568:             1             16  java.util.stream.FindOps$FindSink$OfInt$$Lambda$45/0x00000008000ff298 (java.base)
1569:             1             16  java.util.stream.FindOps$FindSink$OfInt$$Lambda$46/0x00000008000ff4e8 (java.base)
1570:             1             16  java.util.stream.FindOps$FindSink$OfInt$$Lambda$47/0x00000008000ff708 (java.base)
1571:             1             16  java.util.stream.FindOps$FindSink$OfInt$$Lambda$48/0x00000008000ff958 (java.base)
1572:             1             16  java.util.stream.FindOps$FindSink$OfRef$$Lambda$22/0x0000000800007830 (java.base)
1573:             1             16  java.util.stream.FindOps$FindSink$OfRef$$Lambda$23/0x0000000800007a80 (java.base)
1574:             1             16  java.util.stream.FindOps$FindSink$OfRef$$Lambda$24/0x0000000800007ca0 (java.base)
1575:             1             16  java.util.stream.FindOps$FindSink$OfRef$$Lambda$25/0x00000008000c0000 (java.base)
1576:             1             16  java.util.zip.ZipFile$1 (java.base)
1577:             1             16  javax.crypto.CryptoAllPermissionCollection (java.base)
1578:             1             16  javax.crypto.JceSecurity$IdentityWrapper (java.base)
1579:             1             16  javax.xml.bind.ContextFinder$1
1580:             1             16  javax.xml.bind.annotation.W3CDomHandler
1581:             1             16  jdk.internal.math.FloatingDecimal$1 (java.base)
1582:             1             16  jdk.internal.misc.ScopedMemoryAccess (java.base)
1583:             1             16  jdk.internal.misc.TerminatingThreadLocal$1 (java.base)
1584:             1             16  jdk.internal.misc.Unsafe (java.base)
1585:             1             16  jdk.internal.module.DefaultRoots$$Lambda$17/0x000000080000ef10 (java.base)
1586:             1             16  jdk.internal.module.DefaultRoots$$Lambda$18/0x000000080000f160 (java.base)
1587:             1             16  jdk.internal.module.DefaultRoots$$Lambda$20/0x000000080000f5f8 (java.base)
1588:             1             16  jdk.internal.module.DefaultRoots$$Lambda$21/0x000000080000fa40 (java.base)
1589:             1             16  jdk.internal.module.ModulePatcher (java.base)
1590:             1             16  jdk.internal.module.ModulePath$$Lambda$11/0x0000000800008738 (java.base)
1591:             1             16  jdk.internal.perf.Perf (java.base)
1592:             1             16  jdk.internal.reflect.GeneratedConstructorAccessor1
1593:             1             16  jdk.internal.reflect.GeneratedConstructorAccessor10 (java.base)
1594:             1             16  jdk.internal.reflect.GeneratedConstructorAccessor2
1595:             1             16  jdk.internal.reflect.GeneratedConstructorAccessor3
1596:             1             16  jdk.internal.reflect.GeneratedConstructorAccessor4
1597:             1             16  jdk.internal.reflect.GeneratedConstructorAccessor5
1598:             1             16  jdk.internal.reflect.GeneratedConstructorAccessor6
1599:             1             16  jdk.internal.reflect.GeneratedConstructorAccessor7
1600:             1             16  jdk.internal.reflect.GeneratedConstructorAccessor8
1601:             1             16  jdk.internal.reflect.GeneratedConstructorAccessor9
1602:             1             16  jdk.internal.reflect.GeneratedMethodAccessor1
1603:             1             16  jdk.internal.reflect.GeneratedMethodAccessor10 (java.base)
1604:             1             16  jdk.internal.reflect.GeneratedMethodAccessor11 (java.base)
1605:             1             16  jdk.internal.reflect.GeneratedMethodAccessor12 (java.base)
1606:             1             16  jdk.internal.reflect.GeneratedMethodAccessor13 (java.base)
1607:             1             16  jdk.internal.reflect.GeneratedMethodAccessor14 (java.base)
1608:             1             16  jdk.internal.reflect.GeneratedMethodAccessor15 (java.base)
1609:             1             16  jdk.internal.reflect.GeneratedMethodAccessor16 (java.base)
1610:             1             16  jdk.internal.reflect.GeneratedMethodAccessor17 (java.base)
1611:             1             16  jdk.internal.reflect.GeneratedMethodAccessor18 (java.base)
1612:             1             16  jdk.internal.reflect.GeneratedMethodAccessor19 (java.base)
1613:             1             16  jdk.internal.reflect.GeneratedMethodAccessor2
1614:             1             16  jdk.internal.reflect.GeneratedMethodAccessor20 (java.base)
1615:             1             16  jdk.internal.reflect.GeneratedMethodAccessor21
1616:             1             16  jdk.internal.reflect.GeneratedMethodAccessor22 (java.base)
1617:             1             16  jdk.internal.reflect.GeneratedMethodAccessor23
1618:             1             16  jdk.internal.reflect.GeneratedMethodAccessor24 (java.base)
1619:             1             16  jdk.internal.reflect.GeneratedMethodAccessor25 (java.base)
1620:             1             16  jdk.internal.reflect.GeneratedMethodAccessor26
1621:             1             16  jdk.internal.reflect.GeneratedMethodAccessor27 (java.base)
1622:             1             16  jdk.internal.reflect.GeneratedMethodAccessor28 (java.base)
1623:             1             16  jdk.internal.reflect.GeneratedMethodAccessor29 (java.base)
1624:             1             16  jdk.internal.reflect.GeneratedMethodAccessor3 (java.base)
1625:             1             16  jdk.internal.reflect.GeneratedMethodAccessor30 (java.base)
1626:             1             16  jdk.internal.reflect.GeneratedMethodAccessor31
1627:             1             16  jdk.internal.reflect.GeneratedMethodAccessor32 (java.base)
1628:             1             16  jdk.internal.reflect.GeneratedMethodAccessor33 (java.base)
1629:             1             16  jdk.internal.reflect.GeneratedMethodAccessor4
1630:             1             16  jdk.internal.reflect.GeneratedMethodAccessor5
1631:             1             16  jdk.internal.reflect.GeneratedMethodAccessor6
1632:             1             16  jdk.internal.reflect.GeneratedMethodAccessor7
1633:             1             16  jdk.internal.reflect.GeneratedMethodAccessor8
1634:             1             16  jdk.internal.reflect.GeneratedMethodAccessor9
1635:             1             16  jdk.internal.reflect.GeneratedSerializationConstructorAccessor1
1636:             1             16  jdk.internal.reflect.GeneratedSerializationConstructorAccessor10
1637:             1             16  jdk.internal.reflect.GeneratedSerializationConstructorAccessor100 (java.base)
1638:             1             16  jdk.internal.reflect.GeneratedSerializationConstructorAccessor101 (java.base)
1639:             1             16  jdk.internal.reflect.GeneratedSerializationConstructorAccessor102 (java.base)
1640:             1             16  jdk.internal.reflect.GeneratedSerializationConstructorAccessor103 (java.base)
1641:             1             16  jdk.internal.reflect.GeneratedSerializationConstructorAccessor104
1642:             1             16  jdk.internal.reflect.GeneratedSerializationConstructorAccessor105 (java.base)
1643:             1             16  jdk.internal.reflect.GeneratedSerializationConstructorAccessor106 (java.base)
1644:             1             16  jdk.internal.reflect.GeneratedSerializationConstructorAccessor107
1645:             1             16  jdk.internal.reflect.GeneratedSerializationConstructorAccessor108
1646:             1             16  jdk.internal.reflect.GeneratedSerializationConstructorAccessor109
1647:             1             16  jdk.internal.reflect.GeneratedSerializationConstructorAccessor11
1648:             1             16  jdk.internal.reflect.GeneratedSerializationConstructorAccessor110
1649:             1             16  jdk.internal.reflect.GeneratedSerializationConstructorAccessor111
1650:             1             16  jdk.internal.reflect.GeneratedSerializationConstructorAccessor112
1651:             1             16  jdk.internal.reflect.GeneratedSerializationConstructorAccessor113
1652:             1             16  jdk.internal.reflect.GeneratedSerializationConstructorAccessor114
1653:             1             16  jdk.internal.reflect.GeneratedSerializationConstructorAccessor115
1654:             1             16  jdk.internal.reflect.GeneratedSerializationConstructorAccessor116 (java.base)
1655:             1             16  jdk.internal.reflect.GeneratedSerializationConstructorAccessor117
1656:             1             16  jdk.internal.reflect.GeneratedSerializationConstructorAccessor118
1657:             1             16  jdk.internal.reflect.GeneratedSerializationConstructorAccessor119
1658:             1             16  jdk.internal.reflect.GeneratedSerializationConstructorAccessor12 (java.base)
1659:             1             16  jdk.internal.reflect.GeneratedSerializationConstructorAccessor120
1660:             1             16  jdk.internal.reflect.GeneratedSerializationConstructorAccessor121
1661:             1             16  jdk.internal.reflect.GeneratedSerializationConstructorAccessor122
1662:             1             16  jdk.internal.reflect.GeneratedSerializationConstructorAccessor123
1663:             1             16  jdk.internal.reflect.GeneratedSerializationConstructorAccessor124
1664:             1             16  jdk.internal.reflect.GeneratedSerializationConstructorAccessor125
1665:             1             16  jdk.internal.reflect.GeneratedSerializationConstructorAccessor126
1666:             1             16  jdk.internal.reflect.GeneratedSerializationConstructorAccessor127
1667:             1             16  jdk.internal.reflect.GeneratedSerializationConstructorAccessor128
1668:             1             16  jdk.internal.reflect.GeneratedSerializationConstructorAccessor129
1669:             1             16  jdk.internal.reflect.GeneratedSerializationConstructorAccessor13
1670:             1             16  jdk.internal.reflect.GeneratedSerializationConstructorAccessor130
1671:             1             16  jdk.internal.reflect.GeneratedSerializationConstructorAccessor131
1672:             1             16  jdk.internal.reflect.GeneratedSerializationConstructorAccessor132
1673:             1             16  jdk.internal.reflect.GeneratedSerializationConstructorAccessor133
1674:             1             16  jdk.internal.reflect.GeneratedSerializationConstructorAccessor134
1675:             1             16  jdk.internal.reflect.GeneratedSerializationConstructorAccessor135
1676:             1             16  jdk.internal.reflect.GeneratedSerializationConstructorAccessor136
1677:             1             16  jdk.internal.reflect.GeneratedSerializationConstructorAccessor137
1678:             1             16  jdk.internal.reflect.GeneratedSerializationConstructorAccessor138
1679:             1             16  jdk.internal.reflect.GeneratedSerializationConstructorAccessor139
1680:             1             16  jdk.internal.reflect.GeneratedSerializationConstructorAccessor14
1681:             1             16  jdk.internal.reflect.GeneratedSerializationConstructorAccessor140
1682:             1             16  jdk.internal.reflect.GeneratedSerializationConstructorAccessor141
1683:             1             16  jdk.internal.reflect.GeneratedSerializationConstructorAccessor142
1684:             1             16  jdk.internal.reflect.GeneratedSerializationConstructorAccessor143
1685:             1             16  jdk.internal.reflect.GeneratedSerializationConstructorAccessor144 (java.base)
1686:             1             16  jdk.internal.reflect.GeneratedSerializationConstructorAccessor145
1687:             1             16  jdk.internal.reflect.GeneratedSerializationConstructorAccessor146
1688:             1             16  jdk.internal.reflect.GeneratedSerializationConstructorAccessor147
1689:             1             16  jdk.internal.reflect.GeneratedSerializationConstructorAccessor148
1690:             1             16  jdk.internal.reflect.GeneratedSerializationConstructorAccessor149
1691:             1             16  jdk.internal.reflect.GeneratedSerializationConstructorAccessor15
1692:             1             16  jdk.internal.reflect.GeneratedSerializationConstructorAccessor150
1693:             1             16  jdk.internal.reflect.GeneratedSerializationConstructorAccessor151
1694:             1             16  jdk.internal.reflect.GeneratedSerializationConstructorAccessor152 (java.base)
1695:             1             16  jdk.internal.reflect.GeneratedSerializationConstructorAccessor153 (java.base)
1696:             1             16  jdk.internal.reflect.GeneratedSerializationConstructorAccessor154 (java.base)
1697:             1             16  jdk.internal.reflect.GeneratedSerializationConstructorAccessor155 (java.base)
1698:             1             16  jdk.internal.reflect.GeneratedSerializationConstructorAccessor156
1699:             1             16  jdk.internal.reflect.GeneratedSerializationConstructorAccessor157
1700:             1             16  jdk.internal.reflect.GeneratedSerializationConstructorAccessor158
1701:             1             16  jdk.internal.reflect.GeneratedSerializationConstructorAccessor159 (java.base)
1702:             1             16  jdk.internal.reflect.GeneratedSerializationConstructorAccessor16
1703:             1             16  jdk.internal.reflect.GeneratedSerializationConstructorAccessor160
1704:             1             16  jdk.internal.reflect.GeneratedSerializationConstructorAccessor161
1705:             1             16  jdk.internal.reflect.GeneratedSerializationConstructorAccessor162 (java.base)
1706:             1             16  jdk.internal.reflect.GeneratedSerializationConstructorAccessor163
1707:             1             16  jdk.internal.reflect.GeneratedSerializationConstructorAccessor164
1708:             1             16  jdk.internal.reflect.GeneratedSerializationConstructorAccessor165 (java.base)
1709:             1             16  jdk.internal.reflect.GeneratedSerializationConstructorAccessor166 (java.base)
1710:             1             16  jdk.internal.reflect.GeneratedSerializationConstructorAccessor167 (java.base)
1711:             1             16  jdk.internal.reflect.GeneratedSerializationConstructorAccessor168
1712:             1             16  jdk.internal.reflect.GeneratedSerializationConstructorAccessor169
1713:             1             16  jdk.internal.reflect.GeneratedSerializationConstructorAccessor17
1714:             1             16  jdk.internal.reflect.GeneratedSerializationConstructorAccessor170
1715:             1             16  jdk.internal.reflect.GeneratedSerializationConstructorAccessor171 (java.base)
1716:             1             16  jdk.internal.reflect.GeneratedSerializationConstructorAccessor172
1717:             1             16  jdk.internal.reflect.GeneratedSerializationConstructorAccessor173
1718:             1             16  jdk.internal.reflect.GeneratedSerializationConstructorAccessor174
1719:             1             16  jdk.internal.reflect.GeneratedSerializationConstructorAccessor175 (java.base)
1720:             1             16  jdk.internal.reflect.GeneratedSerializationConstructorAccessor176 (java.base)
1721:             1             16  jdk.internal.reflect.GeneratedSerializationConstructorAccessor177 (java.base)
1722:             1             16  jdk.internal.reflect.GeneratedSerializationConstructorAccessor178
1723:             1             16  jdk.internal.reflect.GeneratedSerializationConstructorAccessor179
1724:             1             16  jdk.internal.reflect.GeneratedSerializationConstructorAccessor18
1725:             1             16  jdk.internal.reflect.GeneratedSerializationConstructorAccessor180
1726:             1             16  jdk.internal.reflect.GeneratedSerializationConstructorAccessor181
1727:             1             16  jdk.internal.reflect.GeneratedSerializationConstructorAccessor182
1728:             1             16  jdk.internal.reflect.GeneratedSerializationConstructorAccessor183
1729:             1             16  jdk.internal.reflect.GeneratedSerializationConstructorAccessor184
1730:             1             16  jdk.internal.reflect.GeneratedSerializationConstructorAccessor185
1731:             1             16  jdk.internal.reflect.GeneratedSerializationConstructorAccessor186
1732:             1             16  jdk.internal.reflect.GeneratedSerializationConstructorAccessor187
1733:             1             16  jdk.internal.reflect.GeneratedSerializationConstructorAccessor188
1734:             1             16  jdk.internal.reflect.GeneratedSerializationConstructorAccessor189
1735:             1             16  jdk.internal.reflect.GeneratedSerializationConstructorAccessor19
1736:             1             16  jdk.internal.reflect.GeneratedSerializationConstructorAccessor190
1737:             1             16  jdk.internal.reflect.GeneratedSerializationConstructorAccessor191 (java.base)
1738:             1             16  jdk.internal.reflect.GeneratedSerializationConstructorAccessor192
1739:             1             16  jdk.internal.reflect.GeneratedSerializationConstructorAccessor193
1740:             1             16  jdk.internal.reflect.GeneratedSerializationConstructorAccessor194
1741:             1             16  jdk.internal.reflect.GeneratedSerializationConstructorAccessor195
1742:             1             16  jdk.internal.reflect.GeneratedSerializationConstructorAccessor196
1743:             1             16  jdk.internal.reflect.GeneratedSerializationConstructorAccessor197
1744:             1             16  jdk.internal.reflect.GeneratedSerializationConstructorAccessor198
1745:             1             16  jdk.internal.reflect.GeneratedSerializationConstructorAccessor199
1746:             1             16  jdk.internal.reflect.GeneratedSerializationConstructorAccessor2
1747:             1             16  jdk.internal.reflect.GeneratedSerializationConstructorAccessor20
1748:             1             16  jdk.internal.reflect.GeneratedSerializationConstructorAccessor200
1749:             1             16  jdk.internal.reflect.GeneratedSerializationConstructorAccessor201
1750:             1             16  jdk.internal.reflect.GeneratedSerializationConstructorAccessor202
1751:             1             16  jdk.internal.reflect.GeneratedSerializationConstructorAccessor203
1752:             1             16  jdk.internal.reflect.GeneratedSerializationConstructorAccessor204
1753:             1             16  jdk.internal.reflect.GeneratedSerializationConstructorAccessor21
1754:             1             16  jdk.internal.reflect.GeneratedSerializationConstructorAccessor22
1755:             1             16  jdk.internal.reflect.GeneratedSerializationConstructorAccessor23 (java.base)
1756:             1             16  jdk.internal.reflect.GeneratedSerializationConstructorAccessor24
1757:             1             16  jdk.internal.reflect.GeneratedSerializationConstructorAccessor25
1758:             1             16  jdk.internal.reflect.GeneratedSerializationConstructorAccessor26
1759:             1             16  jdk.internal.reflect.GeneratedSerializationConstructorAccessor27 (java.base)
1760:             1             16  jdk.internal.reflect.GeneratedSerializationConstructorAccessor28 (java.base)
1761:             1             16  jdk.internal.reflect.GeneratedSerializationConstructorAccessor29 (java.base)
1762:             1             16  jdk.internal.reflect.GeneratedSerializationConstructorAccessor3 (java.base)
1763:             1             16  jdk.internal.reflect.GeneratedSerializationConstructorAccessor30
1764:             1             16  jdk.internal.reflect.GeneratedSerializationConstructorAccessor31
1765:             1             16  jdk.internal.reflect.GeneratedSerializationConstructorAccessor32
1766:             1             16  jdk.internal.reflect.GeneratedSerializationConstructorAccessor33
1767:             1             16  jdk.internal.reflect.GeneratedSerializationConstructorAccessor34
1768:             1             16  jdk.internal.reflect.GeneratedSerializationConstructorAccessor35
1769:             1             16  jdk.internal.reflect.GeneratedSerializationConstructorAccessor36 (java.base)
1770:             1             16  jdk.internal.reflect.GeneratedSerializationConstructorAccessor37
1771:             1             16  jdk.internal.reflect.GeneratedSerializationConstructorAccessor38
1772:             1             16  jdk.internal.reflect.GeneratedSerializationConstructorAccessor39 (java.base)
1773:             1             16  jdk.internal.reflect.GeneratedSerializationConstructorAccessor4
1774:             1             16  jdk.internal.reflect.GeneratedSerializationConstructorAccessor40
1775:             1             16  jdk.internal.reflect.GeneratedSerializationConstructorAccessor41
1776:             1             16  jdk.internal.reflect.GeneratedSerializationConstructorAccessor42
1777:             1             16  jdk.internal.reflect.GeneratedSerializationConstructorAccessor43
1778:             1             16  jdk.internal.reflect.GeneratedSerializationConstructorAccessor44
1779:             1             16  jdk.internal.reflect.GeneratedSerializationConstructorAccessor45
1780:             1             16  jdk.internal.reflect.GeneratedSerializationConstructorAccessor46 (java.base)
1781:             1             16  jdk.internal.reflect.GeneratedSerializationConstructorAccessor47
1782:             1             16  jdk.internal.reflect.GeneratedSerializationConstructorAccessor48 (java.base)
1783:             1             16  jdk.internal.reflect.GeneratedSerializationConstructorAccessor49
1784:             1             16  jdk.internal.reflect.GeneratedSerializationConstructorAccessor5
1785:             1             16  jdk.internal.reflect.GeneratedSerializationConstructorAccessor50
1786:             1             16  jdk.internal.reflect.GeneratedSerializationConstructorAccessor51
1787:             1             16  jdk.internal.reflect.GeneratedSerializationConstructorAccessor52 (java.base)
1788:             1             16  jdk.internal.reflect.GeneratedSerializationConstructorAccessor53
1789:             1             16  jdk.internal.reflect.GeneratedSerializationConstructorAccessor54
1790:             1             16  jdk.internal.reflect.GeneratedSerializationConstructorAccessor55
1791:             1             16  jdk.internal.reflect.GeneratedSerializationConstructorAccessor56
1792:             1             16  jdk.internal.reflect.GeneratedSerializationConstructorAccessor57
1793:             1             16  jdk.internal.reflect.GeneratedSerializationConstructorAccessor58
1794:             1             16  jdk.internal.reflect.GeneratedSerializationConstructorAccessor59 (java.base)
1795:             1             16  jdk.internal.reflect.GeneratedSerializationConstructorAccessor6 (java.base)
1796:             1             16  jdk.internal.reflect.GeneratedSerializationConstructorAccessor60 (java.base)
1797:             1             16  jdk.internal.reflect.GeneratedSerializationConstructorAccessor61
1798:             1             16  jdk.internal.reflect.GeneratedSerializationConstructorAccessor62 (java.base)
1799:             1             16  jdk.internal.reflect.GeneratedSerializationConstructorAccessor63
1800:             1             16  jdk.internal.reflect.GeneratedSerializationConstructorAccessor64
1801:             1             16  jdk.internal.reflect.GeneratedSerializationConstructorAccessor65
1802:             1             16  jdk.internal.reflect.GeneratedSerializationConstructorAccessor66
1803:             1             16  jdk.internal.reflect.GeneratedSerializationConstructorAccessor67
1804:             1             16  jdk.internal.reflect.GeneratedSerializationConstructorAccessor68
1805:             1             16  jdk.internal.reflect.GeneratedSerializationConstructorAccessor69
1806:             1             16  jdk.internal.reflect.GeneratedSerializationConstructorAccessor7 (java.base)
1807:             1             16  jdk.internal.reflect.GeneratedSerializationConstructorAccessor70
1808:             1             16  jdk.internal.reflect.GeneratedSerializationConstructorAccessor71
1809:             1             16  jdk.internal.reflect.GeneratedSerializationConstructorAccessor72
1810:             1             16  jdk.internal.reflect.GeneratedSerializationConstructorAccessor73
1811:             1             16  jdk.internal.reflect.GeneratedSerializationConstructorAccessor74
1812:             1             16  jdk.internal.reflect.GeneratedSerializationConstructorAccessor75
1813:             1             16  jdk.internal.reflect.GeneratedSerializationConstructorAccessor76 (java.base)
1814:             1             16  jdk.internal.reflect.GeneratedSerializationConstructorAccessor77
1815:             1             16  jdk.internal.reflect.GeneratedSerializationConstructorAccessor78
1816:             1             16  jdk.internal.reflect.GeneratedSerializationConstructorAccessor79
1817:             1             16  jdk.internal.reflect.GeneratedSerializationConstructorAccessor8 (java.base)
1818:             1             16  jdk.internal.reflect.GeneratedSerializationConstructorAccessor80
1819:             1             16  jdk.internal.reflect.GeneratedSerializationConstructorAccessor81
1820:             1             16  jdk.internal.reflect.GeneratedSerializationConstructorAccessor82
1821:             1             16  jdk.internal.reflect.GeneratedSerializationConstructorAccessor83
1822:             1             16  jdk.internal.reflect.GeneratedSerializationConstructorAccessor84
1823:             1             16  jdk.internal.reflect.GeneratedSerializationConstructorAccessor85
1824:             1             16  jdk.internal.reflect.GeneratedSerializationConstructorAccessor86
1825:             1             16  jdk.internal.reflect.GeneratedSerializationConstructorAccessor87
1826:             1             16  jdk.internal.reflect.GeneratedSerializationConstructorAccessor88
1827:             1             16  jdk.internal.reflect.GeneratedSerializationConstructorAccessor89
1828:             1             16  jdk.internal.reflect.GeneratedSerializationConstructorAccessor9
1829:             1             16  jdk.internal.reflect.GeneratedSerializationConstructorAccessor90
1830:             1             16  jdk.internal.reflect.GeneratedSerializationConstructorAccessor91
1831:             1             16  jdk.internal.reflect.GeneratedSerializationConstructorAccessor92
1832:             1             16  jdk.internal.reflect.GeneratedSerializationConstructorAccessor93
1833:             1             16  jdk.internal.reflect.GeneratedSerializationConstructorAccessor94
1834:             1             16  jdk.internal.reflect.GeneratedSerializationConstructorAccessor95
1835:             1             16  jdk.internal.reflect.GeneratedSerializationConstructorAccessor96 (java.base)
1836:             1             16  jdk.internal.reflect.GeneratedSerializationConstructorAccessor97 (java.base)
1837:             1             16  jdk.internal.reflect.GeneratedSerializationConstructorAccessor98 (java.base)
1838:             1             16  jdk.internal.reflect.GeneratedSerializationConstructorAccessor99 (java.base)
1839:             1             16  jdk.internal.reflect.ReflectionFactory (java.base)
1840:             1             16  jdk.net.LinuxSocketOptions (jdk.net)
1841:             1             16  jdk.proxy1.$Proxy0 (jdk.proxy1)
1842:             1             16  jdk.proxy1.$Proxy6 (jdk.proxy1)
1843:             1             16  jdk.xml.internal.SecuritySupport$$Lambda$103/0x00000008002ea950 (java.xml)
1844:             1             16  joptsimple.OptionParserState$2
1845:             1             16  org.eclipse.jetty.util.Uptime
1846:             1             16  org.glassfish.grizzly.Context$NullProcessor
1847:             1             16  org.glassfish.grizzly.Writer$Reentrant$1
1848:             1             16  org.glassfish.grizzly.filterchain.ExecutorResolver$1
1849:             1             16  org.glassfish.grizzly.filterchain.ExecutorResolver$2
1850:             1             16  org.glassfish.grizzly.filterchain.ExecutorResolver$3
1851:             1             16  org.glassfish.grizzly.filterchain.ExecutorResolver$4
1852:             1             16  org.glassfish.grizzly.filterchain.ExecutorResolver$5
1853:             1             16  org.glassfish.grizzly.filterchain.ExecutorResolver$6
1854:             1             16  org.glassfish.grizzly.filterchain.ExecutorResolver$7
1855:             1             16  org.glassfish.grizzly.filterchain.ExecutorResolver$8
1856:             1             16  org.glassfish.grizzly.filterchain.ExecutorResolver$9
1857:             1             16  org.glassfish.grizzly.filterchain.RerunFilterAction
1858:             1             16  org.glassfish.grizzly.filterchain.SuspendAction
1859:             1             16  org.glassfish.grizzly.filterchain.TransportFilter$FlushEvent
1860:             1             16  org.glassfish.grizzly.http.server.RequestExecutorProvider$WorkerThreadProvider
1861:             1             16  org.glassfish.grizzly.nio.DefaultSelectionKeyHandler
1862:             1             16  org.glassfish.grizzly.nio.transport.TCPNIOTransport$DefaultChannelConfigurator
1863:             1             16  org.glassfish.grizzly.strategies.AbstractIOStrategy$EnableInterestLifeCycleListener
1864:             1             16  org.glassfish.grizzly.strategies.WorkerThreadIOStrategy
1865:             1             16  org.glassfish.grizzly.threadpool.AbstractThreadPool$1
1866:             1             16  org.glassfish.grizzly.threadpool.AbstractThreadPool$2
1867:             1             16  org.glassfish.grizzly.utils.CompletionHandlerAdapter$1
1868:             1             16  org.spec.jbb.Launcher
1869:             1             16  org.spec.jbb.core.collections.CollectionUtils$EmptyMix
1870:             1             16  org.spec.jbb.core.collections.ConcurrentHashMultiSet$ElementSet
1871:             1             16  org.spec.jbb.core.collections.ListMix$Tick$TickComparator
1872:             1             16  org.spec.jbb.core.comm.connectivity.GrizzlyHttpProvider
1873:             1             16  org.spec.jbb.core.comm.policy.MaxThroughputPolicy
1874:             1             16  org.spec.jbb.core.comm.policy.MaxXmlPolicy$1
1875:             1             16  org.spec.jbb.core.comm.policy.NPESafePolicy
1876:             1             16  org.spec.jbb.core.onlinepurchase.ProductReviewScoreBuckets$1
1877:             1             16  org.spec.jbb.core.spi.SpiFactory$1
1878:             1             16  org.spec.jbb.core.threadpools.SettableFuture$1
1879:             1             16  org.spec.jbb.hq.db.Storage$1
1880:             1             16  org.spec.jbb.hq.db.Storage$2
1881:             1             16  org.spec.jbb.hq.db.Storage$3
1882:             1             16  org.spec.jbb.hq.db.Storage$4
1883:             1             16  org.spec.jbb.hq.tx.SupermarketAudit$1
1884:             1             16  org.spec.jbb.infra.AbstractAgent$1
1885:             1             16  org.spec.jbb.infra.IterationStatus$Tick$TimeComparator
1886:             1             16  org.spec.jbb.infra.TransferLogsSenderAgent$SenderTask
1887:             1             16  org.spec.jbb.infra.heartbeat.HeartbeatWatchdog$Barker
1888:             1             16  org.spec.jbb.infra.heartbeat.HeartbeatWatchdog$Checker
1889:             1             16  org.spec.jbb.infra.states.InitState
1890:             1             16  org.spec.jbb.infra.states.TerminatedState
1891:             1             16  org.spec.jbb.infra.txinjector.TxInjectorPerfromanceDataCollector$2
1892:             1             16  org.spec.jbb.infra.txinjector.TxInjectorPerfromanceDataCollector$3
1893:             1             16  org.spec.jbb.reporter.RawResult$RawLine$1
1894:             1             16  org.spec.jbb.sm.inventory.InventoryTest$1
1895:             1             16  org.spec.jbb.sm.inventory.InventoryTest$2
1896:             1             16  org.spec.jbb.sm.tx.request.AdvertisementRemoveRequest
1897:             1             16  org.spec.jbb.util.JbbProperties$1
1898:             1             16  org.spec.jbb.util.JbbProperties$2
1899:             1             16  org.spec.jbb.util.OptFormatter
1900:             1             16  org.spec.jbb.util.RandomData
1901:             1             16  sun.misc.Unsafe (jdk.unsupported)
1902:             1             16  sun.net.www.protocol.file.Handler (java.base)
1903:             1             16  sun.net.www.protocol.jar.Handler (java.base)
1904:             1             16  sun.net.www.protocol.jar.JarFileFactory (java.base)
1905:             1             16  sun.nio.ch.DefaultSelectorProvider$$Lambda$53/0x00000008000b3828 (java.base)
1906:             1             16  sun.nio.ch.EPollSelectorProvider (java.base)
1907:             1             16  sun.nio.ch.ExtendedSocketOption$1 (java.base)
1908:             1             16  sun.nio.ch.Net$1 (java.base)
1909:             1             16  sun.nio.ch.Util$1 (java.base)
1910:             1             16  sun.nio.fs.LinuxFileSystemProvider (java.base)
1911:             1             16  sun.nio.fs.NativeBuffers$1 (java.base)
1912:             1             16  sun.reflect.generics.tree.IntSignature (java.base)
1913:             1             16  sun.reflect.generics.tree.LongSignature (java.base)
1914:             1             16  sun.reflect.generics.tree.VoidDescriptor (java.base)
1915:             1             16  sun.security.jca.ProviderConfig$ProviderLoader (java.base)
1916:             1             16  sun.security.util.ArrayUtil$$Lambda$98/0x00000008002e3710 (java.base)
1917:             1             16  sun.security.util.ByteArrayLexOrder (java.base)
1918:             1             16  sun.security.util.ByteArrayTagOrder (java.base)
1919:             1             16  sun.util.calendar.Gregorian (java.base)
1920:             1             16  sun.util.cldr.CLDRBaseLocaleDataMetaInfo (java.base)
1921:             1             16  sun.util.locale.InternalLocaleBuilder$CaseInsensitiveChar (java.base)
1922:             1             16  sun.util.locale.provider.CalendarDataUtility$CalendarWeekParameterGetter (java.base)
1923:             1             16  sun.util.locale.provider.TimeZoneNameUtility$TimeZoneNameGetter (java.base)
1924:             1             16  sun.util.resources.LocaleData$LocaleDataStrategy (java.base)
1925:             1             16  sun.util.resources.cldr.provider.CLDRLocaleDataMetaInfo (jdk.localedata)
Total      64616966     3432362888
