 num     #instances         #bytes  class name (module)
-------------------------------------------------------
   1:       1146072      504171664  [B (java.base)
   2:       6827202      218470464  java.util.HashMap$Node (java.base)
   3:       8035925      192862200  java.lang.Long (java.base)
   4:       3002278       96072896  org.spec.jbb.hq.entity.ReceiptLine
   5:       1862807       74512280  java.math.BigDecimal (java.base)
   6:        392652       67571240  [Ljava.util.HashMap$Node; (java.base)
   7:       1274088       40770816  java.util.concurrent.ConcurrentHashMap$Node (java.base)
   8:        299979       30718408  [Ljava.lang.Object; (java.base)
   9:       1138767       27330408  java.lang.String (java.base)
  10:        395189       18969072  java.util.HashMap (java.base)
  11:        368179       14727160  java.math.BigInteger (java.base)
  12:         12189       12779672  [Ljava.util.concurrent.ConcurrentHashMap$Node; (java.base)
  13:        241188       11577024  org.spec.jbb.hq.entity.Product
  14:        346254       11080128  java.util.concurrent.locks.ReentrantLock$NonfairSync (java.base)
  15:        237284        9491360  java.lang.ref.SoftReference (java.base)
  16:        369814        9032368  [I (java.base)
  17:        200000        6400000  org.spec.jbb.sm.inventory.LockedRandomBarcodeInventory$QuantityInfo
  18:        346255        5540080  java.util.concurrent.locks.ReentrantLock (java.base)
  19:        343076        5489216  java.util.HashSet (java.base)
  20:        165786        5305152  java.util.PriorityQueue (java.base)
  21:         77216        4941824  java.util.concurrent.ConcurrentHashMap (java.base)
  22:        203940        4894560  org.spec.jbb.core.collections.HashMultiSet$Entry
  23:        203618        4886832  java.util.concurrent.atomic.AtomicLong (java.base)
  24:        100000        4800000  org.spec.jbb.hq.entity.CreditCard
  25:        100000        4000000  org.spec.jbb.hq.entity.Customer
  26:        221226        3539616  java.util.HashMap$KeySet (java.base)
  27:         50469        3230016  org.spec.jbb.hq.entity.Receipt
  28:        100000        3200000  org.spec.jbb.hq.entity.Address
  29:        100000        3200000  org.spec.jbb.sm.CustomerSelection$CustomerPosition
  30:         75688        3027520  org.spec.jbb.hq.entity.CustomerProfile
  31:         70354        2814160  org.spec.jbb.core.locks.SoftEntry
  32:        101361        2432664  java.util.concurrent.ConcurrentLinkedQueue$Node (java.base)
  33:         75698        1816752  org.spec.jbb.core.collections.Window
  34:         52452        1258848  java.util.ArrayList (java.base)
  35:         37835        1210720  org.spec.jbb.core.cache.BoundedWriteBackCache$CacheEntry
  36:         37870         908880  java.util.Date (java.base)
  37:         50517         808272  org.spec.jbb.core.collections.HashMultiMap
  38:         28995         695880  org.spec.jbb.core.collections.ConcurrentHashMultiSet$Entry
  39:         38832         621312  java.util.concurrent.atomic.AtomicInteger (java.base)
  40:         23459         563016  org.spec.jbb.sm.coupon.GenericCoupon
  41:          4709         561200  java.lang.Class (java.base)
  42:         32590         521440  org.spec.jbb.core.probe.EmptyProbe
  43:         32546         520736  java.util.concurrent.ConcurrentHashMap$EntrySetView (java.base)
  44:         14410         461120  org.spec.jbb.sm.coupon.SpecificCoupon
  45:         27133         434128  java.util.HashMap$EntrySet (java.base)
  46:         26971         431536  java.util.HashMap$Values (java.base)
  47:           345         358800  [Ljava.util.concurrent.ForkJoinTask; (java.base)
  48:          3578         314864  java.lang.reflect.Method (java.base)
  49:           661         259112  org.glassfish.grizzly.threadpool.DefaultWorkerThread
  50:          3953         158120  org.spec.jbb.sm.ShoppingCartItem
  51:          3753         150120  java.util.LinkedHashMap$Entry (java.base)
  52:           460         132568  [C (java.base)
  53:          1826         131472  java.lang.reflect.Field (java.base)
  54:          5327         127848  org.spec.jbb.infra.TransferLogsAgent$Frame
  55:          7529         120464  java.lang.Object (java.base)
  56:          5415         120080  [Ljava.lang.Class; (java.base)
  57:           345         104880  java.util.concurrent.ForkJoinPool$WorkQueue (java.base)
  58:          3752          90048  org.glassfish.grizzly.attributes.UnsafeAttributeHolder$Holder
  59:          1158          83376  java.lang.reflect.Constructor (java.base)
  60:          1986          79440  sun.util.locale.LocaleObjectCache$CacheEntry (java.base)
  61:           826          66080  [Ljava.lang.ThreadLocal$ThreadLocalMap$Entry; (java.base)
  62:           172          64672  java.util.concurrent.ForkJoinWorkerThread (java.base)
  63:          2286          54864  java.util.ArrayDeque (java.base)
  64:           565          54240  org.glassfish.grizzly.nio.SelectorRunner
  65:           595          47600  [Ljava.util.WeakHashMap$Entry; (java.base)
  66:           718          45952  java.lang.Class$ReflectionData (java.base)
  67:           565          45200  sun.nio.ch.EPollSelectorImpl (java.base)
  68:           938          45024  org.glassfish.grizzly.attributes.UnsafeAttributeHolder
  69:           740          41440  java.util.LinkedHashMap (java.base)
  70:           758          40416  [Ljava.nio.ByteBuffer; (java.base)
  71:           991          37072  [Ljava.lang.String; (java.base)
  72:           561          35904  org.spec.jbb.core.threadpools.ForkJoinBatchTask
  73:           699          33552  java.lang.invoke.MemberName (java.base)
  74:          1033          33056  java.lang.ThreadLocal$ThreadLocalMap$Entry (java.base)
  75:          1011          32352  java.util.Locale (java.base)
  76:          1010          32320  sun.util.locale.BaseLocale (java.base)
  77:          1340          32160  java.lang.Class$AnnotationData (java.base)
  78:           661          31728  org.glassfish.grizzly.memory.HeapMemoryManager$HeapBufferThreadLocalPool
  79:           991          31712  sun.util.locale.BaseLocale$Key (java.base)
  80:          1274          30576  java.util.concurrent.ConcurrentLinkedQueue (java.base)
  81:           595          28560  java.util.WeakHashMap (java.base)
  82:           235          28200  java.io.ObjectStreamClass (java.base)
  83:          1143          27432  org.spec.jbb.core.purchase.PurchaseItem
  84:           677          27080  java.io.ObjectStreamField (java.base)
  85:           778          24896  com.sun.xml.bind.v2.runtime.Name
  86:           277          24376  org.glassfish.grizzly.filterchain.FilterChainContext
  87:           604          24160  java.security.AccessControlContext (java.base)
  88:           279          23344  [Lcom.sun.xml.bind.v2.util.QNameMap$Entry;
  89:           189          22640  [Lorg.glassfish.grizzly.ThreadCache$ObjectCacheElement;
  90:           906          21744  javax.xml.namespace.QName (java.xml)
  91:           666          21312  com.sun.xml.bind.v2.util.QNameMap$Entry
  92:           332          21248  com.sun.xml.bind.v2.model.impl.RuntimeElementPropertyInfoImpl
  93:           651          20832  [Lorg.glassfish.grizzly.filterchain.DefaultFilterChain$FilterStateElement;
  94:           377          20600  [Ljava.lang.reflect.Method; (java.base)
  95:           634          20288  java.lang.ref.ReferenceQueue (java.base)
  96:           252          20160  com.sun.xml.bind.v2.model.impl.RuntimeClassInfoImpl
  97:           252          20160  com.sun.xml.bind.v2.runtime.ClassBeanInfoImpl
  98:           502          20080  java.lang.invoke.MethodType (java.base)
  99:           826          19824  java.lang.ThreadLocal$ThreadLocalMap (java.base)
 100:           247          19760  jdk.internal.reflect.DelegatingClassLoader (java.base)
 101:           565          18080  org.glassfish.grizzly.threadpool.FixedThreadPool$BasicWorker
 102:           318          17808  java.lang.Module (java.base)
 103:           505          16160  java.lang.invoke.MethodType$ConcurrentWeakInternSet$WeakEntry (java.base)
 104:           208          15808  [Ljava.lang.ref.SoftReference; (java.base)
 105:           641          15384  java.security.Provider$ServiceKey (java.base)
 106:           239          15296  java.security.Provider$Service (java.base)
 107:           955          15280  java.util.concurrent.atomic.AtomicReference (java.base)
 108:           938          15008  org.glassfish.grizzly.attributes.UnsafeAttributeHolder$IndexedAttributeAccessorImpl
 109:            28          14784  [Ljava.util.concurrent.atomic.AtomicLong; (java.base)
 110:           585          14040  java.util.concurrent.ConcurrentLinkedDeque$Node (java.base)
 111:           584          14016  com.sun.istack.FinalArrayList
 112:           576          13824  [Ljava.security.ProtectionDomain; (java.base)
 113:           570          13680  java.util.concurrent.ConcurrentHashMap$KeySetView (java.base)
 114:           566          13584  java.lang.invoke.ResolvedMethodName (java.base)
 115:           332          13280  com.sun.xml.bind.v2.model.impl.RuntimeTypeRefImpl
 116:           552          13248  java.util.concurrent.ConcurrentLinkedDeque (java.base)
 117:           552          13248  org.spec.jbb.core.objectpool.SimplePool
 118:           542          13120  [Ljava.lang.reflect.Constructor; (java.base)
 119:           398          12736  java.lang.invoke.LambdaForm$Name (java.base)
 120:           773          12368  java.lang.Integer (java.base)
 121:           511          12264  java.util.concurrent.LinkedBlockingDeque$Node (java.base)
 122:           511          12264  org.spec.jbb.core.objectpool.PerKeyQueuePool$LazyFactoryCall
 123:           252          12096  com.sun.xml.bind.v2.runtime.unmarshaller.StructureLoader
 124:            93          11904  org.glassfish.grizzly.nio.transport.TCPNIOConnection
 125:           290          11736  [J (java.base)
 126:           365          11680  java.lang.ref.WeakReference (java.base)
 127:           270          11616  [Lorg.spec.jbb.core.comm.Response;
 128:           469          11256  org.glassfish.grizzly.ThreadCache$ObjectCacheElement
 129:           277          11080  org.glassfish.grizzly.filterchain.InternalContextImpl
 130:           276          11040  java.security.ProtectionDomain (java.base)
 131:           341          10912  jdk.internal.math.FDBigInteger (java.base)
 132:           272          10880  java.security.CodeSource (java.base)
 133:           668          10688  java.util.concurrent.atomic.AtomicBoolean (java.base)
 134:           444          10656  java.util.ImmutableCollections$Set12 (java.base)
 135:           665          10640  org.glassfish.grizzly.ThreadCache$ObjectCache
 136:           436          10464  com.sun.xml.bind.v2.runtime.unmarshaller.ChildLoader
 137:            93          10416  sun.nio.ch.SocketChannelImpl (java.base)
 138:            28          10304  java.lang.Thread (java.base)
 139:           636          10176  java.lang.ref.ReferenceQueue$Lock (java.base)
 140:           126          10080  java.util.logging.LogRecord (java.logging)
 141:           279           9832  [Ljava.lang.reflect.Field; (java.base)
 142:           404           9696  java.lang.module.ModuleDescriptor$Exports (java.base)
 143:           580           9280  java.util.Collections$UnmodifiableSet (java.base)
 144:           190           9120  com.sun.xml.bind.v2.runtime.property.SingleElementNodeProperty
 145:           565           9040  java.nio.channels.spi.AbstractSelector$1 (java.base)
 146:           565           9040  sun.nio.ch.EventFD (java.base)
 147:           565           9040  sun.nio.ch.Util$2 (java.base)
 148:           279           8928  com.sun.xml.bind.v2.util.QNameMap
 149:           278           8896  org.glassfish.grizzly.filterchain.InvokeAction
 150:           370           8880  org.spec.jbb.core.comm.transport.TransportPipeline
 151:           277           8864  java.util.RegularEnumSet (java.base)
 152:           277           8864  org.glassfish.grizzly.filterchain.FilterChainContext$TransportContext
 153:           359           8616  sun.reflect.annotation.AnnotationInvocationHandler (java.base)
 154:           177           8496  java.util.logging.LogManager$LoggerWeakRef (java.logging)
 155:           260           8320  jdk.internal.reflect.UnsafeQualifiedStaticObjectFieldAccessorImpl (java.base)
 156:           259           8288  sun.security.util.KnownOIDs (java.base)
 157:           340           8160  java.util.Collections$UnmodifiableRandomAccessList (java.base)
 158:           336           8064  com.sun.xml.bind.v2.model.impl.RuntimeClassInfoImpl$RuntimePropertySeed
 159:           252           8064  com.sun.xml.bind.v2.runtime.LifecycleMethods
 160:           251           8032  jdk.internal.loader.NativeLibraries (java.base)
 161:           334           8016  com.sun.xml.bind.v2.model.impl.FieldPropertySeed
 162:           334           8016  com.sun.xml.bind.v2.runtime.reflect.Accessor$FieldReflection
 163:           500           8000  org.spec.jbb.hq.entity.Category
 164:           332           7968  com.sun.xml.bind.v2.model.impl.ElementPropertyInfoImpl$1
 165:           281           7960  [Ljava.io.ObjectStreamField; (java.base)
 166:           194           7760  org.glassfish.grizzly.asyncqueue.TaskQueue
 167:           480           7680  org.spec.jbb.core.tx.response.OkResponse
 168:           235           7520  java.io.ObjectStreamClass$WeakClassKey (java.base)
 169:           184           7360  org.spec.jbb.core.comm.transport.encryption.PooledJavaSecurityEncryptionLayer
 170:           224           7168  org.spec.jbb.core.sequencer.RangeSequencer
 171:           110           7040  java.net.URL (java.base)
 172:           278           6672  org.glassfish.grizzly.filterchain.StopAction
 173:           104           6656  java.nio.DirectByteBuffer (java.base)
 174:           277           6648  [Lorg.glassfish.grizzly.IOEventLifeCycleListener;
 175:           277           6648  org.glassfish.grizzly.Context$MinimalisticArrayList
 176:           204           6528  jdk.internal.reflect.UnsafeQualifiedStaticLongFieldAccessorImpl (java.base)
 177:           194           6208  java.net.InetAddress$InetAddressHolder (java.base)
 178:           372           5952  org.spec.jbb.core.comm.transport.EmptyLayer
 179:           252           5856  [Lcom.sun.xml.bind.v2.runtime.property.Property;
 180:           179           5728  java.lang.module.ModuleDescriptor$Requires (java.base)
 181:           234           5616  java.security.Provider$UString (java.base)
 182:            70           5600  java.net.URI (java.base)
 183:           224           5376  java.util.jar.Attributes$Name (java.base)
 184:           335           5360  java.util.LinkedHashMap$LinkedValues (java.base)
 185:           223           5352  java.io.ObjectStreamClass$ClassDataSlot (java.base)
 186:           219           5328  [Ljavax.xml.namespace.QName; (java.xml)
 187:           133           5320  org.spec.jbb.sm.entity.ShippingOrder
 188:           165           5280  org.spec.jbb.core.comm.Packet$Header
 189:            93           5208  org.glassfish.grizzly.asyncqueue.AsyncWriteQueueRecord
 190:            93           5208  org.glassfish.grizzly.asyncqueue.RecordWriteResult
 191:             5           5200  [Ljava.util.concurrent.ForkJoinPool$WorkQueue; (java.base)
 192:           130           5200  java.io.ObjectStreamClass$FieldReflector (java.base)
 193:           130           5200  java.io.ObjectStreamClass$FieldReflectorKey (java.base)
 194:            72           5184  org.spec.jbb.sm.tx.OnlinePurchaseTransaction
 195:           214           5136  com.sun.xml.bind.v2.runtime.property.TagAndType
 196:           212           5088  java.util.Collections$SingletonList (java.base)
 197:           159           5088  java.util.logging.LogManager$LogNode (java.logging)
 198:           210           5040  com.sun.xml.bind.v2.runtime.output.Encoded
 199:           157           5024  org.glassfish.grizzly.utils.ArraySet
 200:           157           5024  sun.security.pkcs11.SunPKCS11$Descriptor (jdk.crypto.cryptoki)
 201:           125           5000  java.io.FileDescriptor (java.base)
 202:            87           4872  java.util.logging.Logger (java.logging)
 203:           101           4848  org.spec.jbb.util.PositiveIntProperty
 204:           102           4840  [Ljava.lang.invoke.LambdaForm$Name; (java.base)
 205:           150           4800  java.lang.invoke.LambdaForm$NamedFunction (java.base)
 206:           118           4720  com.sun.xml.bind.v2.runtime.property.SingleElementLeafProperty
 207:           146           4672  java.lang.Package (java.base)
 208:            97           4656  java.lang.invoke.LambdaForm (java.base)
 209:           194           4656  java.net.InetSocketAddress$InetSocketAddressHolder (java.base)
 210:            97           4656  sun.nio.ch.SelectionKeyImpl (java.base)
 211:           145           4640  jdk.internal.reflect.NativeConstructorAccessorImpl (java.base)
 212:           193           4632  java.util.ImmutableCollections$List12 (java.base)
 213:            72           4608  java.lang.module.ModuleDescriptor (java.base)
 214:           190           4560  org.glassfish.grizzly.utils.Holder$3
 215:           188           4512  java.net.Inet4Address (java.base)
 216:            93           4464  [[Lorg.glassfish.grizzly.filterchain.DefaultFilterChain$FilterStateElement;
 217:            93           4464  sun.nio.ch.SocketAdaptor (java.base)
 218:           277           4432  org.glassfish.grizzly.filterchain.FilterChainContext$1
 219:           276           4416  [Ljava.security.Principal; (java.base)
 220:           276           4416  java.security.ProtectionDomain$Key (java.base)
 221:           184           4416  org.spec.jbb.core.comm.transport.encapsulation.PooledJAXBEncapsulationLayer
 222:           105           4200  org.spec.jbb.sm.ShoppingCart
 223:             3           4192  [Ljava.lang.Thread; (java.base)
 224:           256           4096  java.lang.Byte (java.base)
 225:           256           4096  java.lang.Short (java.base)
 226:           170           4080  jdk.internal.module.ServicesCatalog$ServiceProvider (java.base)
 227:           126           4032  com.sun.xml.bind.v2.runtime.unmarshaller.LeafPropertyXsiLoader
 228:           126           4032  java.lang.invoke.MethodTypeForm (java.base)
 229:           125           4000  java.lang.invoke.DirectMethodHandle (java.base)
 230:           165           3960  org.spec.jbb.core.comm.Packet
 231:            70           3920  jdk.internal.module.ModuleReferenceImpl (java.base)
 232:            96           3840  jdk.internal.ref.Cleaner (java.base)
 233:            96           3840  org.glassfish.grizzly.threadpool.SyncThreadPool$SyncThreadWorker
 234:            95           3800  org.glassfish.grizzly.nio.DirectByteBufferRecord
 235:           157           3768  java.util.concurrent.CopyOnWriteArrayList (java.base)
 236:           149           3576  sun.reflect.generics.tree.SimpleClassTypeSignature (java.base)
 237:            88           3520  java.util.logging.Logger$ConfigurationData (java.logging)
 238:           141           3496  [Ljava.io.ObjectStreamClass$ClassDataSlot; (java.base)
 239:           214           3424  jdk.internal.reflect.BootstrapConstructorAccessorImpl (java.base)
 240:           107           3424  org.spec.jbb.core.collections.HashMultiSet
 241:            34           3408  [Ljava.lang.invoke.MethodHandle; (java.base)
 242:           140           3360  java.util.ImmutableCollections$SetN (java.base)
 243:           100           3200  sun.nio.fs.UnixPath (java.base)
 244:           194           3104  java.net.InetSocketAddress (java.base)
 245:            97           3104  org.glassfish.grizzly.attributes.IndexedAttributeHolder
 246:            97           3104  sun.nio.ch.DummySocketImpl (java.base)
 247:           129           3096  java.time.Instant (java.base)
 248:            96           3072  java.nio.DirectByteBuffer$Deallocator (java.base)
 249:           128           3064  [Ljava.util.logging.Handler; (java.logging)
 250:           126           3024  com.sun.xml.bind.v2.runtime.unmarshaller.LeafPropertyLoader
 251:           186           2976  org.spec.jbb.core.comm.transport.encapsulation.JavaSerializationEncapsulationLayer
 252:           184           2944  javax.crypto.spec.IvParameterSpec (java.base)
 253:           184           2944  org.spec.jbb.core.comm.transport.compression.GZipCompressionLayer
 254:           184           2944  org.spec.jbb.core.comm.transport.encapsulation.PooledJAXBEncapsulationLayer$1
 255:           184           2944  org.spec.jbb.core.comm.transport.encapsulation.PooledJAXBEncapsulationLayer$2
 256:           184           2944  org.spec.jbb.core.comm.transport.encryption.PooledJavaSecurityEncryptionLayer$1
 257:            23           2944  sun.nio.fs.UnixFileAttributes (java.base)
 258:           122           2928  com.sun.xml.bind.v2.runtime.reflect.TransducedAccessor$CompositeTransducedAccessorImpl
 259:           149           2848  [Lsun.reflect.generics.tree.TypeArgument; (java.base)
 260:            10           2800  java.util.concurrent.ConcurrentHashMap$CounterCell (java.base)
 261:            56           2688  com.sun.xml.bind.v2.runtime.LeafBeanInfoImpl
 262:           112           2688  org.spec.jbb.core.tx.TransactionContext
 263:             3           2624  [[B (java.base)
 264:            24           2496  java.util.jar.JarFile$JarFileEntry (java.base)
 265:            52           2496  jdk.internal.ref.CleanerImpl$PhantomCleanableRef (java.base)
 266:           155           2480  jdk.internal.reflect.DelegatingConstructorAccessorImpl (java.base)
 267:           103           2472  [[C (java.base)
 268:            76           2432  org.spec.jbb.core.comm.connectivity.grizzlynio.proto.ProtocolDataUnit
 269:           149           2384  jdk.proxy2.$Proxy10 (jdk.proxy2)
 270:           149           2384  sun.reflect.generics.tree.ClassTypeSignature (java.base)
 271:            74           2368  org.spec.jbb.sm.entity.InStorePickupOrder
 272:             5           2360  [Lorg.glassfish.grizzly.nio.SelectorRunner;
 273:            97           2328  [Ljava.nio.channels.SelectionKey; (java.base)
 274:            97           2328  org.glassfish.grizzly.attributes.IndexedAttributeHolder$Snapshot
 275:            97           2328  org.glassfish.grizzly.nio.NIOConnection$ProcessorStatesMap
 276:            12           2280  [Z (java.base)
 277:            57           2280  java.lang.invoke.VarHandle$AccessDescriptor (java.base)
 278:            93           2232  org.glassfish.grizzly.nio.NIOConnection$ProcessorStatesMap$ProcessorState
 279:           137           2192  org.glassfish.grizzly.monitoring.DefaultMonitoringConfig
 280:            53           2120  java.util.EnumMap (java.base)
 281:            53           2120  sun.security.util.NamedCurve (java.base)
 282:            66           2112  java.lang.invoke.BoundMethodHandle$Species_L (java.base)
 283:            66           2112  java.lang.invoke.LambdaForm$Kind (java.base)
 284:            26           2080  org.glassfish.grizzly.threadpool.ThreadPoolConfig
 285:            86           2064  com.sun.xml.bind.v2.runtime.unmarshaller.XsiTypeLoader
 286:           128           2048  java.lang.Character (java.base)
 287:            62           1984  jdk.internal.loader.BuiltinClassLoader$LoadedModule (java.base)
 288:            49           1960  java.lang.invoke.DirectMethodHandle$Constructor (java.base)
 289:            49           1960  jdk.internal.math.FloatingDecimal$BinaryToASCIIBuffer (java.base)
 290:             5           1904  [Ljava.lang.Integer; (java.base)
 291:           119           1904  org.spec.jbb.util.RangeIntProperty$1
 292:            47           1880  java.lang.invoke.DirectMethodHandle$Accessor (java.base)
 293:            13           1872  [Ljava.lang.invoke.MemberName; (java.base)
 294:           116           1856  jdk.proxy2.$Proxy2 (jdk.proxy2)
 295:            23           1840  java.util.zip.ZipFile$Source (java.base)
 296:            57           1824  org.spec.jbb.util.IntegerProperty
 297:           113           1808  org.spec.jbb.core.comm.transport.BinaryData
 298:            75           1800  org.glassfish.grizzly.strategies.WorkerThreadIOStrategy$WorkerThreadRunnable
 299:            27           1728  org.spec.jbb.sm.tx.InStorePurchaseTransaction
 300:            53           1696  java.security.spec.EllipticCurve (java.base)
 301:            53           1696  sun.security.util.ObjectIdentifier (java.base)
 302:            70           1680  java.lang.module.ModuleDescriptor$Provides (java.base)
 303:             5           1680  java.util.concurrent.ForkJoinPool (java.base)
 304:            35           1680  java.util.concurrent.locks.ReentrantReadWriteLock$NonfairSync (java.base)
 305:            68           1632  java.util.concurrent.ForkJoinTask$Aux (java.base)
 306:            50           1600  java.util.Collections$UnmodifiableMap (java.base)
 307:            25           1600  java.util.zip.Inflater (java.base)
 308:            66           1584  com.sun.xml.bind.v2.runtime.unmarshaller.TextLoader
 309:            97           1552  org.glassfish.grizzly.attributes.IndexedAttributeHolder$IndexedAttributeAccessorImpl
 310:            97           1552  org.glassfish.grizzly.nio.NIOConnection$1
 311:            97           1552  org.glassfish.grizzly.nio.NIOConnection$7
 312:            97           1552  org.glassfish.grizzly.nio.NIOConnection$8
 313:            38           1520  java.lang.Package$VersionInfo (java.base)
 314:            63           1512  java.lang.module.ResolvedModule (java.base)
 315:            63           1512  jdk.internal.module.ModuleReferences$ExplodedModuleReader (java.base)
 316:            93           1488  org.glassfish.grizzly.Writer$Reentrant
 317:            93           1488  org.glassfish.grizzly.asyncqueue.RecordWriteResult$SettableHolder
 318:            93           1488  org.glassfish.grizzly.filterchain.DefaultFilterChain$FiltersState
 319:            93           1488  org.glassfish.grizzly.nio.transport.TCPNIOConnection$1
 320:            93           1488  org.glassfish.grizzly.nio.transport.TCPNIOConnection$2
 321:            92           1472  org.spec.jbb.sm.tx.request.OnlinePurchaseRequest
 322:            61           1464  sun.reflect.generics.factory.CoreReflectionFactory (java.base)
 323:            61           1464  sun.reflect.generics.scope.ClassScope (java.base)
 324:            60           1440  [Ljava.lang.reflect.Type; (java.base)
 325:            20           1440  org.spec.jbb.core.collections.ConcurrentCreateHashMap
 326:            22           1408  sun.security.ec.SunEC$ProviderServiceA (jdk.crypto.ec)
 327:            25           1400  java.io.FileCleanable (java.base)
 328:             1           1376  [Ljdk.internal.math.FDBigInteger; (java.base)
 329:             7           1344  org.glassfish.grizzly.nio.transport.TCPNIOTransport
 330:            54           1296  java.security.spec.ECPoint (java.base)
 331:            23           1288  java.util.jar.JarFile (java.base)
 332:            39           1280  [Ljava.math.BigInteger; (java.base)
 333:            20           1280  sun.security.ec.SunEC$ProviderService (jdk.crypto.ec)
 334:            52           1248  sun.reflect.generics.reflectiveObjects.ParameterizedTypeImpl (java.base)
 335:            22           1232  org.glassfish.grizzly.memory.HeapMemoryManager$TrimmableHeapBuffer
 336:            38           1216  jdk.internal.reflect.NativeMethodAccessorImpl (java.base)
 337:            49           1176  org.spec.jbb.core.comm.LocationInfo
 338:            71           1136  jdk.internal.reflect.DelegatingMethodAccessorImpl (java.base)
 339:            28           1120  java.util.TreeMap$Entry (java.base)
 340:            70           1120  jdk.internal.module.ModuleReferences$$Lambda$4/0x000000080003eec0 (java.base)
 341:            23           1104  jdk.internal.loader.URLClassPath$JarLoader (java.base)
 342:             1           1096  [Lsun.security.util.KnownOIDs; (java.base)
 343:            27           1080  java.lang.invoke.VarHandleReferences$FieldInstanceReadWrite (java.base)
 344:            22           1056  java.lang.invoke.LambdaFormEditor$Transform (java.base)
 345:            22           1056  java.util.TreeMap (java.base)
 346:             1           1040  [Ljava.lang.Byte; (java.base)
 347:             1           1040  [Ljava.lang.Long; (java.base)
 348:             1           1040  [Ljava.lang.Short; (java.base)
 349:            43           1032  java.util.regex.Pattern$Slice (java.base)
 350:            42           1008  sun.reflect.generics.repository.FieldRepository (java.base)
 351:            31            992  java.lang.invoke.VarHandle$AccessMode (java.base)
 352:            15            960  com.sun.crypto.provider.CipherCore (java.base)
 353:            30            960  java.security.Provider$EngineDescription (java.base)
 354:            40            960  java.util.ImmutableCollections$ListN (java.base)
 355:            15            960  javax.crypto.Cipher (java.base)
 356:            60            960  org.spec.jbb.sm.tx.request.InStorePurchaseRequest
 357:            30            960  org.spec.jbb.util.BooleanProperty
 358:            34            928  [Lorg.glassfish.grizzly.IOEvent;
 359:            57            912  org.spec.jbb.util.IntegerProperty$1
 360:            28            896  java.io.File (java.base)
 361:            37            888  java.lang.RuntimePermission (java.base)
 362:            54            864  org.spec.jbb.sm.tx.request.InstallmentPurchaseRequest
 363:             1            856  [Lcom.sun.xml.bind.v2.runtime.output.Encoded;
 364:             6            840  [D (java.base)
 365:            13            832  org.jcp.xml.dsig.internal.dom.XMLDSigRI$ProviderService (java.xml.crypto)
 366:            52            832  org.spec.jbb.core.comm.transport.ReferenceData
 367:            34            816  jdk.internal.loader.AbstractClassLoaderValue$Sub (java.base)
 368:            33            792  java.io.ObjectStreamClass$ExceptionInfo (java.base)
 369:             9            792  java.util.regex.Pattern (java.base)
 370:            14            784  com.sun.xml.bind.v2.runtime.property.ArrayElementNodeProperty
 371:            24            768  java.util.zip.ZipFile$CleanableResource (java.base)
 372:            23            736  java.io.RandomAccessFile (java.base)
 373:            46            736  org.spec.jbb.core.comm.transport.EmptyTransport
 374:            46            736  org.spec.jbb.core.comm.transport.NullTransport
 375:            30            720  java.util.Collections$SetFromMap (java.base)
 376:            44            704  org.spec.jbb.core.comm.requests.CompositeRequest
 377:            22            704  org.spec.jbb.util.EnumProperty
 378:            16            672  [Ljava.lang.invoke.MethodType; (java.base)
 379:            21            672  joptsimple.internal.AbbreviationMap
 380:            28            672  org.spec.jbb.core.collections.ConcurrentMultiMap$Entry
 381:            20            640  com.sun.xml.bind.v2.runtime.property.ArrayERProperty$ItemsLoader
 382:            20            640  sun.reflect.generics.repository.ClassRepository (java.base)
 383:             3            624  [Ljava.lang.invoke.LambdaForm; (java.base)
 384:            26            624  java.security.spec.ECFieldF2m (java.base)
 385:            38            608  java.lang.constant.ReferenceClassDescImpl (java.base)
 386:            15            600  com.sun.crypto.provider.CipherBlockChaining (java.base)
 387:            15            600  java.lang.invoke.BoundMethodHandle$Species_LL (java.base)
 388:            25            600  java.security.Permissions (java.base)
 389:            25            600  java.util.zip.Inflater$InflaterZStreamRef (java.base)
 390:            10            576  [Ljava.util.Hashtable$Entry; (java.base)
 391:             9            576  com.sun.xml.bind.v2.runtime.output.NamespaceContextImpl$Element
 392:            24            576  com.sun.xml.bind.v2.runtime.property.ArrayERProperty$ReceiverImpl
 393:            18            576  java.util.LinkedList (java.base)
 394:             4            576  org.glassfish.grizzly.nio.transport.TCPNIOServerConnection
 395:            18            576  sun.reflect.generics.reflectiveObjects.TypeVariableImpl (java.base)
 396:            10            560  com.sun.xml.bind.v2.runtime.property.ArrayElementLeafProperty
 397:            10            560  java.nio.HeapByteBuffer (java.base)
 398:             7            560  java.util.concurrent.TimeUnit (java.base)
 399:            35            560  java.util.concurrent.locks.ReentrantReadWriteLock$ReadLock (java.base)
 400:            35            560  java.util.concurrent.locks.ReentrantReadWriteLock$Sync$ThreadLocalHoldCounter (java.base)
 401:            35            560  java.util.concurrent.locks.ReentrantReadWriteLock$WriteLock (java.base)
 402:            10            560  sun.invoke.util.Wrapper (java.base)
 403:            23            552  java.util.concurrent.locks.AbstractQueuedSynchronizer$ConditionObject (java.base)
 404:            23            552  java.util.zip.ZipFile$Source$Key (java.base)
 405:            23            552  org.spec.jbb.core.comm.transport.TransportFactory
 406:            17            544  org.spec.jbb.infra.txinjector.BusinessRequestName
 407:             1            528  [Ljava.lang.Character; (java.base)
 408:            11            528  java.lang.invoke.BoundMethodHandle$SpeciesData (java.base)
 409:            11            528  org.spec.jbb.core.comm.Interconnect$UplinkImpl
 410:            22            528  org.spec.jbb.sm.advertisement.IssuedAdvertisement
 411:            22            528  org.spec.jbb.sm.tx.request.MoveoutInventoryRequest
 412:            11            528  org.spec.jbb.util.NonNegativeIntProperty
 413:            22            528  sun.security.util.LazyCodeSourcePermissionCollection (java.base)
 414:            11            520  [Ljava.util.regex.Pattern$Node; (java.base)
 415:            16            512  java.time.temporal.ChronoUnit (java.base)
 416:            21            504  java.util.regex.Pattern$GroupHead (java.base)
 417:            21            504  java.util.regex.Pattern$GroupTail (java.base)
 418:            21            504  org.spec.jbb.hq.tx.request.GetCustomerProfileRequest
 419:             7            496  [Lsun.invoke.util.Wrapper; (java.base)
 420:            15            480  com.sun.crypto.provider.AESCrypt (java.base)
 421:            20            480  com.sun.xml.bind.v2.runtime.unmarshaller.XsiNilLoader$Array
 422:            12            480  java.lang.OutOfMemoryError (java.base)
 423:            10            480  java.util.Hashtable (java.base)
 424:             6            480  org.spec.jbb.core.Topology
 425:            20            480  org.spec.jbb.hq.tx.request.ResolveCustomerRequest
 426:            30            480  org.spec.jbb.sm.tx.request.ProductReturnRequest
 427:            20            480  org.spec.jbb.sm.tx.request.ReserveInventoryRequest
 428:            30            480  org.spec.jbb.util.BooleanProperty$1
 429:            20            480  sun.reflect.generics.tree.ClassSignature (java.base)
 430:            29            464  jdk.proxy2.$Proxy1 (jdk.proxy2)
 431:             8            448  java.nio.DirectLongBufferU (java.base)
 432:             8            448  java.util.Properties (java.base)
 433:             7            448  org.glassfish.grizzly.threadpool.SyncThreadPool
 434:            28            448  org.spec.jbb.core.counters.ThreadHashedCounter
 435:            14            448  sun.reflect.annotation.AnnotationType (java.base)
 436:            11            440  [Ljava.lang.invoke.BoundMethodHandle$SpeciesData; (java.base)
 437:            11            440  java.lang.invoke.VarHandleInts$FieldInstanceReadWrite (java.base)
 438:            11            440  org.spec.jbb.core.comm.Interconnect$Downlink
 439:            18            432  [Lsun.reflect.generics.tree.FieldTypeSignature; (java.base)
 440:             1            432  [[[C (java.base)
 441:            18            432  com.sun.xml.bind.v2.model.core.Adapter
 442:            18            432  java.security.BasicPermissionCollection (java.base)
 443:            27            432  java.security.spec.ECFieldFp (java.base)
 444:            18            432  java.text.DateFormat$Field (java.base)
 445:            18            432  sun.reflect.generics.tree.FormalTypeParameter (java.base)
 446:            20            416  [Lsun.reflect.generics.tree.FormalTypeParameter; (java.base)
 447:            16            416  [[I (java.base)
 448:            13            416  java.util.ArrayList$Itr (java.base)
 449:            26            416  jdk.proxy2.$Proxy4 (jdk.proxy2)
 450:            17            408  java.time.Duration (java.base)
 451:            17            408  org.spec.jbb.sm.tx.response.MoveoutInventoryResponse
 452:            17            408  sun.nio.ch.OptionKey (java.base)
 453:            17            408  sun.nio.ch.SocketOptionRegistry$RegistryKey (java.base)
 454:            12            400  [Ljava.lang.constant.ClassDesc; (java.base)
 455:            25            400  java.util.WeakHashMap$KeySet (java.base)
 456:            10            400  sun.util.resources.Bundles$BundleReference (java.base)
 457:            20            384  [Lsun.reflect.generics.tree.ClassTypeSignature; (java.base)
 458:            12            384  com.sun.xml.bind.v2.runtime.reflect.AdaptedAccessor
 459:            16            384  java.util.jar.Manifest (java.base)
 460:            16            384  org.spec.jbb.hq.tx.request.CheckAndReserveCreditRequest
 461:             6            384  org.spec.jbb.sm.tx.InstallmentPurchaseTransaction
 462:            12            384  org.spec.jbb.util.LongProperty
 463:            12            384  sun.security.jca.ProviderConfig (java.base)
 464:             1            376  java.lang.ref.Finalizer$FinalizerThread (java.base)
 465:             1            376  java.util.logging.LogManager$Cleaner (java.logging)
 466:             1            376  jdk.internal.misc.InnocuousThread (java.base)
 467:             1            368  java.lang.ref.Reference$ReferenceHandler (java.base)
 468:            23            368  sun.nio.fs.UnixFileAttributes$UnixAsBasicFileAttributes (java.base)
 469:            15            360  com.sun.crypto.provider.AESCipher$General (java.base)
 470:            15            360  java.lang.invoke.Invokers (java.base)
 471:             9            360  java.lang.ref.Finalizer (java.base)
 472:             9            360  java.util.WeakHashMap$Entry (java.base)
 473:            15            360  java.util.regex.Pattern$BmpCharProperty (java.base)
 474:            22            352  com.sun.xml.bind.v2.runtime.reflect.Lister$CollectionLister
 475:            11            352  java.lang.constant.DirectMethodHandleDesc$Kind (java.base)
 476:            22            352  java.security.SecureClassLoader$CodeSourceKey (java.base)
 477:            22            352  java.util.LinkedHashMap$LinkedEntrySet (java.base)
 478:            11            352  java.util.regex.Pattern$Branch (java.base)
 479:            22            352  org.spec.jbb.util.EnumProperty$1
 480:             4            352  sun.nio.ch.ServerSocketChannelImpl (java.base)
 481:             5            336  [S (java.base)
 482:            21            336  java.util.TreeMap$Values (java.base)
 483:             7            336  org.glassfish.grizzly.nio.transport.TCPNIOTransport$TransportConnectorHandler
 484:             7            336  org.spec.jbb.sm.tx.ProductReturnTransaction
 485:             7            336  sun.nio.cs.StreamEncoder (java.base)
 486:             7            336  sun.nio.cs.UTF_8$Encoder (java.base)
 487:             6            336  sun.util.calendar.ZoneInfo (java.base)
 488:             8            320  java.lang.WeakPairMap$Pair$Weak (java.base)
 489:            10            320  java.lang.constant.DirectMethodHandleDescImpl (java.base)
 490:             8            320  java.util.HashMap$EntryIterator (java.base)
 491:            10            320  java.util.concurrent.LinkedTransferQueue$Node (java.base)
 492:            10            320  jdk.internal.reflect.UnsafeQualifiedLongFieldAccessorImpl (java.base)
 493:            10            320  org.spec.jbb.core.comm.transport.TransportType
 494:            10            320  org.spec.jbb.util.FloatProperty
 495:            10            320  sun.util.resources.Bundles$CacheKey (java.base)
 496:            13            312  java.lang.invoke.VarForm (java.base)
 497:            13            312  java.util.regex.Pattern$BmpCharPropertyGreedy (java.base)
 498:            19            304  sun.reflect.generics.tree.TypeVariableSignature (java.base)
 499:            12            288  [Ljava.lang.reflect.TypeVariable; (java.base)
 500:            12            288  java.lang.annotation.ElementType (java.base)
 501:             9            288  java.lang.constant.PrimitiveClassDescImpl (java.base)
 502:            12            288  java.net.StandardSocketOptions$StdSocketOption (java.base)
 503:             2            288  java.text.DecimalFormat (java.base)
 504:             9            288  java.util.Hashtable$Entry (java.base)
 505:             9            288  java.util.logging.Level (java.logging)
 506:             9            288  java.util.logging.Level$KnownLevel (java.logging)
 507:             9            288  jdk.internal.org.objectweb.asm.Type (java.base)
 508:            12            288  org.glassfish.grizzly.threadpool.AbstractThreadPool$3
 509:            12            288  org.glassfish.grizzly.threadpool.AbstractThreadPool$5
 510:            12            288  org.glassfish.grizzly.threadpool.GrizzlyExecutorService
 511:             6            288  org.spec.jbb.util.RangeIntProperty
 512:             1            280  [Ljava.lang.invoke.LambdaForm$Kind; (java.base)
 513:             7            280  java.util.IdentityHashMap (java.base)
 514:             7            280  sun.util.locale.provider.LocaleResources$ResourceReference (java.base)
 515:            11            264  java.lang.invoke.MethodHandleImpl$Intrinsic (java.base)
 516:             3            264  java.util.jar.JarVerifier (java.base)
 517:            11            264  org.spec.jbb.core.collections.ConcurrentWeakHashMap
 518:            11            264  org.spec.jbb.core.comm.Interconnect$UplinkImpl$1
 519:            11            264  org.spec.jbb.infra.AgentState
 520:             8            256  java.lang.WeakPairMap$Pair$Weak$1 (java.base)
 521:             8            256  java.lang.reflect.ProxyGenerator$PrimitiveTypeInfo (java.base)
 522:            16            256  java.util.jar.Attributes (java.base)
 523:             8            256  jdk.internal.reflect.UnsafeQualifiedObjectFieldAccessorImpl (java.base)
 524:             8            256  org.glassfish.grizzly.ThreadCache$CachedTypeIndex
 525:            16            256  org.spec.jbb.core.sequencer.AtomicGrowingSequencer
 526:             2            256  org.spec.jbb.hq.entity.SMBusinessReport
 527:             2            256  org.spec.jbb.sm.SM
 528:            15            240  com.sun.crypto.provider.PKCS5Padding (java.base)
 529:             6            240  com.sun.xml.bind.v2.model.impl.RuntimeArrayInfoImpl
 530:             6            240  com.sun.xml.bind.v2.runtime.ArrayBeanInfoImpl
 531:             6            240  java.io.BufferedWriter (java.base)
 532:            10            240  java.lang.constant.MethodTypeDescImpl (java.base)
 533:             6            240  java.lang.invoke.MethodHandleImpl$AsVarargsCollector (java.base)
 534:            10            240  java.nio.charset.CoderResult (java.base)
 535:            10            240  java.nio.file.StandardOpenOption (java.base)
 536:            10            240  java.util.LinkedList$Node (java.base)
 537:             5            240  java.util.concurrent.ArrayBlockingQueue (java.base)
 538:            10            240  java.util.concurrent.locks.ReentrantReadWriteLock$Sync$HoldCounter (java.base)
 539:            10            240  java.util.regex.Pattern$$Lambda$36/0x00000008000ec250 (java.base)
 540:             6            240  jdk.internal.loader.NativeLibraries$NativeLibraryImpl (java.base)
 541:             6            240  org.glassfish.grizzly.nio.tmpselectors.TemporarySelectorPool
 542:             5            240  org.glassfish.grizzly.threadpool.FixedThreadPool
 543:            10            240  org.spec.jbb.core.collections.CollectionUtils$9
 544:             5            232  [Ljava.lang.invoke.LambdaForm$NamedFunction; (java.base)
 545:            13            224  [Ljava.lang.constant.ConstantDesc; (java.base)
 546:             4            224  com.sun.xml.bind.v2.model.impl.RuntimeAttributePropertyInfoImpl
 547:            14            224  java.lang.Float (java.base)
 548:             7            224  joptsimple.OptionSpecBuilder
 549:             7            224  org.glassfish.grizzly.nio.transport.TCPNIOAsyncQueueWriter
 550:             7            224  org.glassfish.grizzly.nio.transport.TCPNIOBindingHandler
 551:             7            224  org.spec.jbb.core.comm.connectivity.grizzlynio.GrizzlyTransport
 552:             9            216  java.lang.NamedPackage (java.base)
 553:             9            216  java.util.Collections$SynchronizedRandomAccessList (java.base)
 554:             9            216  org.spec.jbb.core.EntityType
 555:             9            216  org.spec.jbb.hq.tx.request.FindCustomerZipRequest
 556:             9            216  org.spec.jbb.infra.IterationLabel
 557:             9            216  org.spec.jbb.sm.tx.request.MoveInInventoryMessage
 558:             3            216  sun.security.provider.NativePRNG$RandomIO (java.base)
 559:             9            216  sun.util.logging.PlatformLogger$Level (java.base)
 560:            13            208  java.lang.ThreadLocal (java.base)
 561:             2            200  [Ljava.text.DateFormat$Field; (java.base)
 562:             5            200  java.lang.invoke.DirectMethodHandle$Interface (java.base)
 563:             5            200  java.util.stream.StreamOpFlag (java.base)
 564:             5            200  org.spec.jbb.Launcher$RunCategory
 565:             6            192  com.sun.xml.bind.v2.model.impl.ClassInfoImpl$SecondaryAnnotation
 566:             2            192  com.sun.xml.bind.v2.runtime.JAXBContextImpl
 567:             6            192  java.lang.invoke.LambdaForm$BasicType (java.base)
 568:             8            192  java.math.RoundingMode (java.base)
 569:             6            192  java.net.Inet6Address$Inet6AddressHolder (java.base)
 570:             8            192  java.net.NetPermission (java.base)
 571:            12            192  java.util.Collections$SingletonSet (java.base)
 572:             6            192  java.util.ImmutableCollections$MapN (java.base)
 573:             8            192  jdk.internal.perf.PerfCounter (java.base)
 574:             8            192  org.glassfish.grizzly.IOEvent
 575:             8            192  org.glassfish.grizzly.filterchain.DefaultFilterChain
 576:             8            192  org.spec.jbb.Launcher$RunnerType
 577:             8            192  org.spec.jbb.core.collections.queues.QueueType
 578:             8            192  org.spec.jbb.core.comm.connectivity.grizzlynio.proto.ProtocolDataUnitDecoder
 579:             8            192  org.spec.jbb.core.comm.connectivity.grizzlynio.proto.ProtocolDataUnitEncoder
 580:             8            192  org.spec.jbb.core.comm.connectivity.grizzlynio.proto.ProtocolDataUnitFilter
 581:             6            192  org.spec.jbb.reporter.RawResult$ValidationReporterResult
 582:            12            192  org.spec.jbb.util.LongProperty$1
 583:             6            192  org.spec.jbb.util.Property
 584:             2            176  [Lorg.spec.jbb.infra.txinjector.BusinessRequestName;
 585:             2            176  java.text.DecimalFormatSymbols (java.base)
 586:            11            176  java.util.concurrent.ConcurrentHashMap$ValuesView (java.base)
 587:            11            176  java.util.regex.Pattern$$Lambda$38/0x00000008000edf78 (java.base)
 588:            11            176  java.util.regex.Pattern$BranchConn (java.base)
 589:            11            176  org.spec.jbb.util.FloatProperty$1
 590:             7            168  [Lorg.glassfish.grizzly.threadpool.ThreadPoolProbe;
 591:             1            168  [[Ljava.math.BigInteger; (java.base)
 592:             7            168  com.sun.xml.bind.v2.model.impl.ClassInfoImpl$PropertyGroup
 593:             7            168  java.io.OutputStreamWriter (java.base)
 594:             7            168  java.lang.System$Logger$Level (java.base)
 595:             7            168  java.util.concurrent.locks.ReentrantReadWriteLock (java.base)
 596:             7            168  org.glassfish.grizzly.AbstractTransport$1
 597:             7            168  org.glassfish.grizzly.ProcessorResult$Status
 598:             7            168  org.glassfish.grizzly.asyncqueue.AsyncQueueIO$ImmutableAsyncQueueIO
 599:             7            168  org.glassfish.grizzly.filterchain.FilterChainContext$Operation
 600:             7            168  org.glassfish.grizzly.nio.tmpselectors.TemporarySelectorIO
 601:             7            168  org.glassfish.grizzly.nio.transport.TCPNIOAsyncQueueReader
 602:             7            168  org.glassfish.grizzly.utils.StateHolder
 603:             7            168  org.spec.jbb.core.collections.sampling.RandomArraySamplingBuffer
 604:             7            168  org.spec.jbb.core.comm.SourceType
 605:             3            168  org.spec.jbb.core.threadpools.ForkJoinThreadPool
 606:             7            168  org.spec.jbb.hq.tx.request.AssociativityOfProductRequest
 607:             7            168  org.spec.jbb.hq.tx.request.DrawCreditRequest
 608:             7            168  org.spec.jbb.infra.ControllerType
 609:             7            168  org.spec.jbb.sm.tx.response.ReserveInventoryResponse
 610:             7            168  org.spec.jbb.util.PropertyAttribute
 611:             2            160  [Ljava.lang.constant.DirectMethodHandleDesc$Kind; (java.base)
 612:             2            160  [Ljava.util.concurrent.RunnableScheduledFuture; (java.base)
 613:             5            160  com.sun.xml.bind.v2.model.core.PropertyKind
 614:             4            160  com.sun.xml.bind.v2.runtime.property.AttributeProperty
 615:             4            160  java.io.PrintStream (java.base)
 616:             5            160  java.lang.invoke.VarHandle$AccessType (java.base)
 617:            10            160  java.util.Formatter$Flags (java.base)
 618:             5            160  java.util.UUID (java.base)
 619:            10            160  jdk.proxy2.$Proxy14 (jdk.proxy2)
 620:             4            160  joptsimple.RequiredArgumentOptionSpec
 621:             4            160  org.eclipse.jetty.util.log.StdErrLog
 622:             5            160  org.glassfish.grizzly.attributes.Attribute
 623:             5            160  org.spec.jbb.core.threadpools.ThreadPoolType
 624:             5            160  org.spec.jbb.hq.entity.ShippingCompany
 625:             4            160  sun.nio.ch.ServerSocketAdaptor (java.base)
 626:             5            160  sun.util.locale.provider.LocaleProviderAdapter$Type (java.base)
 627:             5            160  sun.util.locale.provider.LocaleResources (java.base)
 628:             3            152  [Ljava.lang.annotation.ElementType; (java.base)
 629:             3            144  [F (java.base)
 630:             1            144  [Ljava.lang.invoke.VarHandle$AccessMode; (java.base)
 631:             2            144  [Ljava.math.BigDecimal; (java.base)
 632:             1            144  [[Lorg.glassfish.grizzly.IOEvent;
 633:             6            144  com.sun.xml.bind.v2.runtime.ArrayBeanInfoImpl$ArrayLoader
 634:             6            144  com.sun.xml.bind.v2.runtime.reflect.AdaptedLister
 635:             6            144  java.lang.Thread$State (java.base)
 636:             3            144  java.lang.ThreadGroup (java.base)
 637:             6            144  java.net.Inet6Address (java.base)
 638:             6            144  java.util.Arrays$ArrayList (java.base)
 639:             2            144  java.util.concurrent.ScheduledThreadPoolExecutor (java.base)
 640:             2            144  java.util.concurrent.ScheduledThreadPoolExecutor$ScheduledFutureTask (java.base)
 641:             3            144  java.util.concurrent.ThreadPoolExecutor$Worker (java.base)
 642:             6            144  java.util.regex.Pattern$Start (java.base)
 643:             6            144  javax.xml.datatype.DatatypeConstants$Field (java.xml)
 644:             6            144  jdk.net.ExtendedSocketOptions$ExtSocketOption (jdk.net)
 645:             9            144  jdk.proxy2.$Proxy7 (jdk.proxy2)
 646:             6            144  org.glassfish.grizzly.ProcessorResult
 647:             6            144  org.glassfish.grizzly.Transport$State
 648:             6            144  org.glassfish.grizzly.nio.RoundRobinConnectionDistributor
 649:             6            144  org.glassfish.grizzly.nio.RoundRobinConnectionDistributor$SharedIterator
 650:             6            144  org.spec.jbb.core.locks.DelegateLockManager
 651:             6            144  org.spec.jbb.core.purchase.PurchaseAgent$Type
 652:             6            144  org.spec.jbb.core.tx.SimpleTransactionExecutor
 653:             6            144  org.spec.jbb.hq.tx.request.CustomerBuyingBehaviorRequest
 654:             9            144  org.spec.jbb.hq.tx.response.CustomerProfileResponse
 655:             6            144  org.spec.jbb.infra.validation.ValidationLevel
 656:             6            144  org.spec.jbb.util.random.SpecRandomType
 657:             1            144  sun.security.pkcs11.SunPKCS11 (jdk.crypto.cryptoki)
 658:             4            128  com.sun.xml.bind.v2.model.impl.RuntimeEnumConstantImpl
 659:             2            128  com.sun.xml.bind.v2.model.impl.RuntimeEnumLeafInfoImpl
 660:             4            128  java.lang.invoke.MethodHandles$Lookup (java.base)
 661:             2            128  java.security.SecureRandom (java.base)
 662:             2            128  java.text.DateFormatSymbols (java.base)
 663:             4            128  java.util.concurrent.Semaphore$NonfairSync (java.base)
 664:             4            128  java.util.concurrent.locks.AbstractQueuedSynchronizer$ConditionNode (java.base)
 665:             8            128  java.util.regex.Pattern$BitClass (java.base)
 666:             4            128  java.util.stream.FindOps$FindOp (java.base)
 667:             8            128  org.glassfish.grizzly.filterchain.DefaultFilterChain$FiltersStateFactory
 668:             8            128  org.glassfish.grizzly.filterchain.TransportFilter
 669:             8            128  org.spec.jbb.core.comm.message.CompositeMessage
 670:             4            128  org.spec.jbb.sm.CustomerSelection$CustomerHotness
 671:             4            128  org.spec.jbb.util.StringProperty
 672:             2            128  sun.security.jgss.SunProvider$ProviderService (java.security.jgss)
 673:             3            120  [Ljava.lang.invoke.LambdaForm$BasicType; (java.base)
 674:             5            120  [Ljava.util.concurrent.ConcurrentHashMap$CounterCell; (java.base)
 675:             1            120  [[Ljava.lang.String; (java.base)
 676:             3            120  java.lang.reflect.ProxyGenerator$ProxyMethod (java.base)
 677:             5            120  java.util.concurrent.LinkedTransferQueue (java.base)
 678:             5            120  java.util.regex.Pattern$BmpCharPredicate$$Lambda$37/0x00000008000ec4d8 (java.base)
 679:             5            120  java.util.regex.Pattern$CharPropertyGreedy (java.base)
 680:             5            120  java.util.stream.StreamOpFlag$Type (java.base)
 681:             5            120  jdk.internal.math.FloatingDecimal$PreparedASCIIToBinaryBuffer (java.base)
 682:             5            120  org.spec.jbb.core.Priority
 683:             5            120  org.spec.jbb.core.collections.Pair
 684:             5            120  org.spec.jbb.core.comm.connectivity.grizzlynio.Destination
 685:             5            120  org.spec.jbb.core.comm.connectivity.grizzlynio.GrizzlyNioServer
 686:             5            120  org.spec.jbb.core.comm.policy.TransportSelectionPolicyType
 687:             5            120  org.spec.jbb.core.scheduler.SchedulerType
 688:             5            120  org.spec.jbb.infra.snapshot.InMemorySnapshotManager$Snapshot
 689:             5            120  org.spec.jbb.infra.validation.ValidationResult
 690:             5            120  org.spec.jbb.reporter.RawResult$RawData$RawDataType
 691:             5            112  [Lcom.sun.xml.bind.v2.runtime.property.AttributeProperty;
 692:             2            112  [Lorg.spec.jbb.core.comm.transport.TransportType;
 693:             2            112  com.sun.xml.bind.v2.model.impl.RuntimeModelBuilder
 694:             2            112  com.sun.xml.bind.v2.model.impl.RuntimeTypeInfoSetImpl
 695:             2            112  com.sun.xml.bind.v2.runtime.ElementBeanInfoImpl
 696:             1            112  java.util.GregorianCalendar (java.base)
 697:             2            112  java.util.ServiceLoader (java.base)
 698:             7            112  jdk.proxy2.$Proxy9 (jdk.proxy2)
 699:             7            112  org.glassfish.grizzly.nio.transport.TCPNIOConnectorHandler$InstantConnectHandler
 700:             7            112  org.glassfish.grizzly.nio.transport.TCPNIOTemporarySelectorReader
 701:             7            112  org.glassfish.grizzly.nio.transport.TCPNIOTemporarySelectorWriter
 702:             7            112  org.glassfish.grizzly.nio.transport.TCPNIOTransport$RegisterChannelCompletionHandler
 703:             7            112  org.glassfish.grizzly.nio.transport.TCPNIOTransportFilter
 704:             7            112  org.glassfish.grizzly.utils.Holder$1
 705:             7            112  org.spec.jbb.core.comm.connectivity.grizzlynio.GrizzlyTransport$1
 706:             2            112  org.spec.jbb.core.purchase.CustomerSpecificPurchaseAgent
 707:             2            112  org.spec.jbb.util.random.TriangleRandom
 708:             2            104  [Lsun.util.logging.PlatformLogger$Level; (java.base)
 709:             1            104  com.sun.crypto.provider.SunJCE (java.base)
 710:             1            104  com.sun.xml.bind.v2.runtime.XMLSerializer
 711:             1            104  jdk.internal.loader.ClassLoaders$AppClassLoader (java.base)
 712:             1            104  jdk.internal.loader.ClassLoaders$BootClassLoader (java.base)
 713:             1            104  jdk.internal.loader.ClassLoaders$PlatformClassLoader (java.base)
 714:             1            104  org.jcp.xml.dsig.internal.dom.XMLDSigRI (java.xml.crypto)
 715:             1            104  org.spec.jbb.infra.BackendAgent
 716:             1            104  sun.security.ec.SunEC (jdk.crypto.ec)
 717:             1            104  sun.security.jca.ProviderList$1 (java.base)
 718:             1            104  sun.security.jgss.SunProvider (java.security.jgss)
 719:             1            104  sun.security.provider.Sun (java.base)
 720:             1            104  sun.security.rsa.SunRsaSign (java.base)
 721:             1            104  sun.security.smartcardio.SunPCSC (java.smartcardio)
 722:             1            104  sun.security.ssl.SunJSSE (java.base)
 723:             2             96  [Ljava.lang.System$Logger$Level; (java.base)
 724:             2             96  [Lorg.spec.jbb.Launcher$RunnerType;
 725:             3             96  [Lorg.spec.jbb.core.onlinepurchase.AbstractOnlinePurchaseAgent$OnlineType;
 726:             2             96  [Lorg.spec.jbb.util.PropertyAttribute;
 727:             1             96  [Lsun.util.locale.BaseLocale; (java.base)
 728:             1             96  [[J (java.base)
 729:             2             96  com.sun.management.internal.GarbageCollectorExtImpl (jdk.management)
 730:             3             96  java.io.FileInputStream (java.base)
 731:             3             96  java.lang.ClassValue$Entry (java.base)
 732:             3             96  java.lang.Runtime$Version (java.base)
 733:             3             96  java.lang.constant.DynamicConstantDesc$AnonymousDynamicConstantDesc (java.base)
 734:             3             96  java.lang.invoke.SimpleMethodHandle (java.base)
 735:             4             96  java.lang.module.ModuleDescriptor$Modifier (java.base)
 736:             4             96  java.lang.module.ModuleDescriptor$Opens (java.base)
 737:             4             96  java.lang.module.ModuleDescriptor$Requires$Modifier (java.base)
 738:             3             96  java.util.Collections$SynchronizedMap (java.base)
 739:             4             96  java.util.regex.Pattern$Qtype (java.base)
 740:             4             96  java.util.stream.StreamShape (java.base)
 741:             4             96  javax.xml.bind.annotation.XmlAccessType
 742:             3             96  jdk.internal.loader.BuiltinClassLoader$1 (java.base)
 743:             6             96  jdk.internal.loader.ClassLoaderValue (java.base)
 744:             4             96  jdk.internal.logger.BootstrapLogger$LoggingBackend (java.base)
 745:             3             96  jdk.internal.reflect.UnsafeObjectFieldAccessorImpl (java.base)
 746:             4             96  org.glassfish.grizzly.nio.transport.TCPNIOServerConnection$RegisterAcceptedChannelCompletionHandler
 747:             4             96  org.spec.jbb.core.cache.SoftReferenceCache
 748:             4             96  org.spec.jbb.core.comm.connectivity.grizzlynio.proto.ProtocolDataUnit$Type
 749:             4             96  org.spec.jbb.core.comm.transport.TransportType$EncapsulationType
 750:             4             96  org.spec.jbb.core.comm.transport.TransportType$EncryptionType
 751:             4             96  org.spec.jbb.core.counters.CounterType
 752:             6             96  org.spec.jbb.core.locks.EntryFactory
 753:             4             96  org.spec.jbb.core.sequencer.BulkRandomizedSequencer
 754:             3             96  org.spec.jbb.core.threadpools.SettableFuture
 755:             4             96  org.spec.jbb.core.threadpools.ThreadPoolType$PoolType
 756:             4             96  org.spec.jbb.core.util.PropertyParserTest$TestEnum
 757:             4             96  org.spec.jbb.hq.tx.request.BusinessReportRequest
 758:             6             96  org.spec.jbb.hq.tx.request.PurchaseReceiptMessage
 759:             4             96  org.spec.jbb.infra.txinjector.irdecider.IRDeciderType
 760:             4             96  org.spec.jbb.reporter.RawResult$ProductType
 761:             2             96  org.spec.jbb.sm.coupon.CouponFactory
 762:             2             96  org.spec.jbb.sm.storage.SupermarketStorageImpl
 763:             2             96  org.spec.jbb.sp.SP
 764:             2             96  org.spec.jbb.util.random.TruncatedExponentialRandom
 765:             1             96  sun.util.calendar.Gregorian$Date (java.base)
 766:             1             88  org.spec.jbb.hq.db.Storage
 767:             2             80  [Lcom.sun.xml.bind.v2.model.impl.ClassInfoImpl$SecondaryAnnotation;
 768:             2             80  [Ljava.lang.OutOfMemoryError; (java.base)
 769:             1             80  [Ljava.time.temporal.ChronoUnit; (java.base)
 770:             2             80  [Ljava.util.stream.StreamOpFlag$Type; (java.base)
 771:             2             80  [Lorg.spec.jbb.Launcher$RunCategory;
 772:             2             80  [Lsun.security.jca.ProviderConfig; (java.base)
 773:             2             80  java.io.PrintWriter (java.base)
 774:             2             80  java.lang.ModuleLayer (java.base)
 775:             2             80  java.lang.invoke.BoundMethodHandle$Species_LJ (java.base)
 776:             2             80  java.lang.invoke.VarHandleBooleans$FieldInstanceReadWrite (java.base)
 777:             2             80  java.lang.invoke.VarHandleLongs$FieldInstanceReadWrite (java.base)
 778:             2             80  java.lang.module.Configuration (java.base)
 779:             2             80  java.text.DigitList (java.base)
 780:             5             80  java.util.LinkedHashMap$LinkedKeySet (java.base)
 781:             2             80  java.util.Locale$Category (java.base)
 782:             2             80  java.util.ServiceLoader$LazyClassPathLookupIterator (java.base)
 783:             2             80  java.util.concurrent.LinkedBlockingDeque (java.base)
 784:             2             80  java.util.concurrent.PriorityBlockingQueue (java.base)
 785:             2             80  java.util.regex.Pattern$Loop (java.base)
 786:             5             80  org.glassfish.grizzly.attributes.Attribute$1
 787:             2             80  org.spec.jbb.core.cache.BoundedWriteBackCache
 788:             5             80  org.spec.jbb.core.comm.Interconnect$ProcessorCallback
 789:             5             80  org.spec.jbb.core.comm.connectivity.grizzlynio.proto.ServerProtocolDataUnitFilter
 790:             1             80  org.spec.jbb.hq.HQ
 791:             5             80  org.spec.jbb.hq.tx.request.CustomerRatingProductResolveRequest
 792:             2             80  org.spec.jbb.sm.CustomerSelection
 793:             2             80  org.spec.jbb.sm.InstallmentPurchase
 794:             2             80  org.spec.jbb.sm.advertisement.HQAdvertisementAgent
 795:             2             80  sun.management.MemoryManagerImpl (java.management)
 796:             1             80  sun.util.cldr.CLDRLocaleProviderAdapter (java.base)
 797:             1             80  sun.util.locale.provider.JRELocaleProviderAdapter (java.base)
 798:             3             72  [Lorg.spec.jbb.sm.CustomerSelection$CustomerType;
 799:             3             72  com.sun.xml.bind.v2.model.core.ID
 800:             1             72  com.sun.xml.bind.v2.runtime.MarshallerImpl
 801:             3             72  java.lang.WeakPairMap (java.base)
 802:             3             72  java.lang.annotation.RetentionPolicy (java.base)
 803:             3             72  java.lang.invoke.VarHandle$VarHandleDesc$Kind (java.base)
 804:             3             72  java.net.StandardProtocolFamily (java.base)
 805:             3             72  java.nio.file.AccessMode (java.base)
 806:             3             72  java.nio.file.FileTreeWalker$EventType (java.base)
 807:             3             72  java.security.SecurityPermission (java.base)
 808:             3             72  java.time.ZoneOffset (java.base)
 809:             3             72  java.util.concurrent.Executors$RunnableAdapter (java.base)
 810:             1             72  java.util.concurrent.ThreadPoolExecutor (java.base)
 811:             3             72  java.util.regex.Pattern$Ques (java.base)
 812:             3             72  java.util.stream.Collector$Characteristics (java.base)
 813:             3             72  jdk.internal.math.FloatingDecimal$ExceptionalBinaryToASCIIBuffer (java.base)
 814:             3             72  jdk.internal.misc.Signal (java.base)
 815:             3             72  org.glassfish.grizzly.TransformationResult$Status
 816:             3             72  org.spec.jbb.core.collections.ConcurrentHashMultiSet
 817:             3             72  org.spec.jbb.core.collections.sampling.SamplingBufferType
 818:             3             72  org.spec.jbb.core.comm.connectivity.ConnectivityType
 819:             3             72  org.spec.jbb.core.comm.connectivity.grizzlynio.PoolableConnection
 820:             3             72  org.spec.jbb.core.locks.LockRefType
 821:             3             72  org.spec.jbb.core.onlinepurchase.AbstractOnlinePurchaseAgent$OnlineType
 822:             3             72  org.spec.jbb.core.probe.ProfileMode
 823:             3             72  org.spec.jbb.core.threadpools.ForkJoinThreadPool$1
 824:             3             72  org.spec.jbb.core.threadpools.ThreadPoolType$MultiPoolType
 825:             3             72  org.spec.jbb.infra.Component
 826:             3             72  org.spec.jbb.infra.seed.SeedAgentType
 827:             3             72  org.spec.jbb.sm.inventory.InventoryType
 828:             3             72  org.spec.jbb.util.PropertyCompliance
 829:             1             72  sun.net.www.protocol.jar.URLJarFile (java.base)
 830:             3             72  sun.security.provider.NativePRNG$Variant (java.base)
 831:             4             64  [Ljava.lang.annotation.Annotation; (java.base)
 832:             2             64  [Ljava.lang.annotation.RetentionPolicy; (java.base)
 833:             2             64  [Ljava.lang.invoke.LambdaFormEditor$Transform; (java.base)
 834:             1             64  [Ljava.lang.invoke.MethodHandleImpl$Intrinsic; (java.base)
 835:             2             64  [Ljava.nio.charset.CoderResult; (java.base)
 836:             2             64  [Ljava.util.stream.Collector$Characteristics; (java.base)
 837:             2             64  [Ljavax.xml.bind.annotation.XmlAccessType;
 838:             2             64  [Lorg.spec.jbb.core.probe.ProfileMode;
 839:             1             64  [Lorg.spec.jbb.infra.AgentState;
 840:             2             64  [Lsun.nio.fs.NativeBuffer; (java.base)
 841:             2             64  com.sun.xml.bind.v2.runtime.AnyTypeBeanInfo
 842:             2             64  com.sun.xml.bind.v2.runtime.CompositeStructureBeanInfo
 843:             2             64  com.sun.xml.bind.v2.runtime.NameList
 844:             2             64  java.io.BufferedOutputStream (java.base)
 845:             2             64  java.io.FileOutputStream (java.base)
 846:             1             64  java.lang.invoke.BoundMethodHandle$Species_LLLLLLLLL (java.base)
 847:             2             64  java.lang.ref.ReferenceQueue$Null (java.base)
 848:             1             64  java.text.SimpleDateFormat (java.base)
 849:             2             64  java.util.HexFormat (java.base)
 850:             4             64  java.util.Optional (java.base)
 851:             2             64  java.util.Random (java.base)
 852:             2             64  java.util.ServiceLoader$ModuleServicesLookupIterator (java.base)
 853:             2             64  java.util.concurrent.ScheduledThreadPoolExecutor$DelayedWorkQueue (java.base)
 854:             4             64  java.util.concurrent.Semaphore (java.base)
 855:             2             64  java.util.concurrent.atomic.AtomicIntegerFieldUpdater$AtomicIntegerFieldUpdaterImpl (java.base)
 856:             2             64  java.util.concurrent.locks.AbstractQueuedSynchronizer$ExclusiveNode (java.base)
 857:             1             64  java.util.logging.LogManager$RootLogger (java.logging)
 858:             4             64  jdk.internal.module.ServicesCatalog (java.base)
 859:             4             64  jdk.internal.util.Preconditions$1 (java.base)
 860:             4             64  jdk.proxy2.$Proxy5 (jdk.proxy2)
 861:             4             64  org.glassfish.grizzly.nio.transport.TCPNIOServerConnection$1
 862:             2             64  org.glassfish.grizzly.utils.JdkVersion
 863:             1             64  org.spec.jbb.core.comm.Interconnect
 864:             2             64  org.spec.jbb.core.threadpools.SpecThreadFactory$1
 865:             2             64  org.spec.jbb.core.time.JavaSystemStopWatch
 866:             4             64  org.spec.jbb.hq.tx.response.CustomerResolveResponse
 867:             2             64  org.spec.jbb.infra.BackendEntitiesDistribution
 868:             2             64  org.spec.jbb.infra.TransferLogsAgent$NoExplicitFlushBOS
 869:             1             64  org.spec.jbb.infra.heartbeat.HeartbeatWatchdog
 870:             2             64  org.spec.jbb.sm.discount.BasicDiscountAgent
 871:             4             64  org.spec.jbb.util.StringProperty$1
 872:             2             64  sun.nio.fs.NativeBuffer (java.base)
 873:             2             64  sun.nio.fs.UnixFileKey (java.base)
 874:             4             64  sun.reflect.generics.tree.ArrayTypeSignature (java.base)
 875:             2             64  sun.security.provider.FileInputStreamPool$StreamRef (java.base)
 876:             1             64  sun.security.smartcardio.SunPCSC$ProviderService (java.smartcardio)
 877:             1             56  [Ljava.lang.Runnable; (java.base)
 878:             1             56  [Ljava.nio.file.StandardOpenOption; (java.base)
 879:             1             56  [Ljava.util.logging.Level; (java.logging)
 880:             1             56  [Lorg.spec.jbb.core.EntityType;
 881:             1             56  [Lorg.spec.jbb.infra.IterationLabel;
 882:             1             56  java.lang.invoke.BoundMethodHandle$Specializer (java.base)
 883:             1             56  java.lang.invoke.BoundMethodHandle$Species_LLLLLLL (java.base)
 884:             1             56  java.net.SocketPermission (java.base)
 885:             1             56  java.util.logging.LogManager (java.logging)
 886:             1             56  jdk.internal.org.objectweb.asm.Label (java.base)
 887:             1             56  org.spec.jbb.of.OrderFulfillment
 888:             1             56  sun.security.provider.SHA (java.base)
 889:             1             48  [Lcom.sun.xml.bind.v2.model.impl.ClassInfoImpl$PropertyGroup;
 890:             1             48  [Ljava.math.RoundingMode; (java.base)
 891:             3             48  [Ljava.security.CodeSigner; (java.base)
 892:             2             48  [Ljava.util.Enumeration; (java.base)
 893:             1             48  [Ljava.util.concurrent.TimeUnit; (java.base)
 894:             1             48  [Lorg.glassfish.grizzly.ProcessorResult$Status;
 895:             1             48  [Lorg.glassfish.grizzly.filterchain.FilterChainContext$Operation;
 896:             2             48  [Lorg.spec.jbb.core.ResetMode;
 897:             2             48  [Lorg.spec.jbb.core.collections.Mix;
 898:             1             48  [Lorg.spec.jbb.core.collections.queues.QueueType;
 899:             1             48  [Lorg.spec.jbb.core.comm.SourceType;
 900:             2             48  [Lorg.spec.jbb.hq.HQ$SMInventoryDirection;
 901:             1             48  [Lorg.spec.jbb.infra.ControllerType;
 902:             2             48  com.sun.xml.bind.v2.model.annotation.RuntimeInlineAnnotationReader
 903:             2             48  com.sun.xml.bind.v2.model.impl.GetterSetterPropertySeed
 904:             2             48  com.sun.xml.bind.v2.runtime.ElementBeanInfoImpl$1
 905:             2             48  com.sun.xml.bind.v2.runtime.JAXBContextImpl$1
 906:             2             48  com.sun.xml.bind.v2.runtime.JAXBContextImpl$2
 907:             1             48  com.sun.xml.bind.v2.runtime.output.NamespaceContextImpl
 908:             2             48  com.sun.xml.bind.v2.runtime.reflect.Accessor$GetterSetterReflection
 909:             2             48  java.io.File$PathStatus (java.base)
 910:             3             48  java.lang.Boolean (java.base)
 911:             2             48  java.lang.ClassValue$Version (java.base)
 912:             2             48  java.lang.CompoundEnumeration (java.base)
 913:             2             48  java.lang.Double (java.base)
 914:             1             48  java.lang.NullPointerException (java.base)
 915:             1             48  java.lang.invoke.BoundMethodHandle$Specializer$Factory (java.base)
 916:             2             48  java.lang.invoke.MethodHandles$Lookup$ClassOption (java.base)
 917:             2             48  java.lang.management.ManagementPermission (java.management)
 918:             2             48  java.lang.reflect.ReflectPermission (java.base)
 919:             3             48  java.nio.charset.CodingErrorAction (java.base)
 920:             3             48  java.text.AttributedCharacterIterator$Attribute (java.base)
 921:             3             48  java.util.Collections$UnmodifiableCollection (java.base)
 922:             3             48  java.util.Collections$UnmodifiableMap$UnmodifiableEntrySet (java.base)
 923:             3             48  java.util.IdentityHashMap$KeySet (java.base)
 924:             3             48  java.util.ResourceBundle$NoFallbackControl (java.base)
 925:             2             48  java.util.ServiceLoader$2 (java.base)
 926:             1             48  java.util.concurrent.ConcurrentSkipListMap (java.base)
 927:             2             48  java.util.concurrent.ConcurrentSkipListMap$Node (java.base)
 928:             1             48  java.util.concurrent.LinkedBlockingQueue (java.base)
 929:             1             48  java.util.logging.ConsoleHandler (java.logging)
 930:             2             48  java.util.logging.Logger$LoggerBundle (java.logging)
 931:             2             48  java.util.logging.LoggingPermission (java.logging)
 932:             2             48  java.util.regex.Pattern$Prolog (java.base)
 933:             2             48  java.util.regex.Pattern$StartS (java.base)
 934:             2             48  javax.crypto.spec.SecretKeySpec (java.base)
 935:             2             48  javax.xml.bind.annotation.XmlAccessOrder
 936:             2             48  jdk.internal.misc.Signal$NativeHandler (java.base)
 937:             3             48  jdk.proxy2.$Proxy8 (jdk.proxy2)
 938:             3             48  joptsimple.internal.ConstructorInvokingValueConverter
 939:             3             48  org.glassfish.grizzly.StandaloneProcessor
 940:             2             48  org.glassfish.grizzly.filterchain.DefaultFilterChain$FilterExecution
 941:             2             48  org.glassfish.grizzly.filterchain.FilterChainContext$State
 942:             2             48  org.spec.jbb.core.ResetMode
 943:             3             48  org.spec.jbb.core.cache.BoundedWriteBackCache$CacheEntry$PriorityComparator
 944:             2             48  org.spec.jbb.core.collections.CardMix
 945:             3             48  org.spec.jbb.core.collections.CollectionUtils$5
 946:             2             48  org.spec.jbb.core.collections.CollectionUtils$UnmodifiableMultiSet
 947:             1             48  org.spec.jbb.core.collections.CreateHashMap
 948:             3             48  org.spec.jbb.core.comm.connectivity.grizzlynio.GrizzlyNioClient$CustomClientFilter
 949:             2             48  org.spec.jbb.core.comm.transport.TransportType$CompressionType
 950:             2             48  org.spec.jbb.core.locks.LockManagerType
 951:             2             48  org.spec.jbb.core.onlinepurchase.RandomOnlinePurchaseAgent
 952:             2             48  org.spec.jbb.core.scheduler.DelayType
 953:             3             48  org.spec.jbb.core.threadpools.EmptyMultiPool
 954:             3             48  org.spec.jbb.core.threadpools.NoSemaphoreAdapter
 955:             3             48  org.spec.jbb.core.threadpools.SpecThreadFactory$1$1
 956:             2             48  org.spec.jbb.hq.HQ$SMInventoryDirection
 957:             2             48  org.spec.jbb.hq.db.DataMiningStorage
 958:             2             48  org.spec.jbb.hq.db.DataMiningStorage$1
 959:             2             48  org.spec.jbb.hq.tx.request.GetProductReviewScoreRequest
 960:             3             48  org.spec.jbb.hq.tx.request.StoreOrderMessage
 961:             2             48  org.spec.jbb.infra.AgentType
 962:             2             48  org.spec.jbb.infra.TransferLogsAgent$FrameOutputStream
 963:             2             48  org.spec.jbb.infra.TransferLogsAgent$TransferFileType
 964:             2             48  org.spec.jbb.infra.rtprocess.ResponseTimeProcessType
 965:             2             48  org.spec.jbb.sm.CustomerSelection$CustomerType
 966:             2             48  org.spec.jbb.sm.SM$2
 967:             2             48  org.spec.jbb.sm.SM$3
 968:             2             48  org.spec.jbb.sm.advertisement.AdvertisementAgentType
 969:             2             48  org.spec.jbb.sm.inventory.LockedRandomBarcodeInventory
 970:             2             48  org.spec.jbb.sp.storage.SupplierStorageImpl
 971:             1             48  org.spec.jbb.util.JbbProperties$3
 972:             2             48  org.spec.jbb.util.StreamUtil$JbbTeeStream
 973:             2             48  org.spec.jbb.util.ThreadLocalSink
 974:             2             48  org.spec.jbb.util.ThreadLocalSink$1
 975:             2             48  sun.nio.fs.NativeBuffer$Deallocator (java.base)
 976:             2             48  sun.security.jca.ProviderList (java.base)
 977:             2             48  sun.security.jca.ProviderList$3 (java.base)
 978:             2             48  sun.util.locale.provider.LocaleServiceProviderPool (java.base)
 979:             1             48  sun.util.resources.TimeZoneNames (java.base)
 980:             1             48  sun.util.resources.TimeZoneNames_en (java.base)
 981:             1             48  sun.util.resources.cldr.TimeZoneNames (java.base)
 982:             1             48  sun.util.resources.cldr.TimeZoneNames_en (java.base)
 983:             1             40  [Lcom.sun.xml.bind.v2.model.core.PropertyKind;
 984:             1             40  [Ljava.lang.Thread$State; (java.base)
 985:             1             40  [Ljava.lang.invoke.VarHandle$AccessType; (java.base)
 986:             1             40  [Ljava.util.stream.StreamOpFlag; (java.base)
 987:             1             40  [Lorg.glassfish.grizzly.Transport$State;
 988:             1             40  [Lorg.spec.jbb.core.Priority;
 989:             1             40  [Lorg.spec.jbb.core.collections.Pair;
 990:             1             40  [Lorg.spec.jbb.core.comm.policy.TransportSelectionPolicyType;
 991:             1             40  [Lorg.spec.jbb.core.purchase.PurchaseAgent$Type;
 992:             1             40  [Lorg.spec.jbb.core.scheduler.SchedulerType;
 993:             1             40  [Lorg.spec.jbb.core.threadpools.ThreadPoolType;
 994:             1             40  [Lorg.spec.jbb.infra.validation.ValidationLevel;
 995:             1             40  [Lorg.spec.jbb.infra.validation.ValidationResult;
 996:             1             40  [Lorg.spec.jbb.reporter.RawResult$RawData$RawDataType;
 997:             1             40  [Lorg.spec.jbb.reporter.RawResult$ValidationReporterResult;
 998:             1             40  [Lorg.spec.jbb.util.random.SpecRandomType;
 999:             1             40  [Lsun.util.locale.provider.LocaleProviderAdapter$Type; (java.base)
1000:             1             40  [[Ljava.lang.invoke.LambdaForm$Name; (java.base)
1001:             1             40  com.sun.management.internal.DiagnosticCommandImpl (jdk.management)
1002:             1             40  com.sun.xml.bind.v2.util.CollisionCheckStack
1003:             1             40  java.io.BufferedInputStream (java.base)
1004:             1             40  java.lang.ArithmeticException (java.base)
1005:             1             40  java.lang.ClassCastException (java.base)
1006:             1             40  java.lang.VirtualMachineError (java.base)
1007:             1             40  java.lang.invoke.MethodHandleImpl$IntrinsicMethodHandle (java.base)
1008:             1             40  java.lang.invoke.VarHandleInts$FieldStaticReadWrite (java.base)
1009:             1             40  java.lang.invoke.VarHandleReferences$Array (java.base)
1010:             1             40  java.net.InetAddress$CachedAddresses (java.base)
1011:             1             40  java.util.ResourceBundle$2 (java.base)
1012:             1             40  javax.crypto.CryptoAllPermission (java.base)
1013:             1             40  jdk.internal.loader.NativeLibraries$2 (java.base)
1014:             1             40  jdk.internal.loader.URLClassPath (java.base)
1015:             1             40  jdk.internal.ref.CleanerImpl$CleanerCleanable (java.base)
1016:             1             40  joptsimple.OptionParser
1017:             1             40  org.spec.jbb.util.SpecJbbLogHandler
1018:             1             40  sun.text.resources.cldr.FormatData (java.base)
1019:             1             40  sun.text.resources.cldr.FormatData_en (java.base)
1020:             1             40  sun.text.resources.cldr.ext.FormatData_en_001 (jdk.localedata)
1021:             1             40  sun.text.resources.cldr.ext.FormatData_en_IN (jdk.localedata)
1022:             1             40  sun.util.locale.InternalLocaleBuilder (java.base)
1023:             1             40  sun.util.resources.Bundles$1 (java.base)
1024:             1             40  sun.util.resources.cldr.CalendarData (java.base)
1025:             1             32  [Lcom.sun.xml.bind.v2.model.core.ID;
1026:             2             32  [Ljava.lang.StackTraceElement; (java.base)
1027:             1             32  [Ljava.lang.ThreadGroup; (java.base)
1028:             1             32  [Ljava.lang.invoke.VarHandle$VarHandleDesc$Kind; (java.base)
1029:             1             32  [Ljava.lang.management.MemoryManagerMXBean; (java.management)
1030:             1             32  [Ljava.lang.module.ModuleDescriptor$Modifier; (java.base)
1031:             1             32  [Ljava.lang.module.ModuleDescriptor$Requires$Modifier; (java.base)
1032:             1             32  [Ljava.net.StandardProtocolFamily; (java.base)
1033:             1             32  [Ljava.nio.file.AccessMode; (java.base)
1034:             1             32  [Ljava.nio.file.FileTreeWalker$EventType; (java.base)
1035:             1             32  [Ljava.util.regex.Pattern$Qtype; (java.base)
1036:             1             32  [Ljava.util.stream.StreamShape; (java.base)
1037:             1             32  [Ljdk.internal.logger.BootstrapLogger$LoggingBackend; (java.base)
1038:             1             32  [Ljdk.internal.module.ServicesCatalog; (java.base)
1039:             1             32  [Lorg.glassfish.grizzly.TransformationResult$Status;
1040:             1             32  [Lorg.spec.jbb.core.collections.sampling.SamplingBufferType;
1041:             1             32  [Lorg.spec.jbb.core.comm.connectivity.ConnectivityType;
1042:             1             32  [Lorg.spec.jbb.core.comm.connectivity.grizzlynio.proto.ProtocolDataUnit$Type;
1043:             1             32  [Lorg.spec.jbb.core.comm.transport.TransportType$EncapsulationType;
1044:             1             32  [Lorg.spec.jbb.core.comm.transport.TransportType$EncryptionType;
1045:             1             32  [Lorg.spec.jbb.core.counters.CounterType;
1046:             1             32  [Lorg.spec.jbb.core.locks.LockRefType;
1047:             1             32  [Lorg.spec.jbb.core.threadpools.ThreadPoolType$MultiPoolType;
1048:             1             32  [Lorg.spec.jbb.core.threadpools.ThreadPoolType$PoolType;
1049:             1             32  [Lorg.spec.jbb.core.util.PropertyParserTest$TestEnum;
1050:             1             32  [Lorg.spec.jbb.infra.Component;
1051:             1             32  [Lorg.spec.jbb.infra.seed.SeedAgentType;
1052:             1             32  [Lorg.spec.jbb.infra.txinjector.irdecider.IRDeciderType;
1053:             1             32  [Lorg.spec.jbb.reporter.RawResult$ProductType;
1054:             1             32  [Lorg.spec.jbb.sm.inventory.InventoryType;
1055:             1             32  [Lorg.spec.jbb.util.PropertyCompliance;
1056:             1             32  [Lsun.security.provider.NativePRNG$Variant; (java.base)
1057:             2             32  com.sun.proxy.jdk.proxy1.$Proxy13 (jdk.proxy1)
1058:             2             32  com.sun.xml.bind.v2.model.impl.ModelBuilder$1
1059:             2             32  com.sun.xml.bind.v2.model.impl.TypeInfoSetImpl$1
1060:             2             32  com.sun.xml.bind.v2.runtime.IllegalAnnotationsException$Builder
1061:             1             32  java.io.UnixFileSystem (java.base)
1062:             2             32  java.lang.ClassValue$Identity (java.base)
1063:             1             32  java.lang.Module$ArchivedData (java.base)
1064:             2             32  java.lang.Shutdown$Lock (java.base)
1065:             2             32  java.nio.ByteOrder (java.base)
1066:             1             32  java.security.MessageDigest$Delegate$CloneableDelegate (java.base)
1067:             1             32  java.text.DontCareFieldPosition (java.base)
1068:             1             32  java.util.ArrayList$SubList (java.base)
1069:             1             32  java.util.Formatter (java.base)
1070:             1             32  java.util.ImmutableCollections$ListItr (java.base)
1071:             1             32  java.util.LinkedHashMap$LinkedKeyIterator (java.base)
1072:             2             32  java.util.ResourceBundle$SingleFormatControl (java.base)
1073:             1             32  java.util.concurrent.CountDownLatch$Sync (java.base)
1074:             1             32  java.util.concurrent.FutureTask (java.base)
1075:             1             32  java.util.concurrent.ThreadLocalRandom (java.base)
1076:             1             32  java.util.concurrent.atomic.LongAdder (java.base)
1077:             1             32  java.util.concurrent.locks.AbstractQueuedSynchronizer$SharedNode (java.base)
1078:             1             32  java.util.concurrent.locks.ReentrantLock$FairSync (java.base)
1079:             2             32  java.util.logging.ErrorManager (java.logging)
1080:             1             32  java.util.logging.LogManager$SystemLoggerContext (java.logging)
1081:             2             32  java.util.regex.Pattern$CharPredicate$$Lambda$97/0x00000008002dd318 (java.base)
1082:             1             32  java.util.zip.ZipCoder$UTF8ZipCoder (java.base)
1083:             1             32  javax.management.ObjectName (java.management)
1084:             2             32  javax.xml.bind.DatatypeConverterImpl
1085:             1             32  jdk.internal.loader.ArchivedClassLoaders (java.base)
1086:             1             32  jdk.internal.loader.URLClassPath$1 (java.base)
1087:             1             32  jdk.internal.org.objectweb.asm.ConstantDynamic (java.base)
1088:             1             32  jdk.internal.org.objectweb.asm.Handle (java.base)
1089:             1             32  jdk.internal.reflect.UnsafeQualifiedDoubleFieldAccessorImpl (java.base)
1090:             1             32  jdk.net.ExtendedSocketOptions$1 (jdk.net)
1091:             2             32  jdk.proxy2.$Proxy16 (jdk.proxy2)
1092:             1             32  joptsimple.NonOptionArgumentSpec
1093:             1             32  joptsimple.OptionSet
1094:             1             32  org.eclipse.jetty.util.DateCache
1095:             2             32  org.glassfish.grizzly.memory.Buffers$BuffersAppender
1096:             1             32  org.spec.jbb.Launcher$BackendRunner
1097:             2             32  org.spec.jbb.core.collections.ConcurrentHashMultiSet$EntrySet
1098:             2             32  org.spec.jbb.core.collections.ConcurrentMultiMap
1099:             2             32  org.spec.jbb.core.collections.HashMultiSet$EntrySet
1100:             1             32  org.spec.jbb.core.comm.Interconnect$Registry
1101:             1             32  org.spec.jbb.core.comm.connectivity.GrizzlyNioProvider
1102:             1             32  org.spec.jbb.core.objectpool.PerKeyQueuePool
1103:             1             32  org.spec.jbb.core.onlinepurchase.ProductReviewScoreBuckets
1104:             2             32  org.spec.jbb.hq.db.Storage$2$1
1105:             2             32  org.spec.jbb.hq.tx.request.InstallmentPurchasePaymentRequest
1106:             2             32  org.spec.jbb.hq.tx.request.OnlineOrderProcessRequest
1107:             2             32  org.spec.jbb.hq.tx.request.ProcessHQInvoicesRequest
1108:             2             32  org.spec.jbb.hq.tx.response.CustomerRatingProductResolveResponse
1109:             1             32  org.spec.jbb.infra.Group
1110:             1             32  org.spec.jbb.infra.TransferLogsSenderAgent
1111:             1             32  org.spec.jbb.infra.snapshot.InMemorySnapshotManager
1112:             2             32  org.spec.jbb.sm.SM$1
1113:             2             32  org.spec.jbb.sm.advertisement.Advertisements
1114:             1             32  org.spec.jbb.util.JbbProperties$4
1115:             2             32  org.spec.jbb.util.JbbProperties$5
1116:             1             32  org.spec.jbb.util.JbbPropertiesParser
1117:             2             32  sun.nio.ch.SocketDispatcher (java.base)
1118:             1             32  sun.nio.fs.LinuxFileSystem (java.base)
1119:             2             32  sun.security.provider.FileInputStreamPool$UnclosableInputStream (java.base)
1120:             2             32  sun.security.provider.NativePRNG (java.base)
1121:             1             32  sun.security.provider.SecureRandom (java.base)
1122:             1             32  sun.security.util.KnownOIDs$1 (java.base)
1123:             1             32  sun.security.util.KnownOIDs$10 (java.base)
1124:             1             32  sun.security.util.KnownOIDs$2 (java.base)
1125:             1             32  sun.security.util.KnownOIDs$3 (java.base)
1126:             1             32  sun.security.util.KnownOIDs$4 (java.base)
1127:             1             32  sun.security.util.KnownOIDs$5 (java.base)
1128:             1             32  sun.security.util.KnownOIDs$6 (java.base)
1129:             1             32  sun.security.util.KnownOIDs$7 (java.base)
1130:             1             32  sun.security.util.KnownOIDs$8 (java.base)
1131:             1             32  sun.security.util.KnownOIDs$9 (java.base)
1132:             2             32  sun.util.resources.LocaleData (java.base)
1133:             1             24  [Ljava.io.File$PathStatus; (java.base)
1134:             1             24  [Ljava.lang.ClassValue$Entry; (java.base)
1135:             1             24  [Ljava.lang.invoke.MethodHandles$Lookup$ClassOption; (java.base)
1136:             1             24  [Ljava.net.InetAddress; (java.base)
1137:             1             24  [Ljava.nio.file.LinkOption; (java.base)
1138:             1             24  [Ljava.util.Locale$Category; (java.base)
1139:             1             24  [Ljavax.xml.bind.annotation.XmlAccessOrder;
1140:             1             24  [Lorg.glassfish.grizzly.filterchain.FilterChainContext$State;
1141:             1             24  [Lorg.spec.jbb.core.comm.transport.TransportType$CompressionType;
1142:             1             24  [Lorg.spec.jbb.core.locks.LockManagerType;
1143:             1             24  [Lorg.spec.jbb.core.scheduler.DelayType;
1144:             1             24  [Lorg.spec.jbb.infra.AgentType;
1145:             1             24  [Lorg.spec.jbb.infra.TransferLogsAgent$TransferFileType;
1146:             1             24  [Lorg.spec.jbb.infra.rtprocess.ResponseTimeProcessType;
1147:             1             24  [Lorg.spec.jbb.sm.advertisement.AdvertisementAgentType;
1148:             1             24  com.sun.management.internal.PlatformMBeanProviderImpl$1 (jdk.management)
1149:             1             24  com.sun.management.internal.PlatformMBeanProviderImpl$2 (jdk.management)
1150:             1             24  com.sun.management.internal.PlatformMBeanProviderImpl$3 (jdk.management)
1151:             1             24  com.sun.management.internal.PlatformMBeanProviderImpl$4 (jdk.management)
1152:             1             24  com.sun.management.internal.PlatformMBeanProviderImpl$5 (jdk.management)
1153:             1             24  com.sun.xml.bind.v2.model.annotation.XmlAttributeQuick
1154:             1             24  com.sun.xml.bind.v2.model.annotation.XmlElementDeclQuick
1155:             1             24  com.sun.xml.bind.v2.model.annotation.XmlElementQuick
1156:             1             24  com.sun.xml.bind.v2.model.annotation.XmlElementRefQuick
1157:             1             24  com.sun.xml.bind.v2.model.annotation.XmlElementRefsQuick
1158:             1             24  com.sun.xml.bind.v2.model.annotation.XmlEnumQuick
1159:             1             24  com.sun.xml.bind.v2.model.annotation.XmlRootElementQuick
1160:             1             24  com.sun.xml.bind.v2.model.annotation.XmlSchemaQuick
1161:             1             24  com.sun.xml.bind.v2.model.annotation.XmlSchemaTypeQuick
1162:             1             24  com.sun.xml.bind.v2.model.annotation.XmlTransientQuick
1163:             1             24  com.sun.xml.bind.v2.model.annotation.XmlTypeQuick
1164:             1             24  com.sun.xml.bind.v2.model.annotation.XmlValueQuick
1165:             1             24  com.sun.xml.bind.v2.model.impl.RuntimeAnyTypeImpl
1166:             1             24  com.sun.xml.bind.v2.model.impl.RuntimeBuiltinLeafInfoImpl$10
1167:             1             24  com.sun.xml.bind.v2.model.impl.RuntimeBuiltinLeafInfoImpl$11
1168:             1             24  com.sun.xml.bind.v2.model.impl.RuntimeBuiltinLeafInfoImpl$12
1169:             1             24  com.sun.xml.bind.v2.model.impl.RuntimeBuiltinLeafInfoImpl$13
1170:             1             24  com.sun.xml.bind.v2.model.impl.RuntimeBuiltinLeafInfoImpl$14
1171:             1             24  com.sun.xml.bind.v2.model.impl.RuntimeBuiltinLeafInfoImpl$15
1172:             1             24  com.sun.xml.bind.v2.model.impl.RuntimeBuiltinLeafInfoImpl$16
1173:             1             24  com.sun.xml.bind.v2.model.impl.RuntimeBuiltinLeafInfoImpl$17
1174:             1             24  com.sun.xml.bind.v2.model.impl.RuntimeBuiltinLeafInfoImpl$18
1175:             1             24  com.sun.xml.bind.v2.model.impl.RuntimeBuiltinLeafInfoImpl$19
1176:             1             24  com.sun.xml.bind.v2.model.impl.RuntimeBuiltinLeafInfoImpl$2
1177:             1             24  com.sun.xml.bind.v2.model.impl.RuntimeBuiltinLeafInfoImpl$20
1178:             1             24  com.sun.xml.bind.v2.model.impl.RuntimeBuiltinLeafInfoImpl$21
1179:             1             24  com.sun.xml.bind.v2.model.impl.RuntimeBuiltinLeafInfoImpl$22
1180:             1             24  com.sun.xml.bind.v2.model.impl.RuntimeBuiltinLeafInfoImpl$23
1181:             1             24  com.sun.xml.bind.v2.model.impl.RuntimeBuiltinLeafInfoImpl$24
1182:             1             24  com.sun.xml.bind.v2.model.impl.RuntimeBuiltinLeafInfoImpl$26
1183:             1             24  com.sun.xml.bind.v2.model.impl.RuntimeBuiltinLeafInfoImpl$27
1184:             1             24  com.sun.xml.bind.v2.model.impl.RuntimeBuiltinLeafInfoImpl$3
1185:             1             24  com.sun.xml.bind.v2.model.impl.RuntimeBuiltinLeafInfoImpl$4
1186:             1             24  com.sun.xml.bind.v2.model.impl.RuntimeBuiltinLeafInfoImpl$5
1187:             1             24  com.sun.xml.bind.v2.model.impl.RuntimeBuiltinLeafInfoImpl$6
1188:             1             24  com.sun.xml.bind.v2.model.impl.RuntimeBuiltinLeafInfoImpl$7
1189:             1             24  com.sun.xml.bind.v2.model.impl.RuntimeBuiltinLeafInfoImpl$8
1190:             1             24  com.sun.xml.bind.v2.model.impl.RuntimeBuiltinLeafInfoImpl$9
1191:             1             24  com.sun.xml.bind.v2.model.impl.RuntimeBuiltinLeafInfoImpl$StringImplImpl
1192:             1             24  com.sun.xml.bind.v2.model.impl.RuntimeBuiltinLeafInfoImpl$UUIDImpl
1193:             1             24  com.sun.xml.bind.v2.runtime.unmarshaller.DomLoader
1194:             1             24  com.sun.xml.bind.v2.runtime.unmarshaller.IntData
1195:             1             24  java.lang.StringBuilder (java.base)
1196:             1             24  java.lang.invoke.MethodType$ConcurrentWeakInternSet (java.base)
1197:             1             24  java.lang.invoke.VarHandle$TypesAndInvokers (java.base)
1198:             1             24  java.lang.invoke.VarHandleByteArrayAsInts$ArrayHandle (java.base)
1199:             1             24  java.lang.invoke.VarHandleByteArrayAsLongs$ArrayHandle (java.base)
1200:             1             24  java.lang.invoke.VarHandles$1 (java.base)
1201:             1             24  java.lang.management.DefaultPlatformMBeanProvider$1 (java.management)
1202:             1             24  java.lang.management.DefaultPlatformMBeanProvider$10 (java.management)
1203:             1             24  java.lang.management.DefaultPlatformMBeanProvider$11 (java.management)
1204:             1             24  java.lang.management.DefaultPlatformMBeanProvider$2 (java.management)
1205:             1             24  java.lang.management.DefaultPlatformMBeanProvider$3 (java.management)
1206:             1             24  java.lang.management.DefaultPlatformMBeanProvider$4 (java.management)
1207:             1             24  java.lang.management.DefaultPlatformMBeanProvider$5 (java.management)
1208:             1             24  java.lang.management.DefaultPlatformMBeanProvider$6 (java.management)
1209:             1             24  java.lang.management.DefaultPlatformMBeanProvider$7 (java.management)
1210:             1             24  java.lang.management.DefaultPlatformMBeanProvider$8 (java.management)
1211:             1             24  java.lang.management.DefaultPlatformMBeanProvider$9 (java.management)
1212:             1             24  java.lang.reflect.Proxy$1 (java.base)
1213:             1             24  java.net.Inet6AddressImpl (java.base)
1214:             1             24  java.nio.file.LinkOption (java.base)
1215:             1             24  java.time.Clock$SystemClock (java.base)
1216:             1             24  java.util.Collections$EmptyMap (java.base)
1217:             1             24  java.util.Collections$SynchronizedCollection (java.base)
1218:             1             24  java.util.Collections$SynchronizedSet (java.base)
1219:             1             24  java.util.Locale$Cache (java.base)
1220:             1             24  java.util.OptionalInt (java.base)
1221:             1             24  java.util.ResourceBundle$Control$CandidateListCache (java.base)
1222:             1             24  java.util.concurrent.ConcurrentSkipListMap$Index (java.base)
1223:             1             24  java.util.concurrent.CopyOnWriteArrayList$COWIterator (java.base)
1224:             1             24  java.util.concurrent.Executors$DefaultThreadFactory (java.base)
1225:             1             24  java.util.concurrent.FutureTask$WaitNode (java.base)
1226:             1             24  java.util.concurrent.LinkedBlockingQueue$Node (java.base)
1227:             1             24  java.util.logging.LogManager$LoggerContext (java.logging)
1228:             1             24  java.util.regex.Pattern$Dollar (java.base)
1229:             1             24  javax.crypto.CryptoPermissions (java.base)
1230:             1             24  javax.xml.bind.JAXBPermission
1231:             1             24  jdk.internal.logger.BootstrapLogger$RedirectedLoggers (java.base)
1232:             1             24  jdk.internal.module.ModuleBootstrap$SafeModuleFinder (java.base)
1233:             1             24  jdk.internal.ref.CleanerImpl (java.base)
1234:             1             24  jdk.management.jfr.internal.FlightRecorderMXBeanProvider$SingleMBeanComponent (jdk.management.jfr)
1235:             1             24  joptsimple.internal.MethodInvokingValueConverter
1236:             1             24  org.eclipse.jetty.util.DateCache$Tick
1237:             1             24  org.eclipse.jetty.util.Uptime$DefaultImpl
1238:             1             24  org.glassfish.grizzly.attributes.DefaultAttributeBuilder
1239:             1             24  org.glassfish.grizzly.memory.AbstractMemoryManager$1
1240:             1             24  org.glassfish.grizzly.memory.Buffers$1
1241:             1             24  org.glassfish.grizzly.memory.HeapMemoryManager
1242:             1             24  org.glassfish.grizzly.nio.DefaultSelectorHandler
1243:             1             24  org.spec.jbb.core.cache.HardReferenceCache
1244:             1             24  org.spec.jbb.core.comm.connectivity.ConnectivityFactory
1245:             1             24  org.spec.jbb.core.comm.connectivity.grizzlynio.ConnectionFactory
1246:             1             24  org.spec.jbb.core.comm.connectivity.grizzlynio.GrizzlyNioClient
1247:             1             24  org.spec.jbb.core.objectpool.PerKeyQueuePool$SealableSet
1248:             1             24  org.spec.jbb.core.threadpools.Tiers
1249:             1             24  org.spec.jbb.hq.HQ$1
1250:             1             24  org.spec.jbb.hq.db.DataMiningManager
1251:             1             24  org.spec.jbb.hq.tx.request.AssociativityOfCategoryRequest
1252:             1             24  org.spec.jbb.hq.tx.request.ProductResolveRequest
1253:             1             24  org.spec.jbb.infra.BackendDescription
1254:             1             24  org.spec.jbb.infra.request.TransferLogChunkRequest
1255:             1             24  org.spec.jbb.infra.validation.ValidationBackendAgent
1256:             1             24  org.spec.jbb.sm.tx.request.UnreserveInventoryRequest
1257:             1             24  org.spec.jbb.util.JbbProperties
1258:             1             24  sun.management.RuntimeImpl (java.management)
1259:             1             24  sun.management.VMManagementImpl (java.management)
1260:             1             24  sun.net.sdp.SdpProvider (java.base)
1261:             1             24  sun.net.www.protocol.http.Handler (java.base)
1262:             1             24  sun.nio.ch.Util$BufferCache (java.base)
1263:             1             24  sun.nio.cs.ISO_8859_1 (java.base)
1264:             1             24  sun.nio.cs.StandardCharsets (java.base)
1265:             1             24  sun.nio.cs.US_ASCII (java.base)
1266:             1             24  sun.nio.cs.UTF_16 (java.base)
1267:             1             24  sun.nio.cs.UTF_16BE (java.base)
1268:             1             24  sun.nio.cs.UTF_16LE (java.base)
1269:             1             24  sun.nio.cs.UTF_8 (java.base)
1270:             1             24  sun.util.cldr.CLDRCalendarDataProviderImpl (java.base)
1271:             1             24  sun.util.cldr.CLDRTimeZoneNameProviderImpl (java.base)
1272:             1             24  sun.util.locale.BaseLocale$Cache (java.base)
1273:             1             24  sun.util.locale.provider.CalendarProviderImpl (java.base)
1274:             1             24  sun.util.locale.provider.DateFormatSymbolsProviderImpl (java.base)
1275:             1             24  sun.util.locale.provider.DecimalFormatSymbolsProviderImpl (java.base)
1276:             1             24  sun.util.locale.provider.NumberFormatProviderImpl (java.base)
1277:             1             24  sun.util.locale.provider.TimeZoneNameProviderImpl (java.base)
1278:             1             16  [Ljava.beans.EventSetDescriptor; (java.desktop)
1279:             1             16  [Ljava.lang.Enum; (java.base)
1280:             1             16  [Ljava.lang.Throwable; (java.base)
1281:             1             16  [Ljava.lang.constant.Constable; (java.base)
1282:             1             16  [Ljava.nio.file.attribute.FileAttribute; (java.base)
1283:             1             16  [Ljava.security.Provider; (java.base)
1284:             1             16  [Ljava.security.cert.Certificate; (java.base)
1285:             1             16  [Ljava.text.FieldPosition; (java.base)
1286:             1             16  [Ljavax.management.ObjectName$Property; (java.management)
1287:             1             16  com.sun.management.internal.PlatformMBeanProviderImpl (jdk.management)
1288:             1             16  com.sun.management.internal.PlatformMBeanProviderImpl$$Lambda$62/0x00000008001552a0 (jdk.management)
1289:             1             16  com.sun.org.apache.xerces.internal.jaxp.datatype.DatatypeFactoryImpl (java.xml)
1290:             1             16  com.sun.xml.bind.AccessorFactoryImpl
1291:             1             16  com.sun.xml.bind.DatatypeConverterImpl
1292:             1             16  com.sun.xml.bind.api.impl.NameConverter$1
1293:             1             16  com.sun.xml.bind.api.impl.NameConverter$2
1294:             1             16  com.sun.xml.bind.api.impl.NameConverter$Standard
1295:             1             16  com.sun.xml.bind.marshaller.MinimumEscapeHandler
1296:             1             16  com.sun.xml.bind.v2.ClassFactory$1
1297:             1             16  com.sun.xml.bind.v2.model.nav.ReflectionNavigator
1298:             1             16  com.sun.xml.bind.v2.model.nav.ReflectionNavigator$1
1299:             1             16  com.sun.xml.bind.v2.model.nav.ReflectionNavigator$2
1300:             1             16  com.sun.xml.bind.v2.model.nav.ReflectionNavigator$6
1301:             1             16  com.sun.xml.bind.v2.runtime.JAXBContextImpl$6
1302:             1             16  com.sun.xml.bind.v2.runtime.output.NamespaceContextImpl$1
1303:             1             16  com.sun.xml.bind.v2.runtime.reflect.Accessor$1
1304:             1             16  com.sun.xml.bind.v2.runtime.reflect.Accessor$2
1305:             1             16  com.sun.xml.bind.v2.runtime.reflect.Lister$1
1306:             1             16  com.sun.xml.bind.v2.runtime.reflect.Lister$2
1307:             1             16  com.sun.xml.bind.v2.runtime.reflect.Lister$ArrayLister
1308:             1             16  com.sun.xml.bind.v2.runtime.reflect.PrimitiveArrayListerBoolean
1309:             1             16  com.sun.xml.bind.v2.runtime.reflect.PrimitiveArrayListerByte
1310:             1             16  com.sun.xml.bind.v2.runtime.reflect.PrimitiveArrayListerCharacter
1311:             1             16  com.sun.xml.bind.v2.runtime.reflect.PrimitiveArrayListerDouble
1312:             1             16  com.sun.xml.bind.v2.runtime.reflect.PrimitiveArrayListerFloat
1313:             1             16  com.sun.xml.bind.v2.runtime.reflect.PrimitiveArrayListerInteger
1314:             1             16  com.sun.xml.bind.v2.runtime.reflect.PrimitiveArrayListerLong
1315:             1             16  com.sun.xml.bind.v2.runtime.reflect.PrimitiveArrayListerShort
1316:             1             16  java.beans.Introspector$1 (java.desktop)
1317:             1             16  java.io.FileDescriptor$1 (java.base)
1318:             1             16  java.io.FilePermission$1 (java.base)
1319:             1             16  java.io.ObjectInputFilter$Config$$Lambda$84/0x000000080027bbb8 (java.base)
1320:             1             16  java.io.ObjectInputFilter$Config$$Lambda$85/0x000000080027bfd8 (java.base)
1321:             1             16  java.io.ObjectInputStream$$Lambda$82/0x000000080027a1d0 (java.base)
1322:             1             16  java.io.ObjectInputStream$$Lambda$83/0x000000080027a5f0 (java.base)
1323:             1             16  java.io.RandomAccessFile$2 (java.base)
1324:             1             16  java.lang.ApplicationShutdownHooks$1 (java.base)
1325:             1             16  java.lang.CharacterData00 (java.base)
1326:             1             16  java.lang.CharacterDataLatin1 (java.base)
1327:             1             16  java.lang.Class$$Lambda$31/0x00000008000e93c0 (java.base)
1328:             1             16  java.lang.Module$$Lambda$73/0x0000000800166ae8 (java.base)
1329:             1             16  java.lang.Runtime (java.base)
1330:             1             16  java.lang.String$CaseInsensitiveComparator (java.base)
1331:             1             16  java.lang.System$2 (java.base)
1332:             1             16  java.lang.Terminator$1 (java.base)
1333:             1             16  java.lang.constant.DynamicConstantDesc$$Lambda$88/0x00000008002ceda8 (java.base)
1334:             1             16  java.lang.constant.DynamicConstantDesc$$Lambda$89/0x00000008002cefe8 (java.base)
1335:             1             16  java.lang.constant.DynamicConstantDesc$$Lambda$90/0x00000008002cf228 (java.base)
1336:             1             16  java.lang.constant.DynamicConstantDesc$$Lambda$91/0x00000008002cf468 (java.base)
1337:             1             16  java.lang.constant.DynamicConstantDesc$$Lambda$92/0x00000008002cf6a8 (java.base)
1338:             1             16  java.lang.constant.DynamicConstantDesc$$Lambda$93/0x00000008002cf8e8 (java.base)
1339:             1             16  java.lang.invoke.ClassSpecializer$1 (java.base)
1340:             1             16  java.lang.invoke.MemberName$Factory (java.base)
1341:             1             16  java.lang.invoke.MethodHandleImpl$1 (java.base)
1342:             1             16  java.lang.invoke.StringConcatFactory$1 (java.base)
1343:             1             16  java.lang.invoke.StringConcatFactory$2 (java.base)
1344:             1             16  java.lang.invoke.StringConcatFactory$3 (java.base)
1345:             1             16  java.lang.invoke.VarHandle$1 (java.base)
1346:             1             16  java.lang.invoke.VarHandleByteArrayAsInts$ArrayHandle$$Lambda$86/0x00000008002cb400 (java.base)
1347:             1             16  java.lang.invoke.VarHandleByteArrayAsLongs$ArrayHandle$$Lambda$87/0x00000008002cbd68 (java.base)
1348:             1             16  java.lang.management.DefaultPlatformMBeanProvider (java.management)
1349:             1             16  java.lang.management.ManagementFactory$$Lambda$61/0x00000008001531e8 (java.management)
1350:             1             16  java.lang.module.ModuleDescriptor$1 (java.base)
1351:             1             16  java.lang.module.ModuleDescriptor$Builder$$Lambda$72/0x0000000800166190 (java.base)
1352:             1             16  java.lang.ref.Cleaner (java.base)
1353:             1             16  java.lang.ref.Cleaner$1 (java.base)
1354:             1             16  java.lang.ref.Reference$1 (java.base)
1355:             1             16  java.lang.reflect.Proxy$$Lambda$70/0x0000000800165348 (java.base)
1356:             1             16  java.lang.reflect.Proxy$$Lambda$80/0x00000008001730a8 (java.base)
1357:             1             16  java.lang.reflect.Proxy$ProxyBuilder$$Lambda$71/0x0000000800165f60 (java.base)
1358:             1             16  java.lang.reflect.ProxyGenerator$$Lambda$76/0x0000000800167aa0 (java.base)
1359:             1             16  java.lang.reflect.ProxyGenerator$$Lambda$77/0x0000000800167ce0 (java.base)
1360:             1             16  java.lang.reflect.ReflectAccess (java.base)
1361:             1             16  java.net.InetAddress$1 (java.base)
1362:             1             16  java.net.InetAddress$PlatformNameService (java.base)
1363:             1             16  java.net.SocketImpl$$Lambda$56/0x0000000800145750 (java.base)
1364:             1             16  java.net.URI$1 (java.base)
1365:             1             16  java.net.URL$3 (java.base)
1366:             1             16  java.net.URL$DefaultFactory (java.base)
1367:             1             16  java.nio.Bits$1 (java.base)
1368:             1             16  java.nio.Buffer$1 (java.base)
1369:             1             16  java.nio.channels.spi.SelectorProvider$Holder$$Lambda$52/0x00000008000b2f50 (java.base)
1370:             1             16  java.nio.file.Files$$Lambda$8/0x0000000800019068 (java.base)
1371:             1             16  java.nio.file.Files$AcceptAllFilter (java.base)
1372:             1             16  java.security.AllPermission (java.base)
1373:             1             16  java.security.AllPermissionCollection (java.base)
1374:             1             16  java.security.ProtectionDomain$JavaSecurityAccessImpl (java.base)
1375:             1             16  java.text.DecimalFormatSymbols$$Lambda$44/0x00000008000fdd00 (java.base)
1376:             1             16  java.text.DontCareFieldPosition$1 (java.base)
1377:             1             16  java.util.Collections$EmptyEnumeration (java.base)
1378:             1             16  java.util.Collections$EmptyIterator (java.base)
1379:             1             16  java.util.Collections$EmptyList (java.base)
1380:             1             16  java.util.Collections$EmptySet (java.base)
1381:             1             16  java.util.EnumMap$1 (java.base)
1382:             1             16  java.util.IdentityHashMap$Values (java.base)
1383:             1             16  java.util.LinkedHashSet (java.base)
1384:             1             16  java.util.Locale$Builder (java.base)
1385:             1             16  java.util.ResourceBundle$1 (java.base)
1386:             1             16  java.util.ResourceBundle$Control (java.base)
1387:             1             16  java.util.Spliterators$EmptySpliterator$OfDouble (java.base)
1388:             1             16  java.util.Spliterators$EmptySpliterator$OfInt (java.base)
1389:             1             16  java.util.Spliterators$EmptySpliterator$OfLong (java.base)
1390:             1             16  java.util.Spliterators$EmptySpliterator$OfRef (java.base)
1391:             1             16  java.util.TreeMap$EntrySet (java.base)
1392:             1             16  java.util.concurrent.ConcurrentLinkedQueue$$Lambda$54/0x00000008000ba8a0 (java.base)
1393:             1             16  java.util.concurrent.ConcurrentSkipListMap$KeySet (java.base)
1394:             1             16  java.util.concurrent.ConcurrentSkipListSet (java.base)
1395:             1             16  java.util.concurrent.CountDownLatch (java.base)
1396:             1             16  java.util.concurrent.Executors$FinalizableDelegatedExecutorService (java.base)
1397:             1             16  java.util.concurrent.ForkJoinPool$DefaultCommonPoolForkJoinWorkerThreadFactory (java.base)
1398:             1             16  java.util.concurrent.ForkJoinPool$DefaultForkJoinWorkerThreadFactory (java.base)
1399:             1             16  java.util.concurrent.ThreadPoolExecutor$AbortPolicy (java.base)
1400:             1             16  java.util.jar.JavaUtilJarAccessImpl (java.base)
1401:             1             16  java.util.logging.Level$$Lambda$28/0x00000008000dded0 (java.logging)
1402:             1             16  java.util.logging.Level$$Lambda$40/0x00000008000f1830 (java.logging)
1403:             1             16  java.util.logging.Level$KnownLevel$$Lambda$26/0x00000008000d53f8 (java.logging)
1404:             1             16  java.util.logging.Level$KnownLevel$$Lambda$27/0x00000008000d5638 (java.logging)
1405:             1             16  java.util.logging.Level$KnownLevel$$Lambda$29/0x00000008000de388 (java.logging)
1406:             1             16  java.util.logging.LogManager$CloseOnReset (java.logging)
1407:             1             16  java.util.logging.LogManager$LoggingProviderAccess (java.logging)
1408:             1             16  java.util.logging.LogManager$VisitedLoggers (java.logging)
1409:             1             16  java.util.logging.SimpleFormatter (java.logging)
1410:             1             16  java.util.logging.SimpleFormatter$$Lambda$30/0x00000008000e5338 (java.logging)
1411:             1             16  java.util.regex.CharPredicates$$Lambda$41/0x00000008000f24e0 (java.base)
1412:             1             16  java.util.regex.Pattern$$Lambda$39/0x00000008000f1170 (java.base)
1413:             1             16  java.util.regex.Pattern$Begin (java.base)
1414:             1             16  java.util.regex.Pattern$LastNode (java.base)
1415:             1             16  java.util.regex.Pattern$Node (java.base)
1416:             1             16  java.util.stream.Collectors$$Lambda$12/0x000000080000a1b0 (java.base)
1417:             1             16  java.util.stream.Collectors$$Lambda$13/0x000000080000a980 (java.base)
1418:             1             16  java.util.stream.Collectors$$Lambda$14/0x000000080000afb0 (java.base)
1419:             1             16  java.util.stream.Collectors$$Lambda$15/0x000000080000b1f8 (java.base)
1420:             1             16  java.util.stream.Collectors$$Lambda$33/0x00000008000e9a38 (java.base)
1421:             1             16  java.util.stream.Collectors$$Lambda$34/0x00000008000e9c68 (java.base)
1422:             1             16  java.util.stream.Collectors$$Lambda$35/0x00000008000e9eb0 (java.base)
1423:             1             16  java.util.stream.Collectors$$Lambda$67/0x000000080015c050 (java.base)
1424:             1             16  java.util.stream.Collectors$$Lambda$68/0x000000080015c270 (java.base)
1425:             1             16  java.util.stream.Collectors$$Lambda$69/0x000000080015c4a0 (java.base)
1426:             1             16  java.util.stream.FindOps$FindSink$OfInt$$Lambda$45/0x00000008000ff298 (java.base)
1427:             1             16  java.util.stream.FindOps$FindSink$OfInt$$Lambda$46/0x00000008000ff4e8 (java.base)
1428:             1             16  java.util.stream.FindOps$FindSink$OfInt$$Lambda$47/0x00000008000ff708 (java.base)
1429:             1             16  java.util.stream.FindOps$FindSink$OfInt$$Lambda$48/0x00000008000ff958 (java.base)
1430:             1             16  java.util.stream.FindOps$FindSink$OfRef$$Lambda$22/0x0000000800007830 (java.base)
1431:             1             16  java.util.stream.FindOps$FindSink$OfRef$$Lambda$23/0x0000000800007a80 (java.base)
1432:             1             16  java.util.stream.FindOps$FindSink$OfRef$$Lambda$24/0x0000000800007ca0 (java.base)
1433:             1             16  java.util.stream.FindOps$FindSink$OfRef$$Lambda$25/0x00000008000c0000 (java.base)
1434:             1             16  java.util.zip.ZipFile$1 (java.base)
1435:             1             16  javax.crypto.CryptoAllPermissionCollection (java.base)
1436:             1             16  javax.crypto.JceSecurity$IdentityWrapper (java.base)
1437:             1             16  javax.xml.bind.ContextFinder$1
1438:             1             16  javax.xml.bind.annotation.W3CDomHandler
1439:             1             16  jdk.internal.math.FloatingDecimal$1 (java.base)
1440:             1             16  jdk.internal.misc.ScopedMemoryAccess (java.base)
1441:             1             16  jdk.internal.misc.TerminatingThreadLocal$1 (java.base)
1442:             1             16  jdk.internal.misc.Unsafe (java.base)
1443:             1             16  jdk.internal.module.DefaultRoots$$Lambda$17/0x000000080000ef10 (java.base)
1444:             1             16  jdk.internal.module.DefaultRoots$$Lambda$18/0x000000080000f160 (java.base)
1445:             1             16  jdk.internal.module.DefaultRoots$$Lambda$20/0x000000080000f5f8 (java.base)
1446:             1             16  jdk.internal.module.DefaultRoots$$Lambda$21/0x000000080000fa40 (java.base)
1447:             1             16  jdk.internal.module.ModulePatcher (java.base)
1448:             1             16  jdk.internal.module.ModulePath$$Lambda$11/0x0000000800008738 (java.base)
1449:             1             16  jdk.internal.perf.Perf (java.base)
1450:             1             16  jdk.internal.reflect.GeneratedConstructorAccessor1
1451:             1             16  jdk.internal.reflect.GeneratedConstructorAccessor10 (java.base)
1452:             1             16  jdk.internal.reflect.GeneratedConstructorAccessor2
1453:             1             16  jdk.internal.reflect.GeneratedConstructorAccessor3
1454:             1             16  jdk.internal.reflect.GeneratedConstructorAccessor4
1455:             1             16  jdk.internal.reflect.GeneratedConstructorAccessor5
1456:             1             16  jdk.internal.reflect.GeneratedConstructorAccessor6
1457:             1             16  jdk.internal.reflect.GeneratedConstructorAccessor7
1458:             1             16  jdk.internal.reflect.GeneratedConstructorAccessor8
1459:             1             16  jdk.internal.reflect.GeneratedConstructorAccessor9
1460:             1             16  jdk.internal.reflect.GeneratedMethodAccessor1
1461:             1             16  jdk.internal.reflect.GeneratedMethodAccessor10 (java.base)
1462:             1             16  jdk.internal.reflect.GeneratedMethodAccessor11 (java.base)
1463:             1             16  jdk.internal.reflect.GeneratedMethodAccessor12 (java.base)
1464:             1             16  jdk.internal.reflect.GeneratedMethodAccessor13 (java.base)
1465:             1             16  jdk.internal.reflect.GeneratedMethodAccessor14 (java.base)
1466:             1             16  jdk.internal.reflect.GeneratedMethodAccessor15 (java.base)
1467:             1             16  jdk.internal.reflect.GeneratedMethodAccessor16 (java.base)
1468:             1             16  jdk.internal.reflect.GeneratedMethodAccessor17 (java.base)
1469:             1             16  jdk.internal.reflect.GeneratedMethodAccessor18 (java.base)
1470:             1             16  jdk.internal.reflect.GeneratedMethodAccessor19 (java.base)
1471:             1             16  jdk.internal.reflect.GeneratedMethodAccessor2
1472:             1             16  jdk.internal.reflect.GeneratedMethodAccessor20 (java.base)
1473:             1             16  jdk.internal.reflect.GeneratedMethodAccessor21
1474:             1             16  jdk.internal.reflect.GeneratedMethodAccessor22 (java.base)
1475:             1             16  jdk.internal.reflect.GeneratedMethodAccessor23
1476:             1             16  jdk.internal.reflect.GeneratedMethodAccessor24 (java.base)
1477:             1             16  jdk.internal.reflect.GeneratedMethodAccessor25 (java.base)
1478:             1             16  jdk.internal.reflect.GeneratedMethodAccessor26
1479:             1             16  jdk.internal.reflect.GeneratedMethodAccessor27 (java.base)
1480:             1             16  jdk.internal.reflect.GeneratedMethodAccessor28 (java.base)
1481:             1             16  jdk.internal.reflect.GeneratedMethodAccessor29 (java.base)
1482:             1             16  jdk.internal.reflect.GeneratedMethodAccessor3 (java.base)
1483:             1             16  jdk.internal.reflect.GeneratedMethodAccessor30 (java.base)
1484:             1             16  jdk.internal.reflect.GeneratedMethodAccessor31
1485:             1             16  jdk.internal.reflect.GeneratedMethodAccessor32 (java.base)
1486:             1             16  jdk.internal.reflect.GeneratedMethodAccessor33 (java.base)
1487:             1             16  jdk.internal.reflect.GeneratedMethodAccessor4
1488:             1             16  jdk.internal.reflect.GeneratedMethodAccessor5
1489:             1             16  jdk.internal.reflect.GeneratedMethodAccessor6
1490:             1             16  jdk.internal.reflect.GeneratedMethodAccessor7
1491:             1             16  jdk.internal.reflect.GeneratedMethodAccessor8
1492:             1             16  jdk.internal.reflect.GeneratedMethodAccessor9
1493:             1             16  jdk.internal.reflect.GeneratedSerializationConstructorAccessor1
1494:             1             16  jdk.internal.reflect.GeneratedSerializationConstructorAccessor10
1495:             1             16  jdk.internal.reflect.GeneratedSerializationConstructorAccessor100 (java.base)
1496:             1             16  jdk.internal.reflect.GeneratedSerializationConstructorAccessor101 (java.base)
1497:             1             16  jdk.internal.reflect.GeneratedSerializationConstructorAccessor102 (java.base)
1498:             1             16  jdk.internal.reflect.GeneratedSerializationConstructorAccessor103 (java.base)
1499:             1             16  jdk.internal.reflect.GeneratedSerializationConstructorAccessor104
1500:             1             16  jdk.internal.reflect.GeneratedSerializationConstructorAccessor105 (java.base)
1501:             1             16  jdk.internal.reflect.GeneratedSerializationConstructorAccessor106 (java.base)
1502:             1             16  jdk.internal.reflect.GeneratedSerializationConstructorAccessor107
1503:             1             16  jdk.internal.reflect.GeneratedSerializationConstructorAccessor108
1504:             1             16  jdk.internal.reflect.GeneratedSerializationConstructorAccessor109
1505:             1             16  jdk.internal.reflect.GeneratedSerializationConstructorAccessor11
1506:             1             16  jdk.internal.reflect.GeneratedSerializationConstructorAccessor110
1507:             1             16  jdk.internal.reflect.GeneratedSerializationConstructorAccessor111
1508:             1             16  jdk.internal.reflect.GeneratedSerializationConstructorAccessor112
1509:             1             16  jdk.internal.reflect.GeneratedSerializationConstructorAccessor113
1510:             1             16  jdk.internal.reflect.GeneratedSerializationConstructorAccessor114
1511:             1             16  jdk.internal.reflect.GeneratedSerializationConstructorAccessor115
1512:             1             16  jdk.internal.reflect.GeneratedSerializationConstructorAccessor116 (java.base)
1513:             1             16  jdk.internal.reflect.GeneratedSerializationConstructorAccessor117
1514:             1             16  jdk.internal.reflect.GeneratedSerializationConstructorAccessor118
1515:             1             16  jdk.internal.reflect.GeneratedSerializationConstructorAccessor119
1516:             1             16  jdk.internal.reflect.GeneratedSerializationConstructorAccessor12 (java.base)
1517:             1             16  jdk.internal.reflect.GeneratedSerializationConstructorAccessor120
1518:             1             16  jdk.internal.reflect.GeneratedSerializationConstructorAccessor121
1519:             1             16  jdk.internal.reflect.GeneratedSerializationConstructorAccessor122
1520:             1             16  jdk.internal.reflect.GeneratedSerializationConstructorAccessor123
1521:             1             16  jdk.internal.reflect.GeneratedSerializationConstructorAccessor124
1522:             1             16  jdk.internal.reflect.GeneratedSerializationConstructorAccessor125
1523:             1             16  jdk.internal.reflect.GeneratedSerializationConstructorAccessor126
1524:             1             16  jdk.internal.reflect.GeneratedSerializationConstructorAccessor127
1525:             1             16  jdk.internal.reflect.GeneratedSerializationConstructorAccessor128
1526:             1             16  jdk.internal.reflect.GeneratedSerializationConstructorAccessor129
1527:             1             16  jdk.internal.reflect.GeneratedSerializationConstructorAccessor13
1528:             1             16  jdk.internal.reflect.GeneratedSerializationConstructorAccessor130
1529:             1             16  jdk.internal.reflect.GeneratedSerializationConstructorAccessor131
1530:             1             16  jdk.internal.reflect.GeneratedSerializationConstructorAccessor132
1531:             1             16  jdk.internal.reflect.GeneratedSerializationConstructorAccessor133
1532:             1             16  jdk.internal.reflect.GeneratedSerializationConstructorAccessor134
1533:             1             16  jdk.internal.reflect.GeneratedSerializationConstructorAccessor135
1534:             1             16  jdk.internal.reflect.GeneratedSerializationConstructorAccessor136
1535:             1             16  jdk.internal.reflect.GeneratedSerializationConstructorAccessor137
1536:             1             16  jdk.internal.reflect.GeneratedSerializationConstructorAccessor138
1537:             1             16  jdk.internal.reflect.GeneratedSerializationConstructorAccessor139
1538:             1             16  jdk.internal.reflect.GeneratedSerializationConstructorAccessor14
1539:             1             16  jdk.internal.reflect.GeneratedSerializationConstructorAccessor140
1540:             1             16  jdk.internal.reflect.GeneratedSerializationConstructorAccessor141
1541:             1             16  jdk.internal.reflect.GeneratedSerializationConstructorAccessor142
1542:             1             16  jdk.internal.reflect.GeneratedSerializationConstructorAccessor143
1543:             1             16  jdk.internal.reflect.GeneratedSerializationConstructorAccessor144 (java.base)
1544:             1             16  jdk.internal.reflect.GeneratedSerializationConstructorAccessor145
1545:             1             16  jdk.internal.reflect.GeneratedSerializationConstructorAccessor146
1546:             1             16  jdk.internal.reflect.GeneratedSerializationConstructorAccessor147
1547:             1             16  jdk.internal.reflect.GeneratedSerializationConstructorAccessor148
1548:             1             16  jdk.internal.reflect.GeneratedSerializationConstructorAccessor149
1549:             1             16  jdk.internal.reflect.GeneratedSerializationConstructorAccessor15
1550:             1             16  jdk.internal.reflect.GeneratedSerializationConstructorAccessor150
1551:             1             16  jdk.internal.reflect.GeneratedSerializationConstructorAccessor151
1552:             1             16  jdk.internal.reflect.GeneratedSerializationConstructorAccessor152 (java.base)
1553:             1             16  jdk.internal.reflect.GeneratedSerializationConstructorAccessor153 (java.base)
1554:             1             16  jdk.internal.reflect.GeneratedSerializationConstructorAccessor154 (java.base)
1555:             1             16  jdk.internal.reflect.GeneratedSerializationConstructorAccessor155 (java.base)
1556:             1             16  jdk.internal.reflect.GeneratedSerializationConstructorAccessor156
1557:             1             16  jdk.internal.reflect.GeneratedSerializationConstructorAccessor157
1558:             1             16  jdk.internal.reflect.GeneratedSerializationConstructorAccessor158
1559:             1             16  jdk.internal.reflect.GeneratedSerializationConstructorAccessor159 (java.base)
1560:             1             16  jdk.internal.reflect.GeneratedSerializationConstructorAccessor16
1561:             1             16  jdk.internal.reflect.GeneratedSerializationConstructorAccessor160
1562:             1             16  jdk.internal.reflect.GeneratedSerializationConstructorAccessor161
1563:             1             16  jdk.internal.reflect.GeneratedSerializationConstructorAccessor162 (java.base)
1564:             1             16  jdk.internal.reflect.GeneratedSerializationConstructorAccessor163
1565:             1             16  jdk.internal.reflect.GeneratedSerializationConstructorAccessor164
1566:             1             16  jdk.internal.reflect.GeneratedSerializationConstructorAccessor165 (java.base)
1567:             1             16  jdk.internal.reflect.GeneratedSerializationConstructorAccessor166 (java.base)
1568:             1             16  jdk.internal.reflect.GeneratedSerializationConstructorAccessor167 (java.base)
1569:             1             16  jdk.internal.reflect.GeneratedSerializationConstructorAccessor168
1570:             1             16  jdk.internal.reflect.GeneratedSerializationConstructorAccessor169
1571:             1             16  jdk.internal.reflect.GeneratedSerializationConstructorAccessor17
1572:             1             16  jdk.internal.reflect.GeneratedSerializationConstructorAccessor170
1573:             1             16  jdk.internal.reflect.GeneratedSerializationConstructorAccessor171 (java.base)
1574:             1             16  jdk.internal.reflect.GeneratedSerializationConstructorAccessor172
1575:             1             16  jdk.internal.reflect.GeneratedSerializationConstructorAccessor173
1576:             1             16  jdk.internal.reflect.GeneratedSerializationConstructorAccessor174
1577:             1             16  jdk.internal.reflect.GeneratedSerializationConstructorAccessor175 (java.base)
1578:             1             16  jdk.internal.reflect.GeneratedSerializationConstructorAccessor176 (java.base)
1579:             1             16  jdk.internal.reflect.GeneratedSerializationConstructorAccessor177 (java.base)
1580:             1             16  jdk.internal.reflect.GeneratedSerializationConstructorAccessor178
1581:             1             16  jdk.internal.reflect.GeneratedSerializationConstructorAccessor179
1582:             1             16  jdk.internal.reflect.GeneratedSerializationConstructorAccessor18
1583:             1             16  jdk.internal.reflect.GeneratedSerializationConstructorAccessor180
1584:             1             16  jdk.internal.reflect.GeneratedSerializationConstructorAccessor181
1585:             1             16  jdk.internal.reflect.GeneratedSerializationConstructorAccessor182
1586:             1             16  jdk.internal.reflect.GeneratedSerializationConstructorAccessor183
1587:             1             16  jdk.internal.reflect.GeneratedSerializationConstructorAccessor184
1588:             1             16  jdk.internal.reflect.GeneratedSerializationConstructorAccessor185
1589:             1             16  jdk.internal.reflect.GeneratedSerializationConstructorAccessor186
1590:             1             16  jdk.internal.reflect.GeneratedSerializationConstructorAccessor187
1591:             1             16  jdk.internal.reflect.GeneratedSerializationConstructorAccessor188
1592:             1             16  jdk.internal.reflect.GeneratedSerializationConstructorAccessor189
1593:             1             16  jdk.internal.reflect.GeneratedSerializationConstructorAccessor19
1594:             1             16  jdk.internal.reflect.GeneratedSerializationConstructorAccessor190
1595:             1             16  jdk.internal.reflect.GeneratedSerializationConstructorAccessor191 (java.base)
1596:             1             16  jdk.internal.reflect.GeneratedSerializationConstructorAccessor192
1597:             1             16  jdk.internal.reflect.GeneratedSerializationConstructorAccessor193
1598:             1             16  jdk.internal.reflect.GeneratedSerializationConstructorAccessor194
1599:             1             16  jdk.internal.reflect.GeneratedSerializationConstructorAccessor195
1600:             1             16  jdk.internal.reflect.GeneratedSerializationConstructorAccessor196
1601:             1             16  jdk.internal.reflect.GeneratedSerializationConstructorAccessor197
1602:             1             16  jdk.internal.reflect.GeneratedSerializationConstructorAccessor198
1603:             1             16  jdk.internal.reflect.GeneratedSerializationConstructorAccessor199
1604:             1             16  jdk.internal.reflect.GeneratedSerializationConstructorAccessor2
1605:             1             16  jdk.internal.reflect.GeneratedSerializationConstructorAccessor20
1606:             1             16  jdk.internal.reflect.GeneratedSerializationConstructorAccessor200
1607:             1             16  jdk.internal.reflect.GeneratedSerializationConstructorAccessor201
1608:             1             16  jdk.internal.reflect.GeneratedSerializationConstructorAccessor202
1609:             1             16  jdk.internal.reflect.GeneratedSerializationConstructorAccessor203
1610:             1             16  jdk.internal.reflect.GeneratedSerializationConstructorAccessor204
1611:             1             16  jdk.internal.reflect.GeneratedSerializationConstructorAccessor21
1612:             1             16  jdk.internal.reflect.GeneratedSerializationConstructorAccessor22
1613:             1             16  jdk.internal.reflect.GeneratedSerializationConstructorAccessor23 (java.base)
1614:             1             16  jdk.internal.reflect.GeneratedSerializationConstructorAccessor24
1615:             1             16  jdk.internal.reflect.GeneratedSerializationConstructorAccessor25
1616:             1             16  jdk.internal.reflect.GeneratedSerializationConstructorAccessor26
1617:             1             16  jdk.internal.reflect.GeneratedSerializationConstructorAccessor27 (java.base)
1618:             1             16  jdk.internal.reflect.GeneratedSerializationConstructorAccessor28 (java.base)
1619:             1             16  jdk.internal.reflect.GeneratedSerializationConstructorAccessor29 (java.base)
1620:             1             16  jdk.internal.reflect.GeneratedSerializationConstructorAccessor3 (java.base)
1621:             1             16  jdk.internal.reflect.GeneratedSerializationConstructorAccessor30
1622:             1             16  jdk.internal.reflect.GeneratedSerializationConstructorAccessor31
1623:             1             16  jdk.internal.reflect.GeneratedSerializationConstructorAccessor32
1624:             1             16  jdk.internal.reflect.GeneratedSerializationConstructorAccessor33
1625:             1             16  jdk.internal.reflect.GeneratedSerializationConstructorAccessor34
1626:             1             16  jdk.internal.reflect.GeneratedSerializationConstructorAccessor35
1627:             1             16  jdk.internal.reflect.GeneratedSerializationConstructorAccessor36 (java.base)
1628:             1             16  jdk.internal.reflect.GeneratedSerializationConstructorAccessor37
1629:             1             16  jdk.internal.reflect.GeneratedSerializationConstructorAccessor38
1630:             1             16  jdk.internal.reflect.GeneratedSerializationConstructorAccessor39 (java.base)
1631:             1             16  jdk.internal.reflect.GeneratedSerializationConstructorAccessor4
1632:             1             16  jdk.internal.reflect.GeneratedSerializationConstructorAccessor40
1633:             1             16  jdk.internal.reflect.GeneratedSerializationConstructorAccessor41
1634:             1             16  jdk.internal.reflect.GeneratedSerializationConstructorAccessor42
1635:             1             16  jdk.internal.reflect.GeneratedSerializationConstructorAccessor43
1636:             1             16  jdk.internal.reflect.GeneratedSerializationConstructorAccessor44
1637:             1             16  jdk.internal.reflect.GeneratedSerializationConstructorAccessor45
1638:             1             16  jdk.internal.reflect.GeneratedSerializationConstructorAccessor46 (java.base)
1639:             1             16  jdk.internal.reflect.GeneratedSerializationConstructorAccessor47
1640:             1             16  jdk.internal.reflect.GeneratedSerializationConstructorAccessor48 (java.base)
1641:             1             16  jdk.internal.reflect.GeneratedSerializationConstructorAccessor49
1642:             1             16  jdk.internal.reflect.GeneratedSerializationConstructorAccessor5
1643:             1             16  jdk.internal.reflect.GeneratedSerializationConstructorAccessor50
1644:             1             16  jdk.internal.reflect.GeneratedSerializationConstructorAccessor51
1645:             1             16  jdk.internal.reflect.GeneratedSerializationConstructorAccessor52 (java.base)
1646:             1             16  jdk.internal.reflect.GeneratedSerializationConstructorAccessor53
1647:             1             16  jdk.internal.reflect.GeneratedSerializationConstructorAccessor54
1648:             1             16  jdk.internal.reflect.GeneratedSerializationConstructorAccessor55
1649:             1             16  jdk.internal.reflect.GeneratedSerializationConstructorAccessor56
1650:             1             16  jdk.internal.reflect.GeneratedSerializationConstructorAccessor57
1651:             1             16  jdk.internal.reflect.GeneratedSerializationConstructorAccessor58
1652:             1             16  jdk.internal.reflect.GeneratedSerializationConstructorAccessor59 (java.base)
1653:             1             16  jdk.internal.reflect.GeneratedSerializationConstructorAccessor6 (java.base)
1654:             1             16  jdk.internal.reflect.GeneratedSerializationConstructorAccessor60 (java.base)
1655:             1             16  jdk.internal.reflect.GeneratedSerializationConstructorAccessor61
1656:             1             16  jdk.internal.reflect.GeneratedSerializationConstructorAccessor62 (java.base)
1657:             1             16  jdk.internal.reflect.GeneratedSerializationConstructorAccessor63
1658:             1             16  jdk.internal.reflect.GeneratedSerializationConstructorAccessor64
1659:             1             16  jdk.internal.reflect.GeneratedSerializationConstructorAccessor65
1660:             1             16  jdk.internal.reflect.GeneratedSerializationConstructorAccessor66
1661:             1             16  jdk.internal.reflect.GeneratedSerializationConstructorAccessor67
1662:             1             16  jdk.internal.reflect.GeneratedSerializationConstructorAccessor68
1663:             1             16  jdk.internal.reflect.GeneratedSerializationConstructorAccessor69
1664:             1             16  jdk.internal.reflect.GeneratedSerializationConstructorAccessor7 (java.base)
1665:             1             16  jdk.internal.reflect.GeneratedSerializationConstructorAccessor70
1666:             1             16  jdk.internal.reflect.GeneratedSerializationConstructorAccessor71
1667:             1             16  jdk.internal.reflect.GeneratedSerializationConstructorAccessor72
1668:             1             16  jdk.internal.reflect.GeneratedSerializationConstructorAccessor73
1669:             1             16  jdk.internal.reflect.GeneratedSerializationConstructorAccessor74
1670:             1             16  jdk.internal.reflect.GeneratedSerializationConstructorAccessor75
1671:             1             16  jdk.internal.reflect.GeneratedSerializationConstructorAccessor76 (java.base)
1672:             1             16  jdk.internal.reflect.GeneratedSerializationConstructorAccessor77
1673:             1             16  jdk.internal.reflect.GeneratedSerializationConstructorAccessor78
1674:             1             16  jdk.internal.reflect.GeneratedSerializationConstructorAccessor79
1675:             1             16  jdk.internal.reflect.GeneratedSerializationConstructorAccessor8 (java.base)
1676:             1             16  jdk.internal.reflect.GeneratedSerializationConstructorAccessor80
1677:             1             16  jdk.internal.reflect.GeneratedSerializationConstructorAccessor81
1678:             1             16  jdk.internal.reflect.GeneratedSerializationConstructorAccessor82
1679:             1             16  jdk.internal.reflect.GeneratedSerializationConstructorAccessor83
1680:             1             16  jdk.internal.reflect.GeneratedSerializationConstructorAccessor84
1681:             1             16  jdk.internal.reflect.GeneratedSerializationConstructorAccessor85
1682:             1             16  jdk.internal.reflect.GeneratedSerializationConstructorAccessor86
1683:             1             16  jdk.internal.reflect.GeneratedSerializationConstructorAccessor87
1684:             1             16  jdk.internal.reflect.GeneratedSerializationConstructorAccessor88
1685:             1             16  jdk.internal.reflect.GeneratedSerializationConstructorAccessor89
1686:             1             16  jdk.internal.reflect.GeneratedSerializationConstructorAccessor9
1687:             1             16  jdk.internal.reflect.GeneratedSerializationConstructorAccessor90
1688:             1             16  jdk.internal.reflect.GeneratedSerializationConstructorAccessor91
1689:             1             16  jdk.internal.reflect.GeneratedSerializationConstructorAccessor92
1690:             1             16  jdk.internal.reflect.GeneratedSerializationConstructorAccessor93
1691:             1             16  jdk.internal.reflect.GeneratedSerializationConstructorAccessor94
1692:             1             16  jdk.internal.reflect.GeneratedSerializationConstructorAccessor95
1693:             1             16  jdk.internal.reflect.GeneratedSerializationConstructorAccessor96 (java.base)
1694:             1             16  jdk.internal.reflect.GeneratedSerializationConstructorAccessor97 (java.base)
1695:             1             16  jdk.internal.reflect.GeneratedSerializationConstructorAccessor98 (java.base)
1696:             1             16  jdk.internal.reflect.GeneratedSerializationConstructorAccessor99 (java.base)
1697:             1             16  jdk.internal.reflect.ReflectionFactory (java.base)
1698:             1             16  jdk.net.LinuxSocketOptions (jdk.net)
1699:             1             16  jdk.proxy1.$Proxy0 (jdk.proxy1)
1700:             1             16  jdk.proxy1.$Proxy6 (jdk.proxy1)
1701:             1             16  jdk.xml.internal.SecuritySupport$$Lambda$103/0x00000008002ea950 (java.xml)
1702:             1             16  joptsimple.OptionParserState$2
1703:             1             16  org.eclipse.jetty.util.Uptime
1704:             1             16  org.glassfish.grizzly.Context$NullProcessor
1705:             1             16  org.glassfish.grizzly.Writer$Reentrant$1
1706:             1             16  org.glassfish.grizzly.filterchain.ExecutorResolver$1
1707:             1             16  org.glassfish.grizzly.filterchain.ExecutorResolver$2
1708:             1             16  org.glassfish.grizzly.filterchain.ExecutorResolver$3
1709:             1             16  org.glassfish.grizzly.filterchain.ExecutorResolver$4
1710:             1             16  org.glassfish.grizzly.filterchain.ExecutorResolver$5
1711:             1             16  org.glassfish.grizzly.filterchain.ExecutorResolver$6
1712:             1             16  org.glassfish.grizzly.filterchain.ExecutorResolver$7
1713:             1             16  org.glassfish.grizzly.filterchain.ExecutorResolver$8
1714:             1             16  org.glassfish.grizzly.filterchain.ExecutorResolver$9
1715:             1             16  org.glassfish.grizzly.filterchain.RerunFilterAction
1716:             1             16  org.glassfish.grizzly.filterchain.SuspendAction
1717:             1             16  org.glassfish.grizzly.filterchain.TransportFilter$FlushEvent
1718:             1             16  org.glassfish.grizzly.http.server.RequestExecutorProvider$WorkerThreadProvider
1719:             1             16  org.glassfish.grizzly.nio.DefaultSelectionKeyHandler
1720:             1             16  org.glassfish.grizzly.nio.transport.TCPNIOTransport$DefaultChannelConfigurator
1721:             1             16  org.glassfish.grizzly.strategies.AbstractIOStrategy$EnableInterestLifeCycleListener
1722:             1             16  org.glassfish.grizzly.strategies.WorkerThreadIOStrategy
1723:             1             16  org.glassfish.grizzly.threadpool.AbstractThreadPool$1
1724:             1             16  org.glassfish.grizzly.threadpool.AbstractThreadPool$2
1725:             1             16  org.glassfish.grizzly.utils.CompletionHandlerAdapter$1
1726:             1             16  org.spec.jbb.Launcher
1727:             1             16  org.spec.jbb.core.collections.CollectionUtils$EmptyMix
1728:             1             16  org.spec.jbb.core.collections.ConcurrentHashMultiSet$ElementSet
1729:             1             16  org.spec.jbb.core.collections.ListMix$Tick$TickComparator
1730:             1             16  org.spec.jbb.core.comm.AbstractResponse$JAXBAdapter
1731:             1             16  org.spec.jbb.core.comm.connectivity.GrizzlyHttpProvider
1732:             1             16  org.spec.jbb.core.comm.policy.MaxThroughputPolicy
1733:             1             16  org.spec.jbb.core.comm.policy.MaxXmlPolicy$1
1734:             1             16  org.spec.jbb.core.comm.policy.NPESafePolicy
1735:             1             16  org.spec.jbb.core.onlinepurchase.ProductReviewScoreBuckets$1
1736:             1             16  org.spec.jbb.core.spi.SpiFactory$1
1737:             1             16  org.spec.jbb.core.threadpools.SettableFuture$1
1738:             1             16  org.spec.jbb.core.time.JavaSystemClock
1739:             1             16  org.spec.jbb.hq.db.Storage$1
1740:             1             16  org.spec.jbb.hq.db.Storage$2
1741:             1             16  org.spec.jbb.hq.db.Storage$3
1742:             1             16  org.spec.jbb.hq.db.Storage$4
1743:             1             16  org.spec.jbb.hq.tx.SupermarketAudit$1
1744:             1             16  org.spec.jbb.hq.tx.request.InstallmentPurchaseReceiptMessage
1745:             1             16  org.spec.jbb.hq.tx.request.InstallmentPurchaseVoidRequest
1746:             1             16  org.spec.jbb.hq.tx.response.FindCustomerZipResponse
1747:             1             16  org.spec.jbb.hq.tx.response.ProductReviewScoreResponse
1748:             1             16  org.spec.jbb.infra.AbstractAgent$1
1749:             1             16  org.spec.jbb.infra.IterationStatus$Tick$TimeComparator
1750:             1             16  org.spec.jbb.infra.TransferLogsSenderAgent$SenderTask
1751:             1             16  org.spec.jbb.infra.heartbeat.HeartbeatWatchdog$Barker
1752:             1             16  org.spec.jbb.infra.heartbeat.HeartbeatWatchdog$Checker
1753:             1             16  org.spec.jbb.infra.states.RunningState
1754:             1             16  org.spec.jbb.infra.txinjector.TxInjectorPerfromanceDataCollector$2
1755:             1             16  org.spec.jbb.infra.txinjector.TxInjectorPerfromanceDataCollector$3
1756:             1             16  org.spec.jbb.reporter.RawResult$RawLine$1
1757:             1             16  org.spec.jbb.sm.inventory.InventoryTest$1
1758:             1             16  org.spec.jbb.sm.inventory.InventoryTest$2
1759:             1             16  org.spec.jbb.util.JbbProperties$1
1760:             1             16  org.spec.jbb.util.JbbProperties$2
1761:             1             16  org.spec.jbb.util.OptFormatter
1762:             1             16  org.spec.jbb.util.RandomData
1763:             1             16  sun.misc.Unsafe (jdk.unsupported)
1764:             1             16  sun.net.www.protocol.file.Handler (java.base)
1765:             1             16  sun.net.www.protocol.jar.Handler (java.base)
1766:             1             16  sun.net.www.protocol.jar.JarFileFactory (java.base)
1767:             1             16  sun.nio.ch.DefaultSelectorProvider$$Lambda$53/0x00000008000b3828 (java.base)
1768:             1             16  sun.nio.ch.EPollSelectorProvider (java.base)
1769:             1             16  sun.nio.ch.ExtendedSocketOption$1 (java.base)
1770:             1             16  sun.nio.ch.Net$1 (java.base)
1771:             1             16  sun.nio.ch.Util$1 (java.base)
1772:             1             16  sun.nio.fs.LinuxFileSystemProvider (java.base)
1773:             1             16  sun.nio.fs.NativeBuffers$1 (java.base)
1774:             1             16  sun.reflect.generics.tree.IntSignature (java.base)
1775:             1             16  sun.reflect.generics.tree.LongSignature (java.base)
1776:             1             16  sun.reflect.generics.tree.VoidDescriptor (java.base)
1777:             1             16  sun.security.jca.ProviderConfig$ProviderLoader (java.base)
1778:             1             16  sun.security.util.ArrayUtil$$Lambda$98/0x00000008002e3710 (java.base)
1779:             1             16  sun.security.util.ByteArrayLexOrder (java.base)
1780:             1             16  sun.security.util.ByteArrayTagOrder (java.base)
1781:             1             16  sun.util.calendar.Gregorian (java.base)
1782:             1             16  sun.util.cldr.CLDRBaseLocaleDataMetaInfo (java.base)
1783:             1             16  sun.util.locale.InternalLocaleBuilder$CaseInsensitiveChar (java.base)
1784:             1             16  sun.util.locale.provider.CalendarDataUtility$CalendarWeekParameterGetter (java.base)
1785:             1             16  sun.util.locale.provider.TimeZoneNameUtility$TimeZoneNameGetter (java.base)
1786:             1             16  sun.util.resources.LocaleData$LocaleDataStrategy (java.base)
1787:             1             16  sun.util.resources.cldr.provider.CLDRLocaleDataMetaInfo (jdk.localedata)
Total      29013008     1423647904
