 num     #instances         #bytes  class name (module)
-------------------------------------------------------
   1:       1173993      866473312  [B (java.base)
   2:       6901297      220841504  java.util.HashMap$Node (java.base)
   3:       8180833      196339992  java.lang.Long (java.base)
   4:       3002629       96084128  org.spec.jbb.hq.entity.ReceiptLine
   5:        447928       68953368  [Ljava.util.HashMap$Node; (java.base)
   6:       1592068       63682720  java.math.BigDecimal (java.base)
   7:       1355384       43372288  java.util.concurrent.ConcurrentHashMap$Node (java.base)
   8:        390644       32487472  [Ljava.lang.Object; (java.base)
   9:       1162031       27888744  java.lang.String (java.base)
  10:        451021       21649008  java.util.HashMap (java.base)
  11:        429321       17172840  java.math.BigInteger (java.base)
  12:         23027       15121032  [Ljava.util.concurrent.ConcurrentHashMap$Node; (java.base)
  13:        296699       14241552  org.spec.jbb.hq.entity.Product
  14:        369937       11837984  java.util.concurrent.locks.ReentrantLock$NonfairSync (java.base)
  15:        431644       10554320  [I (java.base)
  16:        255372       10214880  java.lang.ref.SoftReference (java.base)
  17:        227603        7283296  java.util.PriorityQueue (java.base)
  18:        105544        6754816  java.util.concurrent.ConcurrentHashMap (java.base)
  19:        200000        6400000  org.spec.jbb.sm.inventory.LockedRandomBarcodeInventory$QuantityInfo
  20:        398607        6377712  java.util.HashSet (java.base)
  21:        369938        5919008  java.util.concurrent.locks.ReentrantLock (java.base)
  22:        203618        4886832  java.util.concurrent.atomic.AtomicLong (java.base)
  23:        200000        4800000  org.spec.jbb.core.collections.HashMultiSet$Entry
  24:        100000        4800000  org.spec.jbb.hq.entity.CreditCard
  25:        103958        4158320  org.spec.jbb.hq.entity.CustomerProfile
  26:        100000        4000000  org.spec.jbb.hq.entity.Customer
  27:        249703        3995248  java.util.HashMap$KeySet (java.base)
  28:         50473        3230272  org.spec.jbb.hq.entity.Receipt
  29:        100000        3200000  org.spec.jbb.hq.entity.Address
  30:        100000        3200000  org.spec.jbb.sm.CustomerSelection$CustomerPosition
  31:         65519        2620760  org.spec.jbb.core.locks.SoftEntry
  32:        103968        2495232  org.spec.jbb.core.collections.Window
  33:        101920        2446080  java.util.concurrent.ConcurrentLinkedQueue$Node (java.base)
  34:          2244        1981728  [C (java.base)
  35:         51976        1663232  org.spec.jbb.core.cache.BoundedWriteBackCache$CacheEntry
  36:         52308        1255392  java.util.ArrayList (java.base)
  37:         49341        1184184  org.spec.jbb.core.collections.ConcurrentHashMultiSet$Entry
  38:         37423         898152  java.util.Date (java.base)
  39:         53469         855504  java.util.concurrent.atomic.AtomicInteger (java.base)
  40:         50521         808336  org.spec.jbb.core.collections.HashMultiMap
  41:         19687         629984  org.spec.jbb.sm.coupon.SpecificCoupon
  42:          4951         591320  java.lang.Class (java.base)
  43:         33138         530208  java.util.HashMap$EntrySet (java.base)
  44:         32745         523920  java.util.HashMap$Values (java.base)
  45:         17735         425640  org.spec.jbb.sm.coupon.GenericCoupon
  46:           360         374400  [Ljava.util.concurrent.ForkJoinTask; (java.base)
  47:          3578         314864  java.lang.reflect.Method (java.base)
  48:           666         261072  org.glassfish.grizzly.threadpool.DefaultWorkerThread
  49:         10001         240024  org.spec.jbb.infra.TransferLogsAgent$Frame
  50:         13216         211456  org.spec.jbb.core.probe.EmptyProbe
  51:         13179         210864  java.util.concurrent.ConcurrentHashMap$EntrySetView (java.base)
  52:          3753         150120  java.util.LinkedHashMap$Entry (java.base)
  53:          8489         135824  java.lang.Object (java.base)
  54:          1828         131616  java.lang.reflect.Field (java.base)
  55:          5458         120896  [Ljava.lang.Class; (java.base)
  56:           360         109440  java.util.concurrent.ForkJoinPool$WorkQueue (java.base)
  57:          1211          87192  java.lang.reflect.Constructor (java.base)
  58:          1390          86648  [Ljava.lang.String; (java.base)
  59:          1986          79440  sun.util.locale.LocaleObjectCache$CacheEntry (java.base)
  60:          3160          75840  org.glassfish.grizzly.attributes.UnsafeAttributeHolder$Holder
  61:          2304          73728  com.sun.org.apache.xerces.internal.xni.QName (java.xml)
  62:           827          66160  [Ljava.lang.ThreadLocal$ThreadLocalMap$Entry; (java.base)
  63:           169          63544  java.util.concurrent.ForkJoinWorkerThread (java.base)
  64:           704          56320  [Ljava.util.WeakHashMap$Entry; (java.base)
  65:          2286          54864  java.util.ArrayDeque (java.base)
  66:           565          54240  org.glassfish.grizzly.nio.SelectorRunner
  67:           745          47680  java.lang.Class$ReflectionData (java.base)
  68:          1894          45456  java.util.concurrent.ConcurrentLinkedQueue (java.base)
  69:           565          45200  sun.nio.ch.EPollSelectorImpl (java.base)
  70:          1319          42208  java.lang.ThreadLocal$ThreadLocalMap$Entry (java.base)
  71:           740          41440  java.util.LinkedHashMap (java.base)
  72:           766          40800  [Ljava.nio.ByteBuffer; (java.base)
  73:           790          37920  org.glassfish.grizzly.attributes.UnsafeAttributeHolder
  74:           717          34416  java.lang.invoke.MemberName (java.base)
  75:           704          33792  java.util.WeakHashMap (java.base)
  76:          1011          32352  java.lang.ref.WeakReference (java.base)
  77:          1011          32352  java.util.Locale (java.base)
  78:          1010          32320  sun.util.locale.BaseLocale (java.base)
  79:          1340          32160  java.lang.Class$AnnotationData (java.base)
  80:           666          31968  org.glassfish.grizzly.memory.HeapMemoryManager$HeapBufferThreadLocalPool
  81:           991          31712  sun.util.locale.BaseLocale$Key (java.base)
  82:           938          30016  [Lorg.glassfish.grizzly.filterchain.DefaultFilterChain$FilterStateElement;
  83:           237          28440  java.io.ObjectStreamClass (java.base)
  84:           352          28120  [J (java.base)
  85:           217          27776  org.glassfish.grizzly.nio.transport.TCPNIOConnection
  86:           681          27240  java.io.ObjectStreamField (java.base)
  87:           215          25760  [Lorg.glassfish.grizzly.ThreadCache$ObjectCacheElement;
  88:           633          25320  java.util.WeakHashMap$Entry (java.base)
  89:           778          24896  com.sun.xml.bind.v2.runtime.Name
  90:           217          24304  sun.nio.ch.SocketChannelImpl (java.base)
  91:           604          24160  java.security.AccessControlContext (java.base)
  92:           743          23776  java.lang.ref.ReferenceQueue (java.base)
  93:           493          23664  java.lang.StackTraceElement (java.base)
  94:           279          23344  [Lcom.sun.xml.bind.v2.util.QNameMap$Entry;
  95:          1451          23216  java.util.concurrent.atomic.AtomicReference (java.base)
  96:           906          21744  javax.xml.namespace.QName (java.xml)
  97:           666          21312  com.sun.xml.bind.v2.util.QNameMap$Entry
  98:           266          21280  jdk.internal.reflect.DelegatingClassLoader (java.base)
  99:           332          21248  com.sun.xml.bind.v2.model.impl.RuntimeElementPropertyInfoImpl
 100:           864          20736  com.sun.org.apache.xerces.internal.util.XMLStringBuffer (java.xml)
 101:           377          20600  [Ljava.lang.reflect.Method; (java.base)
 102:           509          20360  java.lang.invoke.MethodType (java.base)
 103:           252          20160  com.sun.xml.bind.v2.model.impl.RuntimeClassInfoImpl
 104:           252          20160  com.sun.xml.bind.v2.runtime.ClassBeanInfoImpl
 105:           827          19848  java.lang.ThreadLocal$ThreadLocalMap (java.base)
 106:           337          18872  java.lang.Module (java.base)
 107:           576          18432  com.sun.xml.bind.v2.runtime.unmarshaller.Scope
 108:           756          18144  com.sun.org.apache.xerces.internal.xni.XMLString (java.xml)
 109:           565          18080  org.glassfish.grizzly.threadpool.FixedThreadPool$BasicWorker
 110:           442          17680  org.glassfish.grizzly.asyncqueue.TaskQueue
 111:           517          16544  java.lang.invoke.MethodType$ConcurrentWeakInternSet$WeakEntry (java.base)
 112:           208          15808  [Ljava.lang.ref.SoftReference; (java.base)
 113:           657          15768  java.util.concurrent.ConcurrentLinkedDeque$Node (java.base)
 114:           974          15584  java.lang.Integer (java.base)
 115:           641          15384  java.security.Provider$ServiceKey (java.base)
 116:           239          15296  java.security.Provider$Service (java.base)
 117:            36          15264  [Lcom.sun.org.apache.xerces.internal.util.SymbolTable$Entry; (java.xml)
 118:            28          14784  [Ljava.util.concurrent.atomic.AtomicLong; (java.base)
 119:           612          14688  com.sun.org.apache.xerces.internal.util.SymbolTable$Entry (java.xml)
 120:           442          14144  java.net.InetAddress$InetAddressHolder (java.base)
 121:           584          14016  com.sun.istack.FinalArrayList
 122:           577          13848  java.lang.invoke.ResolvedMethodName (java.base)
 123:           144          13824  [Lcom.sun.org.apache.xerces.internal.xni.QName; (java.xml)
 124:           576          13824  [Ljava.security.ProtectionDomain; (java.base)
 125:           288          13824  com.sun.org.apache.xerces.internal.util.XMLAttributesImpl$Attribute (java.xml)
 126:           569          13784  [Ljava.lang.reflect.Constructor; (java.base)
 127:           570          13680  java.util.concurrent.ConcurrentHashMap$KeySetView (java.base)
 128:           332          13280  com.sun.xml.bind.v2.model.impl.RuntimeTypeRefImpl
 129:           552          13248  java.util.concurrent.ConcurrentLinkedDeque (java.base)
 130:           552          13248  org.spec.jbb.core.objectpool.SimplePool
 131:            36          12960  com.sun.org.apache.xerces.internal.impl.XMLNSDocumentScannerImpl (java.xml)
 132:           398          12736  java.lang.invoke.LambdaForm$Name (java.base)
 133:           792          12672  java.util.concurrent.atomic.AtomicBoolean (java.base)
 134:           790          12640  org.glassfish.grizzly.attributes.UnsafeAttributeHolder$IndexedAttributeAccessorImpl
 135:           511          12264  java.util.concurrent.LinkedBlockingDeque$Node (java.base)
 136:           511          12264  org.spec.jbb.core.objectpool.PerKeyQueuePool$LazyFactoryCall
 137:           252          12096  com.sun.xml.bind.v2.runtime.unmarshaller.StructureLoader
 138:           504          12096  org.glassfish.grizzly.ThreadCache$ObjectCacheElement
 139:           745          11920  java.lang.ref.ReferenceQueue$Lock (java.base)
 140:           295          11800  java.security.ProtectionDomain (java.base)
 141:           291          11640  java.security.CodeSource (java.base)
 142:           700          11200  org.spec.jbb.hq.entity.Category
 143:           341          10912  jdk.internal.math.FDBigInteger (java.base)
 144:           124          10912  org.glassfish.grizzly.filterchain.FilterChainContext
 145:           670          10720  org.glassfish.grizzly.ThreadCache$ObjectCache
 146:           444          10656  java.util.ImmutableCollections$Set12 (java.base)
 147:           442          10608  java.net.InetSocketAddress$InetSocketAddressHolder (java.base)
 148:           221          10608  sun.nio.ch.SelectionKeyImpl (java.base)
 149:           438          10512  org.glassfish.grizzly.utils.Holder$3
 150:           436          10464  com.sun.xml.bind.v2.runtime.unmarshaller.ChildLoader
 151:           436          10464  java.net.Inet4Address (java.base)
 152:           217          10416  sun.nio.ch.SocketAdaptor (java.base)
 153:           324          10368  com.sun.org.apache.xerces.internal.util.AugmentationsImpl$SmallContainer (java.xml)
 154:           323          10336  org.spec.jbb.core.sequencer.RangeSequencer
 155:            28          10304  java.lang.Thread (java.base)
 156:           249           9960  java.io.FileDescriptor (java.base)
 157:           279           9832  [Ljava.lang.reflect.Field; (java.base)
 158:           404           9696  java.lang.module.ModuleDescriptor$Exports (java.base)
 159:           245           9456  [S (java.base)
 160:           580           9280  java.util.Collections$UnmodifiableSet (java.base)
 161:           190           9120  com.sun.xml.bind.v2.runtime.property.SingleElementNodeProperty
 162:           565           9040  java.nio.channels.spi.AbstractSelector$1 (java.base)
 163:           565           9040  sun.nio.ch.EventFD (java.base)
 164:           565           9040  sun.nio.ch.Util$2 (java.base)
 165:           281           8992  org.glassfish.grizzly.utils.ArraySet
 166:           279           8928  com.sun.xml.bind.v2.util.QNameMap
 167:           370           8880  org.spec.jbb.core.comm.transport.TransportPipeline
 168:           277           8864  java.util.RegularEnumSet (java.base)
 169:           183           8784  java.util.logging.LogManager$LoggerWeakRef (java.logging)
 170:           270           8640  jdk.internal.loader.NativeLibraries (java.base)
 171:           359           8616  sun.reflect.annotation.AnnotationInvocationHandler (java.base)
 172:           260           8320  jdk.internal.reflect.UnsafeQualifiedStaticObjectFieldAccessorImpl (java.base)
 173:           259           8288  sun.security.util.KnownOIDs (java.base)
 174:           341           8184  java.util.Collections$UnmodifiableRandomAccessList (java.base)
 175:           336           8064  com.sun.xml.bind.v2.model.impl.RuntimeClassInfoImpl$RuntimePropertySeed
 176:           252           8064  com.sun.xml.bind.v2.runtime.LifecycleMethods
 177:           334           8016  com.sun.xml.bind.v2.model.impl.FieldPropertySeed
 178:           334           8016  com.sun.xml.bind.v2.runtime.reflect.Accessor$FieldReflection
 179:           283           8008  [Ljava.io.ObjectStreamField; (java.base)
 180:           332           7968  com.sun.xml.bind.v2.model.impl.ElementPropertyInfoImpl$1
 181:           237           7584  java.io.ObjectStreamClass$WeakClassKey (java.base)
 182:           233           7456  org.spec.jbb.sp.Invoice
 183:           184           7360  org.spec.jbb.core.comm.transport.encryption.PooledJavaSecurityEncryptionLayer
 184:            36           7200  com.sun.org.apache.xerces.internal.impl.XMLDTDScannerImpl (java.xml)
 185:           442           7072  java.net.InetSocketAddress (java.base)
 186:           221           7072  org.glassfish.grizzly.attributes.IndexedAttributeHolder
 187:           221           7072  sun.nio.ch.DummySocketImpl (java.base)
 188:           110           7040  java.net.URL (java.base)
 189:            36           6912  com.sun.org.apache.xerces.internal.parsers.XIncludeAwareParserConfiguration (java.xml)
 190:           107           6848  java.nio.DirectByteBuffer (java.base)
 191:           206           6592  jdk.internal.reflect.UnsafeQualifiedStaticLongFieldAccessorImpl (java.base)
 192:           134           6432  [[Lorg.glassfish.grizzly.filterchain.DefaultFilterChain$FilterStateElement;
 193:            36           6336  com.sun.org.apache.xerces.internal.impl.dtd.XMLNSDTDValidator (java.xml)
 194:           372           5952  org.spec.jbb.core.comm.transport.EmptyLayer
 195:           252           5856  [Lcom.sun.xml.bind.v2.runtime.property.Property;
 196:           103           5768  com.sun.xml.bind.v2.runtime.unmarshaller.UnmarshallingContext$State
 197:           179           5728  java.lang.module.ModuleDescriptor$Requires (java.base)
 198:           235           5640  org.spec.jbb.sp.Invoice$Key
 199:           234           5616  java.security.Provider$UString (java.base)
 200:            70           5600  java.net.URI (java.base)
 201:            36           5472  com.sun.org.apache.xerces.internal.impl.XMLEntityManager (java.xml)
 202:           226           5424  java.io.ObjectStreamClass$ClassDataSlot (java.base)
 203:           224           5376  java.util.jar.Attributes$Name (java.base)
 204:            96           5376  org.glassfish.grizzly.asyncqueue.AsyncWriteQueueRecord
 205:            96           5376  org.glassfish.grizzly.asyncqueue.RecordWriteResult
 206:           335           5360  java.util.LinkedHashMap$LinkedValues (java.base)
 207:           219           5328  [Ljavax.xml.namespace.QName; (java.xml)
 208:           221           5304  [Ljava.nio.channels.SelectionKey; (java.base)
 209:           221           5304  org.glassfish.grizzly.attributes.IndexedAttributeHolder$Snapshot
 210:           221           5304  org.glassfish.grizzly.nio.NIOConnection$ProcessorStatesMap
 211:           164           5248  java.util.logging.LogManager$LogNode (java.logging)
 212:           131           5240  java.io.ObjectStreamClass$FieldReflector (java.base)
 213:           131           5240  java.io.ObjectStreamClass$FieldReflectorKey (java.base)
 214:             5           5200  [Ljava.util.concurrent.ForkJoinPool$WorkQueue; (java.base)
 215:           324           5184  com.sun.org.apache.xerces.internal.util.AugmentationsImpl (java.xml)
 216:           214           5136  com.sun.xml.bind.v2.runtime.property.TagAndType
 217:           210           5040  com.sun.xml.bind.v2.runtime.output.Encoded
 218:            90           5040  java.util.logging.Logger (java.logging)
 219:           157           5024  sun.security.pkcs11.SunPKCS11$Descriptor (jdk.crypto.cryptoki)
 220:           124           4960  org.glassfish.grizzly.filterchain.InternalContextImpl
 221:           101           4848  org.spec.jbb.util.PositiveIntProperty
 222:           102           4840  [Ljava.lang.invoke.LambdaForm$Name; (java.base)
 223:           150           4800  java.lang.invoke.LambdaForm$NamedFunction (java.base)
 224:           150           4800  jdk.internal.reflect.NativeConstructorAccessorImpl (java.base)
 225:            87           4728  [Z (java.base)
 226:           295           4720  [Ljava.security.Principal; (java.base)
 227:           118           4720  com.sun.xml.bind.v2.runtime.property.SingleElementLeafProperty
 228:           295           4720  java.security.ProtectionDomain$Key (java.base)
 229:           147           4704  java.lang.Package (java.base)
 230:            97           4656  java.lang.invoke.LambdaForm (java.base)
 231:           193           4632  java.util.ImmutableCollections$List12 (java.base)
 232:            72           4608  java.lang.module.ModuleDescriptor (java.base)
 233:           184           4416  org.spec.jbb.core.comm.transport.encapsulation.PooledJAXBEncapsulationLayer
 234:            36           4320  com.sun.org.apache.xerces.internal.jaxp.SAXParserImpl$JAXPSAXParser (java.xml)
 235:           106           4240  com.sun.xml.internal.stream.util.BufferAllocator (java.xml)
 236:           132           4224  java.lang.invoke.DirectMethodHandle (java.base)
 237:             3           4192  [Ljava.lang.Thread; (java.base)
 238:           261           4176  org.glassfish.grizzly.monitoring.DefaultMonitoringConfig
 239:           256           4096  java.lang.Byte (java.base)
 240:           256           4096  java.lang.Short (java.base)
 241:           170           4080  jdk.internal.module.ServicesCatalog$ServiceProvider (java.base)
 242:           101           4040  org.glassfish.grizzly.threadpool.SyncThreadPool$SyncThreadWorker
 243:           126           4032  com.sun.xml.bind.v2.runtime.unmarshaller.LeafPropertyXsiLoader
 244:           126           4032  java.lang.invoke.MethodTypeForm (java.base)
 245:           125           4000  org.glassfish.grizzly.filterchain.InvokeAction
 246:           124           3968  org.glassfish.grizzly.filterchain.FilterChainContext$TransportContext
 247:            99           3960  jdk.internal.ref.Cleaner (java.base)
 248:            70           3920  jdk.internal.module.ModuleReferenceImpl (java.base)
 249:            98           3920  org.glassfish.grizzly.nio.DirectByteBufferRecord
 250:           161           3864  java.util.concurrent.CopyOnWriteArrayList (java.base)
 251:           118           3776  com.sun.org.apache.xerces.internal.util.XMLResourceIdentifierImpl (java.xml)
 252:            36           3744  com.sun.xml.bind.v2.runtime.unmarshaller.UnmarshallingContext
 253:           230           3680  jdk.internal.reflect.BootstrapConstructorAccessorImpl (java.base)
 254:            91           3640  java.util.logging.Logger$ConfigurationData (java.logging)
 255:            90           3600  jdk.internal.math.FloatingDecimal$BinaryToASCIIBuffer (java.base)
 256:           149           3576  sun.reflect.generics.tree.SimpleClassTypeSignature (java.base)
 257:           221           3536  org.glassfish.grizzly.attributes.IndexedAttributeHolder$IndexedAttributeAccessorImpl
 258:           221           3536  org.glassfish.grizzly.nio.NIOConnection$1
 259:           221           3536  org.glassfish.grizzly.nio.NIOConnection$7
 260:           221           3536  org.glassfish.grizzly.nio.NIOConnection$8
 261:           142           3528  [Ljava.io.ObjectStreamClass$ClassDataSlot; (java.base)
 262:            55           3520  com.sun.xml.bind.v2.runtime.output.NamespaceContextImpl$Element
 263:           217           3472  org.glassfish.grizzly.nio.transport.TCPNIOConnection$1
 264:           217           3472  org.glassfish.grizzly.nio.transport.TCPNIOConnection$2
 265:            36           3456  com.sun.org.apache.xerces.internal.impl.dtd.XMLDTDProcessor (java.xml)
 266:            34           3408  [Ljava.lang.invoke.MethodHandle; (java.base)
 267:           140           3360  java.util.ImmutableCollections$SetN (java.base)
 268:           101           3232  sun.nio.fs.UnixPath (java.base)
 269:           134           3216  org.glassfish.grizzly.nio.NIOConnection$ProcessorStatesMap$ProcessorState
 270:            99           3168  java.nio.DirectByteBuffer$Deallocator (java.base)
 271:           126           3024  com.sun.xml.bind.v2.runtime.unmarshaller.LeafPropertyLoader
 272:           125           3000  org.glassfish.grizzly.filterchain.StopAction
 273:           124           2976  [Lorg.glassfish.grizzly.IOEventLifeCycleListener;
 274:           124           2976  org.glassfish.grizzly.Context$MinimalisticArrayList
 275:           186           2976  org.spec.jbb.core.comm.transport.encapsulation.JavaSerializationEncapsulationLayer
 276:            92           2944  java.util.concurrent.LinkedTransferQueue$Node (java.base)
 277:           184           2944  javax.crypto.spec.IvParameterSpec (java.base)
 278:           184           2944  org.spec.jbb.core.comm.transport.compression.GZipCompressionLayer
 279:           184           2944  org.spec.jbb.core.comm.transport.encapsulation.PooledJAXBEncapsulationLayer$1
 280:           184           2944  org.spec.jbb.core.comm.transport.encapsulation.PooledJAXBEncapsulationLayer$2
 281:           184           2944  org.spec.jbb.core.comm.transport.encryption.PooledJavaSecurityEncryptionLayer$1
 282:            23           2944  sun.nio.fs.UnixFileAttributes (java.base)
 283:           122           2928  com.sun.xml.bind.v2.runtime.reflect.TransducedAccessor$CompositeTransducedAccessorImpl
 284:            36           2880  [Lcom.sun.xml.bind.v2.runtime.unmarshaller.Scope;
 285:            72           2880  com.sun.org.apache.xerces.internal.impl.dtd.XMLEntityDecl (java.xml)
 286:            72           2880  com.sun.org.apache.xerces.internal.impl.dtd.XMLSimpleType (java.xml)
 287:           149           2848  [Lsun.reflect.generics.tree.TypeArgument; (java.base)
 288:           174           2784  jdk.internal.reflect.DelegatingConstructorAccessorImpl (java.base)
 289:            56           2688  com.sun.xml.bind.v2.runtime.LeafBeanInfoImpl
 290:             3           2624  [[B (java.base)
 291:            33           2616  [Ljava.lang.StackTraceElement; (java.base)
 292:            53           2544  jdk.internal.ref.CleanerImpl$PhantomCleanableRef (java.base)
 293:            24           2496  java.util.jar.JarFile$JarFileEntry (java.base)
 294:           103           2472  [[C (java.base)
 295:           149           2384  jdk.proxy2.$Proxy10 (jdk.proxy2)
 296:           149           2384  sun.reflect.generics.tree.ClassTypeSignature (java.base)
 297:             5           2360  [Lorg.glassfish.grizzly.nio.SelectorRunner;
 298:            59           2360  java.lang.invoke.VarHandle$AccessDescriptor (java.base)
 299:            72           2304  [Lcom.sun.org.apache.xerces.internal.util.XMLAttributesImpl$Attribute; (java.xml)
 300:            36           2304  com.sun.org.apache.xerces.internal.impl.XMLEntityScanner (java.xml)
 301:            72           2304  java.util.Stack (java.base)
 302:            68           2176  java.lang.invoke.BoundMethodHandle$Species_L (java.base)
 303:            54           2160  java.lang.invoke.DirectMethodHandle$Constructor (java.base)
 304:           134           2144  org.glassfish.grizzly.filterchain.DefaultFilterChain$FiltersState
 305:            53           2120  java.util.EnumMap (java.base)
 306:            53           2120  sun.security.util.NamedCurve (java.base)
 307:            66           2112  java.lang.invoke.LambdaForm$Kind (java.base)
 308:            26           2080  org.glassfish.grizzly.threadpool.ThreadPoolConfig
 309:            86           2064  com.sun.xml.bind.v2.runtime.unmarshaller.XsiTypeLoader
 310:            37           2056  [Lcom.sun.org.apache.xerces.internal.utils.XMLSecurityManager$State; (java.xml)
 311:           128           2048  java.lang.Character (java.base)
 312:            36           2016  [Ljava.util.Map; (java.base)
 313:            36           2016  com.sun.org.apache.xerces.internal.jaxp.SAXParserImpl (java.xml)
 314:            36           2016  com.sun.org.apache.xerces.internal.util.XMLAttributesIteratorImpl (java.xml)
 315:            36           2016  com.sun.xml.bind.v2.runtime.unmarshaller.UnmarshallerImpl
 316:            62           1984  jdk.internal.loader.BuiltinClassLoader$LoadedModule (java.base)
 317:           124           1984  org.glassfish.grizzly.filterchain.FilterChainContext$1
 318:            40           1920  java.util.concurrent.locks.ReentrantReadWriteLock$NonfairSync (java.base)
 319:             5           1904  [Ljava.lang.Integer; (java.base)
 320:           119           1904  org.spec.jbb.util.RangeIntProperty$1
 321:            47           1880  java.lang.invoke.DirectMethodHandle$Accessor (java.base)
 322:            13           1872  [Ljava.lang.invoke.MemberName; (java.base)
 323:           116           1856  jdk.proxy2.$Proxy2 (jdk.proxy2)
 324:            23           1840  java.util.zip.ZipFile$Source (java.base)
 325:            57           1824  org.spec.jbb.util.IntegerProperty
 326:            45           1800  java.lang.ref.Finalizer (java.base)
 327:            36           1728  com.sun.org.apache.xerces.internal.impl.XMLDocumentFragmentScannerImpl$ElementStack (java.xml)
 328:            36           1728  com.sun.org.apache.xerces.internal.util.XMLAttributesImpl (java.xml)
 329:            53           1696  java.security.spec.EllipticCurve (java.base)
 330:            53           1696  sun.security.util.ObjectIdentifier (java.base)
 331:            70           1680  java.lang.module.ModuleDescriptor$Provides (java.base)
 332:             5           1680  java.util.concurrent.ForkJoinPool (java.base)
 333:            51           1632  java.util.Collections$UnmodifiableMap (java.base)
 334:            25           1600  java.util.zip.Inflater (java.base)
 335:            66           1584  com.sun.xml.bind.v2.runtime.unmarshaller.TextLoader
 336:            96           1536  org.glassfish.grizzly.Writer$Reentrant
 337:            96           1536  org.glassfish.grizzly.asyncqueue.RecordWriteResult$SettableHolder
 338:            38           1520  java.lang.Package$VersionInfo (java.base)
 339:            63           1512  java.lang.module.ResolvedModule (java.base)
 340:            63           1512  jdk.internal.module.ModuleReferences$ExplodedModuleReader (java.base)
 341:            61           1464  sun.reflect.generics.factory.CoreReflectionFactory (java.base)
 342:            61           1464  sun.reflect.generics.scope.ClassScope (java.base)
 343:            60           1440  [Ljava.lang.reflect.Type; (java.base)
 344:            36           1440  [[S (java.base)
 345:            36           1440  com.sun.org.apache.xerces.internal.impl.XMLDocumentFragmentScannerImpl$ElementStack2 (java.xml)
 346:            36           1440  com.sun.org.apache.xerces.internal.impl.XMLErrorReporter (java.xml)
 347:            36           1440  com.sun.org.apache.xerces.internal.impl.XMLVersionDetector (java.xml)
 348:            36           1440  com.sun.org.apache.xerces.internal.impl.dtd.XMLDTDDescription (java.xml)
 349:            36           1440  com.sun.org.apache.xerces.internal.impl.validation.ValidationState (java.xml)
 350:            36           1440  com.sun.org.apache.xerces.internal.util.SymbolTable (java.xml)
 351:            36           1440  com.sun.org.apache.xerces.internal.utils.XMLLimitAnalyzer (java.xml)
 352:            36           1440  com.sun.org.apache.xerces.internal.utils.XMLSecurityManager (java.xml)
 353:            36           1440  com.sun.xml.internal.stream.XMLEntityStorage (java.xml)
 354:            20           1440  org.spec.jbb.core.collections.ConcurrentCreateHashMap
 355:            22           1408  sun.security.ec.SunEC$ProviderServiceA (jdk.crypto.ec)
 356:            25           1400  java.io.FileCleanable (java.base)
 357:             1           1376  [Ljdk.internal.math.FDBigInteger; (java.base)
 358:             7           1344  org.glassfish.grizzly.nio.transport.TCPNIOTransport
 359:            54           1296  java.security.spec.ECPoint (java.base)
 360:            23           1288  java.util.jar.JarFile (java.base)
 361:            39           1280  [Ljava.math.BigInteger; (java.base)
 362:            20           1280  sun.security.ec.SunEC$ProviderService (jdk.crypto.ec)
 363:            52           1248  sun.reflect.generics.reflectiveObjects.ParameterizedTypeImpl (java.base)
 364:            31           1240  java.io.IOException (java.base)
 365:            49           1176  org.spec.jbb.core.comm.LocationInfo
 366:            29           1160  java.io.EOFException (java.base)
 367:            36           1152  com.sun.org.apache.xerces.internal.impl.dtd.XMLElementDecl (java.xml)
 368:            36           1152  com.sun.org.apache.xerces.internal.util.NamespaceSupport (java.xml)
 369:            48           1152  java.lang.StringBuilder (java.base)
 370:            71           1136  jdk.internal.reflect.DelegatingMethodAccessorImpl (java.base)
 371:            28           1120  java.util.TreeMap$Entry (java.base)
 372:             4           1120  java.util.concurrent.ConcurrentHashMap$CounterCell (java.base)
 373:            70           1120  jdk.internal.module.ModuleReferences$$Lambda$4/0x000000080003eec0 (java.base)
 374:            35           1120  jdk.internal.reflect.NativeMethodAccessorImpl (java.base)
 375:            23           1104  jdk.internal.loader.URLClassPath$JarLoader (java.base)
 376:             1           1096  [Lsun.security.util.KnownOIDs; (java.base)
 377:            27           1080  java.lang.invoke.VarHandleReferences$FieldInstanceReadWrite (java.base)
 378:            22           1056  java.lang.invoke.LambdaFormEditor$Transform (java.base)
 379:            22           1056  java.util.TreeMap (java.base)
 380:             1           1040  [Ljava.lang.Byte; (java.base)
 381:             1           1040  [Ljava.lang.Long; (java.base)
 382:             1           1040  [Ljava.lang.Short; (java.base)
 383:            43           1032  java.util.regex.Pattern$Slice (java.base)
 384:            16           1024  com.sun.crypto.provider.CipherCore (java.base)
 385:            16           1024  javax.crypto.Cipher (java.base)
 386:            42           1008  sun.reflect.generics.repository.FieldRepository (java.base)
 387:            31            992  java.lang.invoke.VarHandle$AccessMode (java.base)
 388:            30            960  java.security.Provider$EngineDescription (java.base)
 389:            40            960  java.util.ImmutableCollections$ListN (java.base)
 390:            30            960  org.spec.jbb.util.BooleanProperty
 391:            39            936  org.spec.jbb.sm.discount.PercentageDiscount
 392:            34            928  [Lorg.glassfish.grizzly.IOEvent;
 393:            57            912  org.spec.jbb.util.IntegerProperty$1
 394:            37            904  [Lcom.sun.org.apache.xerces.internal.utils.XMLSecurityPropertyManager$State; (java.xml)
 395:            28            896  java.io.File (java.base)
 396:            37            888  java.lang.RuntimePermission (java.base)
 397:            10            880  com.sun.xml.internal.stream.Entity$ScannedEntity (java.xml)
 398:            36            864  com.sun.org.apache.xerces.internal.impl.XMLNSDocumentScannerImpl$NSContentDriver (java.xml)
 399:            36            864  com.sun.org.apache.xerces.internal.impl.dtd.DTDGrammarBucket (java.xml)
 400:            36            864  com.sun.org.apache.xerces.internal.impl.dtd.XMLAttributeDecl (java.xml)
 401:            36            864  com.sun.org.apache.xerces.internal.impl.msg.XMLMessageFormatter (java.xml)
 402:            36            864  com.sun.org.apache.xerces.internal.impl.validation.ValidationManager (java.xml)
 403:            36            864  com.sun.org.apache.xerces.internal.utils.XMLSecurityPropertyManager (java.xml)
 404:             1            856  [Lcom.sun.xml.bind.v2.runtime.output.Encoded;
 405:             6            840  [D (java.base)
 406:            13            832  org.jcp.xml.dsig.internal.dom.XMLDSigRI$ProviderService (java.xml.crypto)
 407:            34            816  jdk.internal.loader.AbstractClassLoaderValue$Sub (java.base)
 408:            33            792  java.io.ObjectStreamClass$ExceptionInfo (java.base)
 409:             9            792  java.util.regex.Pattern (java.base)
 410:            33            792  org.spec.jbb.core.collections.ConcurrentMultiMap$Entry
 411:            14            784  com.sun.xml.bind.v2.runtime.property.ArrayElementNodeProperty
 412:            14            784  java.util.HashMap$TreeNode (java.base)
 413:            24            768  java.util.zip.ZipFile$CleanableResource (java.base)
 414:            19            760  java.lang.invoke.BoundMethodHandle$Species_LL (java.base)
 415:            31            744  java.util.Collections$SetFromMap (java.base)
 416:            31            744  org.glassfish.grizzly.CloseReason
 417:            23            736  java.io.RandomAccessFile (java.base)
 418:            46            736  org.spec.jbb.core.comm.transport.EmptyTransport
 419:            46            736  org.spec.jbb.core.comm.transport.NullTransport
 420:             7            728  com.sun.xml.bind.v2.runtime.XMLSerializer
 421:            13            728  org.glassfish.grizzly.memory.HeapMemoryManager$TrimmableHeapBuffer
 422:            22            704  org.spec.jbb.util.EnumProperty
 423:            16            672  [Ljava.lang.invoke.MethodType; (java.base)
 424:            21            672  joptsimple.internal.AbbreviationMap
 425:            16            640  com.sun.crypto.provider.CipherBlockChaining (java.base)
 426:            20            640  com.sun.xml.bind.v2.runtime.property.ArrayERProperty$ItemsLoader
 427:            40            640  java.util.concurrent.locks.ReentrantReadWriteLock$ReadLock (java.base)
 428:            40            640  java.util.concurrent.locks.ReentrantReadWriteLock$Sync$ThreadLocalHoldCounter (java.base)
 429:            40            640  java.util.concurrent.locks.ReentrantReadWriteLock$WriteLock (java.base)
 430:            20            640  sun.reflect.generics.repository.ClassRepository (java.base)
 431:             3            624  [Ljava.lang.invoke.LambdaForm; (java.base)
 432:            26            624  java.security.spec.ECFieldF2m (java.base)
 433:            26            624  java.util.concurrent.locks.ReentrantReadWriteLock$Sync$HoldCounter (java.base)
 434:            38            608  java.lang.constant.ReferenceClassDescImpl (java.base)
 435:            25            600  java.security.Permissions (java.base)
 436:            25            600  java.util.zip.Inflater$InflaterZStreamRef (java.base)
 437:            10            576  [Ljava.util.Hashtable$Entry; (java.base)
 438:            36            576  com.sun.org.apache.xerces.internal.impl.XMLDocumentScannerImpl$PrologDriver (java.xml)
 439:            36            576  com.sun.org.apache.xerces.internal.impl.XMLDocumentScannerImpl$TrailingMiscDriver (java.xml)
 440:            36            576  com.sun.org.apache.xerces.internal.impl.XMLDocumentScannerImpl$XMLDeclDriver (java.xml)
 441:            36            576  com.sun.org.apache.xerces.internal.impl.dv.dtd.DTDDVFactoryImpl (java.xml)
 442:            36            576  com.sun.org.apache.xerces.internal.parsers.AbstractSAXParser$AttributesProxy (java.xml)
 443:            36            576  com.sun.org.apache.xerces.internal.util.ErrorHandlerWrapper (java.xml)
 444:            24            576  com.sun.xml.bind.v2.runtime.property.ArrayERProperty$ReceiverImpl
 445:            36            576  com.sun.xml.bind.v2.runtime.unmarshaller.DefaultIDResolver
 446:            18            576  java.util.LinkedList (java.base)
 447:             4            576  org.glassfish.grizzly.nio.transport.TCPNIOServerConnection
 448:            18            576  sun.reflect.generics.reflectiveObjects.TypeVariableImpl (java.base)
 449:            10            560  com.sun.xml.bind.v2.runtime.property.ArrayElementLeafProperty
 450:            10            560  java.nio.HeapByteBuffer (java.base)
 451:             7            560  java.util.concurrent.TimeUnit (java.base)
 452:            10            560  sun.invoke.util.Wrapper (java.base)
 453:            23            552  java.util.concurrent.locks.AbstractQueuedSynchronizer$ConditionObject (java.base)
 454:            23            552  java.util.zip.ZipFile$Source$Key (java.base)
 455:            23            552  org.spec.jbb.core.comm.transport.TransportFactory
 456:            17            544  org.spec.jbb.infra.txinjector.BusinessRequestName
 457:             1            528  [Ljava.lang.Character; (java.base)
 458:            11            528  java.lang.invoke.BoundMethodHandle$SpeciesData (java.base)
 459:            33            528  org.spec.jbb.core.comm.AbstractMessage$JAXBAdapter
 460:            11            528  org.spec.jbb.core.comm.Interconnect$UplinkImpl
 461:            33            528  org.spec.jbb.core.comm.transport.encapsulation.JAXBAdapters$HashMapAdapter
 462:            22            528  org.spec.jbb.sm.advertisement.IssuedAdvertisement
 463:            11            528  org.spec.jbb.util.NonNegativeIntProperty
 464:            22            528  sun.security.util.LazyCodeSourcePermissionCollection (java.base)
 465:            11            520  [Ljava.util.regex.Pattern$Node; (java.base)
 466:            16            512  com.sun.crypto.provider.AESCrypt (java.base)
 467:            16            512  java.time.temporal.ChronoUnit (java.base)
 468:             7            504  com.sun.xml.bind.v2.runtime.MarshallerImpl
 469:             9            504  java.util.Properties (java.base)
 470:            21            504  java.util.regex.Pattern$GroupHead (java.base)
 471:            21            504  java.util.regex.Pattern$GroupTail (java.base)
 472:             7            496  [Lsun.invoke.util.Wrapper; (java.base)
 473:            10            480  com.sun.org.apache.xerces.internal.impl.XMLEntityManager$RewindableInputStream (java.xml)
 474:            10            480  com.sun.org.apache.xerces.internal.impl.io.UTF8Reader (java.xml)
 475:            20            480  com.sun.xml.bind.v2.runtime.unmarshaller.XsiNilLoader$Array
 476:            12            480  java.lang.OutOfMemoryError (java.base)
 477:            10            480  java.util.Hashtable (java.base)
 478:            15            480  jdk.internal.reflect.UnsafeQualifiedObjectFieldAccessorImpl (java.base)
 479:             6            480  org.spec.jbb.core.Topology
 480:            30            480  org.spec.jbb.util.BooleanProperty$1
 481:            20            480  sun.reflect.generics.tree.ClassSignature (java.base)
 482:            29            464  jdk.proxy2.$Proxy1 (jdk.proxy2)
 483:             8            448  java.nio.DirectLongBufferU (java.base)
 484:             7            448  org.glassfish.grizzly.threadpool.SyncThreadPool
 485:            28            448  org.spec.jbb.core.comm.message.CompositeMessage
 486:            28            448  org.spec.jbb.core.counters.ThreadHashedCounter
 487:            14            448  sun.reflect.annotation.AnnotationType (java.base)
 488:            11            440  [Ljava.lang.invoke.BoundMethodHandle$SpeciesData; (java.base)
 489:            17            440  [[I (java.base)
 490:            11            440  com.sun.xml.bind.v2.runtime.unmarshaller.SAXConnector
 491:            11            440  java.lang.invoke.VarHandleInts$FieldInstanceReadWrite (java.base)
 492:            11            440  org.spec.jbb.core.comm.Interconnect$Downlink
 493:            18            432  [Lsun.reflect.generics.tree.FieldTypeSignature; (java.base)
 494:             1            432  [[[C (java.base)
 495:            18            432  com.sun.xml.bind.v2.model.core.Adapter
 496:            18            432  java.security.BasicPermissionCollection (java.base)
 497:            27            432  java.security.spec.ECFieldFp (java.base)
 498:            18            432  java.text.DateFormat$Field (java.base)
 499:            18            432  sun.reflect.generics.tree.FormalTypeParameter (java.base)
 500:            20            416  [Lsun.reflect.generics.tree.FormalTypeParameter; (java.base)
 501:            26            416  jdk.proxy2.$Proxy4 (jdk.proxy2)
 502:            17            408  java.time.Duration (java.base)
 503:            17            408  sun.nio.ch.OptionKey (java.base)
 504:            17            408  sun.nio.ch.SocketOptionRegistry$RegistryKey (java.base)
 505:            12            400  [Ljava.lang.constant.ClassDesc; (java.base)
 506:            25            400  java.util.WeakHashMap$KeySet (java.base)
 507:            10            400  sun.util.resources.Bundles$BundleReference (java.base)
 508:            20            384  [Lsun.reflect.generics.tree.ClassTypeSignature; (java.base)
 509:            16            384  com.sun.crypto.provider.AESCipher$General (java.base)
 510:            12            384  com.sun.xml.bind.v2.runtime.reflect.AdaptedAccessor
 511:            16            384  java.util.jar.Manifest (java.base)
 512:            12            384  org.spec.jbb.util.LongProperty
 513:            12            384  sun.security.jca.ProviderConfig (java.base)
 514:             1            376  java.lang.ref.Finalizer$FinalizerThread (java.base)
 515:             1            376  java.util.logging.LogManager$Cleaner (java.logging)
 516:             1            376  jdk.internal.misc.InnocuousThread (java.base)
 517:             1            368  java.lang.ref.Reference$ReferenceHandler (java.base)
 518:            23            368  sun.nio.fs.UnixFileAttributes$UnixAsBasicFileAttributes (java.base)
 519:             9            360  com.sun.org.apache.xerces.internal.utils.XMLSecurityManager$Limit (java.xml)
 520:            15            360  java.lang.invoke.Invokers (java.base)
 521:            15            360  java.util.regex.Pattern$BmpCharProperty (java.base)
 522:            22            352  com.sun.xml.bind.v2.runtime.reflect.Lister$CollectionLister
 523:            11            352  com.sun.xml.bind.v2.runtime.unmarshaller.SAXConnector$TagNameImpl
 524:            11            352  java.lang.constant.DirectMethodHandleDesc$Kind (java.base)
 525:            22            352  java.security.SecureClassLoader$CodeSourceKey (java.base)
 526:            22            352  java.util.LinkedHashMap$LinkedEntrySet (java.base)
 527:            11            352  java.util.regex.Pattern$Branch (java.base)
 528:            11            352  jdk.internal.reflect.UnsafeQualifiedLongFieldAccessorImpl (java.base)
 529:            22            352  org.spec.jbb.util.EnumProperty$1
 530:             4            352  sun.nio.ch.ServerSocketChannelImpl (java.base)
 531:             7            336  com.sun.xml.bind.v2.runtime.output.NamespaceContextImpl
 532:            21            336  java.util.TreeMap$Values (java.base)
 533:             7            336  org.glassfish.grizzly.nio.transport.TCPNIOTransport$TransportConnectorHandler
 534:             7            336  sun.nio.cs.StreamEncoder (java.base)
 535:             7            336  sun.nio.cs.UTF_8$Encoder (java.base)
 536:             6            336  sun.util.calendar.ZoneInfo (java.base)
 537:            10            320  com.sun.org.apache.xerces.internal.impl.XMLEntityManager$EncodingInfo (java.xml)
 538:            20            320  java.lang.ThreadLocal (java.base)
 539:             8            320  java.lang.WeakPairMap$Pair$Weak (java.base)
 540:            10            320  java.lang.constant.DirectMethodHandleDescImpl (java.base)
 541:             8            320  java.lang.invoke.MethodHandleImpl$AsVarargsCollector (java.base)
 542:             8            320  java.util.IdentityHashMap (java.base)
 543:            10            320  org.spec.jbb.core.comm.transport.TransportType
 544:            10            320  org.spec.jbb.util.FloatProperty
 545:            10            320  sun.util.resources.Bundles$CacheKey (java.base)
 546:            13            312  java.lang.invoke.VarForm (java.base)
 547:            13            312  java.util.regex.Pattern$BmpCharPropertyGreedy (java.base)
 548:            19            304  sun.reflect.generics.tree.TypeVariableSignature (java.base)
 549:            12            288  [Ljava.lang.reflect.TypeVariable; (java.base)
 550:            12            288  java.lang.annotation.ElementType (java.base)
 551:             9            288  java.lang.constant.PrimitiveClassDescImpl (java.base)
 552:            12            288  java.net.StandardSocketOptions$StdSocketOption (java.base)
 553:             2            288  java.text.DecimalFormat (java.base)
 554:             9            288  java.util.Hashtable$Entry (java.base)
 555:             9            288  java.util.logging.Level (java.logging)
 556:             9            288  java.util.logging.Level$KnownLevel (java.logging)
 557:             9            288  jdk.internal.org.objectweb.asm.Type (java.base)
 558:            12            288  org.glassfish.grizzly.threadpool.AbstractThreadPool$3
 559:            12            288  org.glassfish.grizzly.threadpool.AbstractThreadPool$5
 560:            12            288  org.glassfish.grizzly.threadpool.GrizzlyExecutorService
 561:            12            288  org.spec.jbb.sm.discount.BOGODiscount
 562:             6            288  org.spec.jbb.util.RangeIntProperty
 563:             1            280  [Ljava.lang.invoke.LambdaForm$Kind; (java.base)
 564:             7            280  com.sun.xml.bind.v2.util.CollisionCheckStack
 565:             7            280  sun.util.locale.provider.LocaleResources$ResourceReference (java.base)
 566:            17            272  org.spec.jbb.sm.tx.request.ProductReplenishMessage
 567:            11            264  com.sun.org.apache.xerces.internal.parsers.AbstractSAXParser$LocatorProxy (java.xml)
 568:            11            264  java.lang.invoke.MethodHandleImpl$Intrinsic (java.base)
 569:             3            264  java.util.jar.JarVerifier (java.base)
 570:            11            264  org.spec.jbb.core.collections.ConcurrentWeakHashMap
 571:            11            264  org.spec.jbb.core.comm.Interconnect$UplinkImpl$1
 572:            11            264  org.spec.jbb.infra.AgentState
 573:            16            256  com.sun.crypto.provider.PKCS5Padding (java.base)
 574:             8            256  java.lang.WeakPairMap$Pair$Weak$1 (java.base)
 575:             8            256  java.lang.reflect.ProxyGenerator$PrimitiveTypeInfo (java.base)
 576:            16            256  java.util.jar.Attributes (java.base)
 577:             8            256  org.glassfish.grizzly.ThreadCache$CachedTypeIndex
 578:            16            256  org.spec.jbb.core.sequencer.AtomicGrowingSequencer
 579:             2            256  org.spec.jbb.hq.entity.SMBusinessReport
 580:             2            256  org.spec.jbb.sm.SM
 581:            10            240  com.sun.org.apache.xerces.internal.impl.XMLScanner$NameType (java.xml)
 582:             6            240  com.sun.xml.bind.v2.model.impl.RuntimeArrayInfoImpl
 583:             6            240  com.sun.xml.bind.v2.runtime.ArrayBeanInfoImpl
 584:             6            240  java.io.BufferedWriter (java.base)
 585:            10            240  java.lang.constant.MethodTypeDescImpl (java.base)
 586:             6            240  java.lang.invoke.DirectMethodHandle$Interface (java.base)
 587:            10            240  java.nio.charset.CoderResult (java.base)
 588:            10            240  java.nio.file.StandardOpenOption (java.base)
 589:            10            240  java.util.LinkedList$Node (java.base)
 590:             5            240  java.util.concurrent.ArrayBlockingQueue (java.base)
 591:            10            240  java.util.regex.Pattern$$Lambda$36/0x00000008000ec250 (java.base)
 592:             6            240  jdk.internal.loader.NativeLibraries$NativeLibraryImpl (java.base)
 593:             6            240  org.glassfish.grizzly.nio.tmpselectors.TemporarySelectorPool
 594:             5            240  org.glassfish.grizzly.threadpool.FixedThreadPool
 595:            10            240  org.spec.jbb.core.collections.CollectionUtils$9
 596:             5            232  [Ljava.lang.invoke.LambdaForm$NamedFunction; (java.base)
 597:             7            224  [Ljava.lang.Boolean; (java.base)
 598:            13            224  [Ljava.lang.constant.ConstantDesc; (java.base)
 599:             4            224  com.sun.xml.bind.v2.model.impl.RuntimeAttributePropertyInfoImpl
 600:            14            224  java.lang.Float (java.base)
 601:             7            224  jdk.internal.reflect.UnsafeObjectFieldAccessorImpl (java.base)
 602:             7            224  joptsimple.OptionSpecBuilder
 603:             7            224  org.glassfish.grizzly.nio.transport.TCPNIOAsyncQueueWriter
 604:             7            224  org.glassfish.grizzly.nio.transport.TCPNIOBindingHandler
 605:             7            224  org.spec.jbb.core.comm.connectivity.grizzlynio.GrizzlyTransport
 606:             9            216  java.lang.NamedPackage (java.base)
 607:             9            216  java.util.Collections$SynchronizedRandomAccessList (java.base)
 608:             3            216  java.util.ResourceBundle$CacheKey (java.base)
 609:             9            216  org.spec.jbb.core.EntityType
 610:             9            216  org.spec.jbb.infra.IterationLabel
 611:             3            216  sun.security.provider.NativePRNG$RandomIO (java.base)
 612:             9            216  sun.util.logging.PlatformLogger$Level (java.base)
 613:             2            200  [Ljava.text.DateFormat$Field; (java.base)
 614:             5            200  java.util.stream.StreamOpFlag (java.base)
 615:             5            200  org.spec.jbb.Launcher$RunCategory
 616:             6            192  com.sun.xml.bind.v2.model.impl.ClassInfoImpl$SecondaryAnnotation
 617:             2            192  com.sun.xml.bind.v2.runtime.JAXBContextImpl
 618:            12            192  com.sun.xml.bind.v2.runtime.unmarshaller.LocatorExWrapper
 619:             3            192  java.lang.invoke.BoundMethodHandle$Species_LLLLLLLLL (java.base)
 620:             6            192  java.lang.invoke.LambdaForm$BasicType (java.base)
 621:             8            192  java.math.RoundingMode (java.base)
 622:             6            192  java.net.Inet6Address$Inet6AddressHolder (java.base)
 623:             8            192  java.net.NetPermission (java.base)
 624:            12            192  java.util.Collections$SingletonSet (java.base)
 625:             6            192  java.util.ImmutableCollections$MapN (java.base)
 626:             6            192  java.util.ResourceBundle$KeyElementReference (java.base)
 627:             8            192  jdk.internal.perf.PerfCounter (java.base)
 628:             8            192  org.glassfish.grizzly.IOEvent
 629:             8            192  org.glassfish.grizzly.filterchain.DefaultFilterChain
 630:             8            192  org.spec.jbb.Launcher$RunnerType
 631:             8            192  org.spec.jbb.core.collections.queues.QueueType
 632:             8            192  org.spec.jbb.core.comm.connectivity.grizzlynio.proto.ProtocolDataUnitDecoder
 633:             8            192  org.spec.jbb.core.comm.connectivity.grizzlynio.proto.ProtocolDataUnitEncoder
 634:             8            192  org.spec.jbb.core.comm.connectivity.grizzlynio.proto.ProtocolDataUnitFilter
 635:             6            192  org.spec.jbb.reporter.RawResult$ValidationReporterResult
 636:            12            192  org.spec.jbb.util.LongProperty$1
 637:             6            192  org.spec.jbb.util.Property
 638:             2            176  [Lorg.spec.jbb.infra.txinjector.BusinessRequestName;
 639:             2            176  java.text.DecimalFormatSymbols (java.base)
 640:            11            176  java.util.concurrent.ConcurrentHashMap$ValuesView (java.base)
 641:            11            176  java.util.regex.Pattern$$Lambda$38/0x00000008000edf78 (java.base)
 642:            11            176  java.util.regex.Pattern$BranchConn (java.base)
 643:            11            176  org.spec.jbb.util.FloatProperty$1
 644:             7            168  [Lorg.glassfish.grizzly.threadpool.ThreadPoolProbe;
 645:             1            168  [[Ljava.math.BigInteger; (java.base)
 646:             7            168  com.sun.org.apache.xerces.internal.util.FeatureState (java.xml)
 647:             7            168  com.sun.xml.bind.v2.model.impl.ClassInfoImpl$PropertyGroup
 648:             7            168  com.sun.xml.bind.v2.runtime.unmarshaller.IntData
 649:             7            168  java.io.OutputStreamWriter (java.base)
 650:             7            168  java.lang.System$Logger$Level (java.base)
 651:             7            168  java.util.concurrent.locks.ReentrantReadWriteLock (java.base)
 652:             7            168  org.glassfish.grizzly.AbstractTransport$1
 653:             7            168  org.glassfish.grizzly.ProcessorResult$Status
 654:             7            168  org.glassfish.grizzly.asyncqueue.AsyncQueueIO$ImmutableAsyncQueueIO
 655:             7            168  org.glassfish.grizzly.filterchain.FilterChainContext$Operation
 656:             7            168  org.glassfish.grizzly.nio.tmpselectors.TemporarySelectorIO
 657:             7            168  org.glassfish.grizzly.nio.transport.TCPNIOAsyncQueueReader
 658:             7            168  org.glassfish.grizzly.utils.StateHolder
 659:             7            168  org.spec.jbb.core.collections.sampling.RandomArraySamplingBuffer
 660:             7            168  org.spec.jbb.core.comm.SourceType
 661:             3            168  org.spec.jbb.core.threadpools.ForkJoinThreadPool
 662:             7            168  org.spec.jbb.infra.ControllerType
 663:             7            168  org.spec.jbb.util.PropertyAttribute
 664:             2            160  [Ljava.lang.constant.DirectMethodHandleDesc$Kind; (java.base)
 665:             2            160  [Ljava.util.concurrent.RunnableScheduledFuture; (java.base)
 666:             5            160  com.sun.xml.bind.v2.model.core.PropertyKind
 667:             4            160  com.sun.xml.bind.v2.runtime.property.AttributeProperty
 668:             4            160  java.io.PrintStream (java.base)
 669:             4            160  java.lang.invoke.BoundMethodHandle$Species_LJ (java.base)
 670:             5            160  java.lang.invoke.VarHandle$AccessType (java.base)
 671:            10            160  java.util.Formatter$Flags (java.base)
 672:             5            160  java.util.UUID (java.base)
 673:             4            160  javax.xml.catalog.CatalogFeatures$Feature (java.xml)
 674:            10            160  jdk.proxy2.$Proxy14 (jdk.proxy2)
 675:             4            160  joptsimple.RequiredArgumentOptionSpec
 676:             4            160  org.eclipse.jetty.util.log.StdErrLog
 677:             5            160  org.glassfish.grizzly.attributes.Attribute
 678:             5            160  org.spec.jbb.core.threadpools.ThreadPoolType
 679:             5            160  org.spec.jbb.hq.entity.ShippingCompany
 680:            10            160  org.spec.jbb.hq.tx.request.SupplierReceiptMessage
 681:             4            160  sun.nio.ch.ServerSocketAdaptor (java.base)
 682:             5            160  sun.util.locale.provider.LocaleProviderAdapter$Type (java.base)
 683:             5            160  sun.util.locale.provider.LocaleResources (java.base)
 684:             3            152  [Ljava.lang.annotation.ElementType; (java.base)
 685:             3            144  [F (java.base)
 686:             1            144  [Ljava.lang.invoke.VarHandle$AccessMode; (java.base)
 687:             2            144  [Ljava.math.BigDecimal; (java.base)
 688:             1            144  [[Lorg.glassfish.grizzly.IOEvent;
 689:             6            144  com.sun.org.apache.xerces.internal.util.Status (java.xml)
 690:             6            144  com.sun.xml.bind.v2.runtime.ArrayBeanInfoImpl$ArrayLoader
 691:             6            144  com.sun.xml.bind.v2.runtime.reflect.AdaptedLister
 692:             6            144  java.lang.Thread$State (java.base)
 693:             3            144  java.lang.ThreadGroup (java.base)
 694:             6            144  java.net.Inet6Address (java.base)
 695:             2            144  java.util.concurrent.ScheduledThreadPoolExecutor (java.base)
 696:             3            144  java.util.concurrent.ThreadPoolExecutor$Worker (java.base)
 697:             6            144  java.util.regex.Pattern$Start (java.base)
 698:             6            144  javax.xml.datatype.DatatypeConstants$Field (java.xml)
 699:             6            144  jdk.net.ExtendedSocketOptions$ExtSocketOption (jdk.net)
 700:             9            144  jdk.proxy2.$Proxy7 (jdk.proxy2)
 701:             6            144  org.glassfish.grizzly.ProcessorResult
 702:             6            144  org.glassfish.grizzly.Transport$State
 703:             6            144  org.glassfish.grizzly.nio.RoundRobinConnectionDistributor
 704:             6            144  org.glassfish.grizzly.nio.RoundRobinConnectionDistributor$SharedIterator
 705:             9            144  org.spec.jbb.core.comm.AbstractRequest$JAXBAdapter
 706:             6            144  org.spec.jbb.core.locks.DelegateLockManager
 707:             6            144  org.spec.jbb.core.purchase.PurchaseAgent$Type
 708:             6            144  org.spec.jbb.core.tx.SimpleTransactionExecutor
 709:             6            144  org.spec.jbb.infra.validation.ValidationLevel
 710:             6            144  org.spec.jbb.util.random.SpecRandomType
 711:             1            144  sun.security.pkcs11.SunPKCS11 (jdk.crypto.cryptoki)
 712:             4            128  com.sun.xml.bind.v2.model.impl.RuntimeEnumConstantImpl
 713:             2            128  com.sun.xml.bind.v2.model.impl.RuntimeEnumLeafInfoImpl
 714:             4            128  java.lang.invoke.MethodHandles$Lookup (java.base)
 715:             2            128  java.security.SecureRandom (java.base)
 716:             2            128  java.text.DateFormatSymbols (java.base)
 717:             4            128  java.util.concurrent.Semaphore$NonfairSync (java.base)
 718:             4            128  java.util.concurrent.locks.AbstractQueuedSynchronizer$ConditionNode (java.base)
 719:             8            128  java.util.regex.Pattern$BitClass (java.base)
 720:             4            128  java.util.stream.FindOps$FindOp (java.base)
 721:             8            128  org.glassfish.grizzly.filterchain.DefaultFilterChain$FiltersStateFactory
 722:             8            128  org.glassfish.grizzly.filterchain.TransportFilter
 723:             4            128  org.spec.jbb.sm.CustomerSelection$CustomerHotness
 724:             4            128  org.spec.jbb.util.StringProperty
 725:             2            128  sun.security.jgss.SunProvider$ProviderService (java.security.jgss)
 726:             3            120  [Ljava.lang.invoke.LambdaForm$BasicType; (java.base)
 727:             1            120  [[Ljava.lang.String; (java.base)
 728:             5            120  com.sun.org.apache.xerces.internal.util.PropertyState (java.xml)
 729:             5            120  com.sun.org.apache.xerces.internal.utils.XMLSecurityManager$State (java.xml)
 730:             5            120  com.sun.org.apache.xerces.internal.utils.XMLSecurityPropertyManager$State (java.xml)
 731:             3            120  java.lang.reflect.ProxyGenerator$ProxyMethod (java.base)
 732:             5            120  java.util.Arrays$ArrayList (java.base)
 733:             3            120  java.util.ResourceBundle$BundleReference (java.base)
 734:             5            120  java.util.concurrent.LinkedTransferQueue (java.base)
 735:             5            120  java.util.regex.Pattern$BmpCharPredicate$$Lambda$37/0x00000008000ec4d8 (java.base)
 736:             5            120  java.util.regex.Pattern$CharPropertyGreedy (java.base)
 737:             5            120  java.util.stream.StreamOpFlag$Type (java.base)
 738:             5            120  jdk.internal.math.FloatingDecimal$PreparedASCIIToBinaryBuffer (java.base)
 739:             5            120  org.spec.jbb.core.Priority
 740:             5            120  org.spec.jbb.core.collections.Pair
 741:             5            120  org.spec.jbb.core.comm.connectivity.grizzlynio.Destination
 742:             5            120  org.spec.jbb.core.comm.connectivity.grizzlynio.GrizzlyNioServer
 743:             5            120  org.spec.jbb.core.comm.policy.TransportSelectionPolicyType
 744:             5            120  org.spec.jbb.core.scheduler.SchedulerType
 745:             5            120  org.spec.jbb.infra.snapshot.InMemorySnapshotManager$Snapshot
 746:             5            120  org.spec.jbb.infra.validation.ValidationResult
 747:             5            120  org.spec.jbb.reporter.RawResult$RawData$RawDataType
 748:             5            112  [Lcom.sun.xml.bind.v2.runtime.property.AttributeProperty;
 749:             2            112  [Lorg.spec.jbb.core.comm.transport.TransportType;
 750:             2            112  com.sun.xml.bind.v2.model.impl.RuntimeModelBuilder
 751:             2            112  com.sun.xml.bind.v2.model.impl.RuntimeTypeInfoSetImpl
 752:             2            112  com.sun.xml.bind.v2.runtime.ElementBeanInfoImpl
 753:             1            112  java.util.GregorianCalendar (java.base)
 754:             2            112  java.util.ServiceLoader (java.base)
 755:             7            112  jdk.proxy2.$Proxy9 (jdk.proxy2)
 756:             7            112  org.glassfish.grizzly.nio.transport.TCPNIOConnectorHandler$InstantConnectHandler
 757:             7            112  org.glassfish.grizzly.nio.transport.TCPNIOTemporarySelectorReader
 758:             7            112  org.glassfish.grizzly.nio.transport.TCPNIOTemporarySelectorWriter
 759:             7            112  org.glassfish.grizzly.nio.transport.TCPNIOTransport$RegisterChannelCompletionHandler
 760:             7            112  org.glassfish.grizzly.nio.transport.TCPNIOTransportFilter
 761:             7            112  org.spec.jbb.core.comm.connectivity.grizzlynio.GrizzlyTransport$1
 762:             7            112  org.spec.jbb.core.comm.requests.CompositeRequest
 763:             2            112  org.spec.jbb.core.purchase.CustomerSpecificPurchaseAgent
 764:             2            112  org.spec.jbb.util.random.TriangleRandom
 765:             2            104  [Lsun.util.logging.PlatformLogger$Level; (java.base)
 766:             1            104  com.sun.crypto.provider.SunJCE (java.base)
 767:             1            104  jdk.internal.loader.ClassLoaders$AppClassLoader (java.base)
 768:             1            104  jdk.internal.loader.ClassLoaders$BootClassLoader (java.base)
 769:             1            104  jdk.internal.loader.ClassLoaders$PlatformClassLoader (java.base)
 770:             1            104  org.jcp.xml.dsig.internal.dom.XMLDSigRI (java.xml.crypto)
 771:             1            104  org.spec.jbb.infra.BackendAgent
 772:             1            104  sun.security.ec.SunEC (jdk.crypto.ec)
 773:             1            104  sun.security.jca.ProviderList$1 (java.base)
 774:             1            104  sun.security.jgss.SunProvider (java.security.jgss)
 775:             1            104  sun.security.provider.Sun (java.base)
 776:             1            104  sun.security.rsa.SunRsaSign (java.base)
 777:             1            104  sun.security.smartcardio.SunPCSC (java.smartcardio)
 778:             1            104  sun.security.ssl.SunJSSE (java.base)
 779:             2             96  [Ljava.lang.System$Logger$Level; (java.base)
 780:             2             96  [Lorg.spec.jbb.Launcher$RunnerType;
 781:             3             96  [Lorg.spec.jbb.core.onlinepurchase.AbstractOnlinePurchaseAgent$OnlineType;
 782:             2             96  [Lorg.spec.jbb.util.PropertyAttribute;
 783:             3             96  [Lsun.nio.fs.NativeBuffer; (java.base)
 784:             1             96  [Lsun.util.locale.BaseLocale; (java.base)
 785:             1             96  [[J (java.base)
 786:             2             96  com.sun.management.internal.GarbageCollectorExtImpl (jdk.management)
 787:             3             96  com.sun.org.apache.xerces.internal.utils.XMLSecurityManager$NameMap (java.xml)
 788:             3             96  java.io.FileInputStream (java.base)
 789:             3             96  java.lang.ClassValue$Entry (java.base)
 790:             3             96  java.lang.Runtime$Version (java.base)
 791:             3             96  java.lang.constant.DynamicConstantDesc$AnonymousDynamicConstantDesc (java.base)
 792:             3             96  java.lang.invoke.SimpleMethodHandle (java.base)
 793:             4             96  java.lang.module.ModuleDescriptor$Modifier (java.base)
 794:             4             96  java.lang.module.ModuleDescriptor$Opens (java.base)
 795:             4             96  java.lang.module.ModuleDescriptor$Requires$Modifier (java.base)
 796:             3             96  java.util.ArrayList$Itr (java.base)
 797:             3             96  java.util.Collections$SynchronizedMap (java.base)
 798:             4             96  java.util.regex.Pattern$Qtype (java.base)
 799:             4             96  java.util.stream.StreamShape (java.base)
 800:             4             96  javax.xml.bind.annotation.XmlAccessType
 801:             3             96  jdk.internal.loader.BuiltinClassLoader$1 (java.base)
 802:             6             96  jdk.internal.loader.ClassLoaderValue (java.base)
 803:             4             96  jdk.internal.logger.BootstrapLogger$LoggingBackend (java.base)
 804:             4             96  org.glassfish.grizzly.nio.transport.TCPNIOServerConnection$RegisterAcceptedChannelCompletionHandler
 805:             4             96  org.spec.jbb.core.cache.SoftReferenceCache
 806:             4             96  org.spec.jbb.core.comm.connectivity.grizzlynio.proto.ProtocolDataUnit$Type
 807:             4             96  org.spec.jbb.core.comm.transport.TransportType$EncapsulationType
 808:             4             96  org.spec.jbb.core.comm.transport.TransportType$EncryptionType
 809:             4             96  org.spec.jbb.core.counters.CounterType
 810:             6             96  org.spec.jbb.core.locks.EntryFactory
 811:             4             96  org.spec.jbb.core.sequencer.BulkRandomizedSequencer
 812:             3             96  org.spec.jbb.core.threadpools.SettableFuture
 813:             4             96  org.spec.jbb.core.threadpools.ThreadPoolType$PoolType
 814:             4             96  org.spec.jbb.core.util.PropertyParserTest$TestEnum
 815:             4             96  org.spec.jbb.infra.txinjector.irdecider.IRDeciderType
 816:             4             96  org.spec.jbb.reporter.RawResult$ProductType
 817:             2             96  org.spec.jbb.sm.coupon.CouponFactory
 818:             2             96  org.spec.jbb.sm.storage.SupermarketStorageImpl
 819:             6             96  org.spec.jbb.sm.tx.request.PaymentRequest
 820:             2             96  org.spec.jbb.sp.SP
 821:             2             96  org.spec.jbb.util.random.TruncatedExponentialRandom
 822:             3             96  sun.nio.fs.NativeBuffer (java.base)
 823:             1             96  sun.util.calendar.Gregorian$Date (java.base)
 824:             1             88  org.spec.jbb.hq.db.Storage
 825:             2             80  [Lcom.sun.xml.bind.v2.model.impl.ClassInfoImpl$SecondaryAnnotation;
 826:             2             80  [Ljava.lang.OutOfMemoryError; (java.base)
 827:             1             80  [Ljava.time.temporal.ChronoUnit; (java.base)
 828:             2             80  [Ljava.util.stream.StreamOpFlag$Type; (java.base)
 829:             2             80  [Lorg.spec.jbb.Launcher$RunCategory;
 830:             2             80  [Lsun.security.jca.ProviderConfig; (java.base)
 831:             2             80  java.io.PrintWriter (java.base)
 832:             2             80  java.lang.ModuleLayer (java.base)
 833:             2             80  java.lang.invoke.VarHandleBooleans$FieldInstanceReadWrite (java.base)
 834:             2             80  java.lang.invoke.VarHandleLongs$FieldInstanceReadWrite (java.base)
 835:             2             80  java.lang.module.Configuration (java.base)
 836:             2             80  java.text.DigitList (java.base)
 837:             5             80  java.util.LinkedHashMap$LinkedKeySet (java.base)
 838:             2             80  java.util.Locale$Category (java.base)
 839:             2             80  java.util.ServiceLoader$LazyClassPathLookupIterator (java.base)
 840:             2             80  java.util.concurrent.LinkedBlockingDeque (java.base)
 841:             2             80  java.util.concurrent.PriorityBlockingQueue (java.base)
 842:             2             80  java.util.regex.Pattern$Loop (java.base)
 843:             5             80  org.glassfish.grizzly.attributes.Attribute$1
 844:             2             80  org.spec.jbb.core.cache.BoundedWriteBackCache
 845:             5             80  org.spec.jbb.core.comm.Interconnect$ProcessorCallback
 846:             5             80  org.spec.jbb.core.comm.connectivity.grizzlynio.proto.ServerProtocolDataUnitFilter
 847:             1             80  org.spec.jbb.hq.HQ
 848:             2             80  org.spec.jbb.sm.CustomerSelection
 849:             2             80  org.spec.jbb.sm.advertisement.HQAdvertisementAgent
 850:             2             80  sun.management.MemoryManagerImpl (java.management)
 851:             1             80  sun.util.cldr.CLDRLocaleProviderAdapter (java.base)
 852:             1             80  sun.util.locale.provider.JRELocaleProviderAdapter (java.base)
 853:             3             72  [Lorg.spec.jbb.sm.CustomerSelection$CustomerType;
 854:             3             72  com.sun.xml.bind.v2.model.core.ID
 855:             3             72  java.lang.WeakPairMap (java.base)
 856:             3             72  java.lang.annotation.RetentionPolicy (java.base)
 857:             3             72  java.lang.invoke.VarHandle$VarHandleDesc$Kind (java.base)
 858:             3             72  java.net.StandardProtocolFamily (java.base)
 859:             3             72  java.nio.file.AccessMode (java.base)
 860:             3             72  java.nio.file.FileTreeWalker$EventType (java.base)
 861:             3             72  java.security.SecurityPermission (java.base)
 862:             3             72  java.time.Instant (java.base)
 863:             3             72  java.time.ZoneOffset (java.base)
 864:             1             72  java.util.concurrent.ScheduledThreadPoolExecutor$ScheduledFutureTask (java.base)
 865:             1             72  java.util.concurrent.ThreadPoolExecutor (java.base)
 866:             3             72  java.util.regex.Pattern$Ques (java.base)
 867:             3             72  java.util.stream.Collector$Characteristics (java.base)
 868:             3             72  jdk.internal.math.FloatingDecimal$ExceptionalBinaryToASCIIBuffer (java.base)
 869:             3             72  jdk.internal.misc.Signal (java.base)
 870:             3             72  org.glassfish.grizzly.TransformationResult$Status
 871:             3             72  org.spec.jbb.core.collections.CardMix
 872:             3             72  org.spec.jbb.core.collections.ConcurrentHashMultiSet
 873:             3             72  org.spec.jbb.core.collections.sampling.SamplingBufferType
 874:             3             72  org.spec.jbb.core.comm.connectivity.ConnectivityType
 875:             3             72  org.spec.jbb.core.comm.connectivity.grizzlynio.PoolableConnection
 876:             3             72  org.spec.jbb.core.comm.transport.encapsulation.JAXBAdapters$MapElement
 877:             3             72  org.spec.jbb.core.locks.LockRefType
 878:             3             72  org.spec.jbb.core.onlinepurchase.AbstractOnlinePurchaseAgent$OnlineType
 879:             3             72  org.spec.jbb.core.probe.ProfileMode
 880:             3             72  org.spec.jbb.core.threadpools.ForkJoinThreadPool$1
 881:             3             72  org.spec.jbb.core.threadpools.ThreadPoolType$MultiPoolType
 882:             3             72  org.spec.jbb.infra.Component
 883:             3             72  org.spec.jbb.infra.seed.SeedAgentType
 884:             3             72  org.spec.jbb.sm.inventory.InventoryType
 885:             3             72  org.spec.jbb.util.PropertyCompliance
 886:             1             72  sun.net.www.protocol.jar.URLJarFile (java.base)
 887:             3             72  sun.nio.fs.NativeBuffer$Deallocator (java.base)
 888:             3             72  sun.security.provider.NativePRNG$Variant (java.base)
 889:             4             64  [Ljava.lang.annotation.Annotation; (java.base)
 890:             2             64  [Ljava.lang.annotation.RetentionPolicy; (java.base)
 891:             2             64  [Ljava.lang.invoke.LambdaFormEditor$Transform; (java.base)
 892:             1             64  [Ljava.lang.invoke.MethodHandleImpl$Intrinsic; (java.base)
 893:             2             64  [Ljava.nio.charset.CoderResult; (java.base)
 894:             2             64  [Ljava.util.stream.Collector$Characteristics; (java.base)
 895:             2             64  [Ljavax.xml.bind.annotation.XmlAccessType;
 896:             2             64  [Lorg.spec.jbb.core.probe.ProfileMode;
 897:             1             64  [Lorg.spec.jbb.infra.AgentState;
 898:             2             64  com.sun.org.apache.xerces.internal.utils.XMLSecurityPropertyManager$Property (java.xml)
 899:             2             64  com.sun.xml.bind.v2.runtime.AnyTypeBeanInfo
 900:             2             64  com.sun.xml.bind.v2.runtime.CompositeStructureBeanInfo
 901:             2             64  com.sun.xml.bind.v2.runtime.NameList
 902:             2             64  java.io.BufferedOutputStream (java.base)
 903:             2             64  java.io.FileOutputStream (java.base)
 904:             2             64  java.lang.ref.ReferenceQueue$Null (java.base)
 905:             1             64  java.text.SimpleDateFormat (java.base)
 906:             2             64  java.util.HexFormat (java.base)
 907:             4             64  java.util.IdentityHashMap$KeySet (java.base)
 908:             4             64  java.util.Optional (java.base)
 909:             2             64  java.util.Random (java.base)
 910:             2             64  java.util.ServiceLoader$ModuleServicesLookupIterator (java.base)
 911:             2             64  java.util.concurrent.ScheduledThreadPoolExecutor$DelayedWorkQueue (java.base)
 912:             4             64  java.util.concurrent.Semaphore (java.base)
 913:             2             64  java.util.concurrent.atomic.AtomicIntegerFieldUpdater$AtomicIntegerFieldUpdaterImpl (java.base)
 914:             2             64  java.util.concurrent.locks.AbstractQueuedSynchronizer$ExclusiveNode (java.base)
 915:             1             64  java.util.logging.LogManager$RootLogger (java.logging)
 916:             4             64  jdk.internal.module.ServicesCatalog (java.base)
 917:             4             64  jdk.internal.util.Preconditions$1 (java.base)
 918:             4             64  jdk.proxy2.$Proxy5 (jdk.proxy2)
 919:             4             64  org.glassfish.grizzly.nio.transport.TCPNIOServerConnection$1
 920:             4             64  org.glassfish.grizzly.utils.Holder$1
 921:             2             64  org.glassfish.grizzly.utils.JdkVersion
 922:             2             64  org.spec.jbb.core.collections.HashMultiSet
 923:             1             64  org.spec.jbb.core.comm.Interconnect
 924:             2             64  org.spec.jbb.core.comm.Packet$Header
 925:             2             64  org.spec.jbb.core.comm.connectivity.grizzlynio.proto.ProtocolDataUnit
 926:             2             64  org.spec.jbb.core.threadpools.SpecThreadFactory$1
 927:             2             64  org.spec.jbb.core.time.JavaSystemStopWatch
 928:             2             64  org.spec.jbb.infra.BackendEntitiesDistribution
 929:             2             64  org.spec.jbb.infra.TransferLogsAgent$NoExplicitFlushBOS
 930:             1             64  org.spec.jbb.infra.heartbeat.HeartbeatWatchdog
 931:             2             64  org.spec.jbb.sm.discount.BasicDiscountAgent
 932:             2             64  org.spec.jbb.sm.entity.InStorePickupOrder
 933:             4             64  org.spec.jbb.util.StringProperty$1
 934:             2             64  sun.nio.fs.UnixFileKey (java.base)
 935:             4             64  sun.reflect.generics.tree.ArrayTypeSignature (java.base)
 936:             2             64  sun.security.provider.FileInputStreamPool$StreamRef (java.base)
 937:             1             64  sun.security.smartcardio.SunPCSC$ProviderService (java.smartcardio)
 938:             1             56  [Lcom.sun.org.apache.xerces.internal.impl.XMLScanner$NameType; (java.xml)
 939:             1             56  [Lcom.sun.org.apache.xerces.internal.utils.XMLSecurityManager$Limit; (java.xml)
 940:             1             56  [Ljava.lang.Runnable; (java.base)
 941:             1             56  [Ljava.nio.file.StandardOpenOption; (java.base)
 942:             1             56  [Ljava.util.logging.Level; (java.logging)
 943:             1             56  [Lorg.spec.jbb.core.EntityType;
 944:             1             56  [Lorg.spec.jbb.infra.IterationLabel;
 945:             1             56  java.lang.invoke.BoundMethodHandle$Specializer (java.base)
 946:             1             56  java.lang.invoke.BoundMethodHandle$Species_LLLLLLL (java.base)
 947:             1             56  java.net.SocketPermission (java.base)
 948:             1             56  java.util.logging.LogManager (java.logging)
 949:             1             56  jdk.internal.org.objectweb.asm.Label (java.base)
 950:             1             56  org.spec.jbb.of.OrderFulfillment
 951:             1             56  sun.security.provider.SHA (java.base)
 952:             1             48  [Lcom.sun.xml.bind.v2.model.impl.ClassInfoImpl$PropertyGroup;
 953:             1             48  [Ljava.math.RoundingMode; (java.base)
 954:             3             48  [Ljava.security.CodeSigner; (java.base)
 955:             2             48  [Ljava.util.Enumeration; (java.base)
 956:             2             48  [Ljava.util.concurrent.ConcurrentHashMap$CounterCell; (java.base)
 957:             1             48  [Ljava.util.concurrent.TimeUnit; (java.base)
 958:             1             48  [Lorg.glassfish.grizzly.ProcessorResult$Status;
 959:             1             48  [Lorg.glassfish.grizzly.filterchain.FilterChainContext$Operation;
 960:             2             48  [Lorg.spec.jbb.core.ResetMode;
 961:             2             48  [Lorg.spec.jbb.core.collections.Mix;
 962:             1             48  [Lorg.spec.jbb.core.collections.queues.QueueType;
 963:             1             48  [Lorg.spec.jbb.core.comm.SourceType;
 964:             2             48  [Lorg.spec.jbb.hq.HQ$SMInventoryDirection;
 965:             1             48  [Lorg.spec.jbb.infra.ControllerType;
 966:             3             48  com.sun.org.apache.xerces.internal.impl.dv.dtd.ListDatatypeValidator (java.xml)
 967:             2             48  com.sun.xml.bind.v2.model.annotation.RuntimeInlineAnnotationReader
 968:             2             48  com.sun.xml.bind.v2.model.impl.GetterSetterPropertySeed
 969:             2             48  com.sun.xml.bind.v2.runtime.ElementBeanInfoImpl$1
 970:             2             48  com.sun.xml.bind.v2.runtime.JAXBContextImpl$1
 971:             2             48  com.sun.xml.bind.v2.runtime.JAXBContextImpl$2
 972:             2             48  com.sun.xml.bind.v2.runtime.reflect.Accessor$GetterSetterReflection
 973:             2             48  java.io.File$PathStatus (java.base)
 974:             3             48  java.lang.Boolean (java.base)
 975:             2             48  java.lang.ClassValue$Version (java.base)
 976:             2             48  java.lang.CompoundEnumeration (java.base)
 977:             2             48  java.lang.Double (java.base)
 978:             1             48  java.lang.NullPointerException (java.base)
 979:             1             48  java.lang.invoke.BoundMethodHandle$Specializer$Factory (java.base)
 980:             2             48  java.lang.invoke.MethodHandles$Lookup$ClassOption (java.base)
 981:             2             48  java.lang.management.ManagementPermission (java.management)
 982:             2             48  java.lang.reflect.ReflectPermission (java.base)
 983:             3             48  java.nio.charset.CodingErrorAction (java.base)
 984:             3             48  java.text.AttributedCharacterIterator$Attribute (java.base)
 985:             3             48  java.util.Collections$UnmodifiableCollection (java.base)
 986:             3             48  java.util.Collections$UnmodifiableMap$UnmodifiableEntrySet (java.base)
 987:             3             48  java.util.ResourceBundle$NoFallbackControl (java.base)
 988:             2             48  java.util.ServiceLoader$2 (java.base)
 989:             1             48  java.util.concurrent.ConcurrentSkipListMap (java.base)
 990:             2             48  java.util.concurrent.ConcurrentSkipListMap$Node (java.base)
 991:             2             48  java.util.concurrent.Executors$RunnableAdapter (java.base)
 992:             1             48  java.util.concurrent.LinkedBlockingQueue (java.base)
 993:             1             48  java.util.logging.ConsoleHandler (java.logging)
 994:             2             48  java.util.logging.Logger$LoggerBundle (java.logging)
 995:             2             48  java.util.logging.LoggingPermission (java.logging)
 996:             2             48  java.util.regex.Pattern$Prolog (java.base)
 997:             2             48  java.util.regex.Pattern$StartS (java.base)
 998:             2             48  javax.crypto.spec.SecretKeySpec (java.base)
 999:             2             48  javax.xml.bind.annotation.XmlAccessOrder
1000:             2             48  jdk.internal.misc.Signal$NativeHandler (java.base)
1001:             3             48  jdk.proxy2.$Proxy8 (jdk.proxy2)
1002:             3             48  joptsimple.internal.ConstructorInvokingValueConverter
1003:             2             48  org.glassfish.grizzly.CloseType
1004:             3             48  org.glassfish.grizzly.StandaloneProcessor
1005:             2             48  org.glassfish.grizzly.filterchain.DefaultFilterChain$FilterExecution
1006:             2             48  org.glassfish.grizzly.filterchain.FilterChainContext$State
1007:             2             48  org.spec.jbb.core.ResetMode
1008:             3             48  org.spec.jbb.core.cache.BoundedWriteBackCache$CacheEntry$PriorityComparator
1009:             3             48  org.spec.jbb.core.collections.CollectionUtils$5
1010:             2             48  org.spec.jbb.core.collections.CollectionUtils$UnmodifiableMultiSet
1011:             1             48  org.spec.jbb.core.collections.CreateHashMap
1012:             2             48  org.spec.jbb.core.comm.Packet
1013:             3             48  org.spec.jbb.core.comm.connectivity.grizzlynio.GrizzlyNioClient$CustomClientFilter
1014:             2             48  org.spec.jbb.core.comm.transport.TransportType$CompressionType
1015:             2             48  org.spec.jbb.core.locks.LockManagerType
1016:             2             48  org.spec.jbb.core.onlinepurchase.RandomOnlinePurchaseAgent
1017:             2             48  org.spec.jbb.core.scheduler.DelayType
1018:             3             48  org.spec.jbb.core.threadpools.EmptyMultiPool
1019:             3             48  org.spec.jbb.core.threadpools.NoSemaphoreAdapter
1020:             3             48  org.spec.jbb.core.threadpools.SpecThreadFactory$1$1
1021:             2             48  org.spec.jbb.hq.HQ$SMInventoryDirection
1022:             2             48  org.spec.jbb.hq.db.DataMiningStorage
1023:             2             48  org.spec.jbb.hq.db.DataMiningStorage$1
1024:             2             48  org.spec.jbb.infra.AgentType
1025:             2             48  org.spec.jbb.infra.TransferLogsAgent$FrameOutputStream
1026:             2             48  org.spec.jbb.infra.TransferLogsAgent$TransferFileType
1027:             2             48  org.spec.jbb.infra.rtprocess.ResponseTimeProcessType
1028:             2             48  org.spec.jbb.sm.CustomerSelection$CustomerType
1029:             2             48  org.spec.jbb.sm.SM$2
1030:             2             48  org.spec.jbb.sm.SM$3
1031:             2             48  org.spec.jbb.sm.advertisement.AdvertisementAgentType
1032:             2             48  org.spec.jbb.sm.inventory.LockedRandomBarcodeInventory
1033:             2             48  org.spec.jbb.sp.storage.SupplierStorageImpl
1034:             1             48  org.spec.jbb.util.JbbProperties$3
1035:             2             48  org.spec.jbb.util.StreamUtil$JbbTeeStream
1036:             2             48  org.spec.jbb.util.ThreadLocalSink
1037:             2             48  org.spec.jbb.util.ThreadLocalSink$1
1038:             2             48  sun.security.jca.ProviderList (java.base)
1039:             2             48  sun.security.jca.ProviderList$3 (java.base)
1040:             2             48  sun.util.locale.provider.LocaleServiceProviderPool (java.base)
1041:             1             48  sun.util.resources.TimeZoneNames (java.base)
1042:             1             48  sun.util.resources.TimeZoneNames_en (java.base)
1043:             1             48  sun.util.resources.cldr.TimeZoneNames (java.base)
1044:             1             48  sun.util.resources.cldr.TimeZoneNames_en (java.base)
1045:             1             40  [Lcom.sun.org.apache.xerces.internal.util.Status; (java.xml)
1046:             1             40  [Lcom.sun.xml.bind.v2.model.core.PropertyKind;
1047:             1             40  [Ljava.lang.Thread$State; (java.base)
1048:             1             40  [Ljava.lang.invoke.VarHandle$AccessType; (java.base)
1049:             2             40  [Ljava.util.logging.Handler; (java.logging)
1050:             1             40  [Ljava.util.stream.StreamOpFlag; (java.base)
1051:             1             40  [Lorg.glassfish.grizzly.Transport$State;
1052:             1             40  [Lorg.spec.jbb.core.Priority;
1053:             1             40  [Lorg.spec.jbb.core.collections.Pair;
1054:             1             40  [Lorg.spec.jbb.core.comm.policy.TransportSelectionPolicyType;
1055:             1             40  [Lorg.spec.jbb.core.purchase.PurchaseAgent$Type;
1056:             1             40  [Lorg.spec.jbb.core.scheduler.SchedulerType;
1057:             1             40  [Lorg.spec.jbb.core.threadpools.ThreadPoolType;
1058:             1             40  [Lorg.spec.jbb.infra.validation.ValidationLevel;
1059:             1             40  [Lorg.spec.jbb.infra.validation.ValidationResult;
1060:             1             40  [Lorg.spec.jbb.reporter.RawResult$RawData$RawDataType;
1061:             1             40  [Lorg.spec.jbb.reporter.RawResult$ValidationReporterResult;
1062:             1             40  [Lorg.spec.jbb.util.random.SpecRandomType;
1063:             1             40  [Lsun.util.locale.provider.LocaleProviderAdapter$Type; (java.base)
1064:             1             40  [[Ljava.lang.invoke.LambdaForm$Name; (java.base)
1065:             1             40  com.sun.management.internal.DiagnosticCommandImpl (jdk.management)
1066:             1             40  com.sun.org.apache.xerces.internal.impl.XMLEntityScanner$1 (java.xml)
1067:             1             40  java.io.BufferedInputStream (java.base)
1068:             1             40  java.lang.ArithmeticException (java.base)
1069:             1             40  java.lang.ClassCastException (java.base)
1070:             1             40  java.lang.VirtualMachineError (java.base)
1071:             1             40  java.lang.invoke.MethodHandleImpl$IntrinsicMethodHandle (java.base)
1072:             1             40  java.lang.invoke.VarHandleInts$FieldStaticReadWrite (java.base)
1073:             1             40  java.lang.invoke.VarHandleReferences$Array (java.base)
1074:             1             40  java.net.InetAddress$CachedAddresses (java.base)
1075:             1             40  java.util.HashMap$KeyIterator (java.base)
1076:             1             40  java.util.PropertyResourceBundle (java.base)
1077:             1             40  java.util.ResourceBundle$2 (java.base)
1078:             1             40  javax.crypto.CryptoAllPermission (java.base)
1079:             1             40  jdk.internal.loader.NativeLibraries$2 (java.base)
1080:             1             40  jdk.internal.loader.URLClassPath (java.base)
1081:             1             40  jdk.internal.ref.CleanerImpl$CleanerCleanable (java.base)
1082:             1             40  joptsimple.OptionParser
1083:             1             40  org.spec.jbb.util.SpecJbbLogHandler
1084:             1             40  sun.text.resources.cldr.FormatData (java.base)
1085:             1             40  sun.text.resources.cldr.FormatData_en (java.base)
1086:             1             40  sun.text.resources.cldr.ext.FormatData_en_001 (jdk.localedata)
1087:             1             40  sun.text.resources.cldr.ext.FormatData_en_IN (jdk.localedata)
1088:             1             40  sun.util.locale.InternalLocaleBuilder (java.base)
1089:             1             40  sun.util.resources.Bundles$1 (java.base)
1090:             1             40  sun.util.resources.cldr.CalendarData (java.base)
1091:             1             32  [Lcom.sun.org.apache.xerces.internal.utils.XMLSecurityManager$NameMap; (java.xml)
1092:             1             32  [Lcom.sun.xml.bind.v2.model.core.ID;
1093:             1             32  [Ljava.lang.ThreadGroup; (java.base)
1094:             1             32  [Ljava.lang.invoke.VarHandle$VarHandleDesc$Kind; (java.base)
1095:             1             32  [Ljava.lang.management.MemoryManagerMXBean; (java.management)
1096:             1             32  [Ljava.lang.module.ModuleDescriptor$Modifier; (java.base)
1097:             1             32  [Ljava.lang.module.ModuleDescriptor$Requires$Modifier; (java.base)
1098:             1             32  [Ljava.net.StandardProtocolFamily; (java.base)
1099:             1             32  [Ljava.nio.file.AccessMode; (java.base)
1100:             1             32  [Ljava.nio.file.FileTreeWalker$EventType; (java.base)
1101:             1             32  [Ljava.util.regex.Pattern$Qtype; (java.base)
1102:             1             32  [Ljava.util.stream.StreamShape; (java.base)
1103:             1             32  [Ljavax.xml.catalog.CatalogFeatures$Feature; (java.xml)
1104:             1             32  [Ljdk.internal.logger.BootstrapLogger$LoggingBackend; (java.base)
1105:             1             32  [Ljdk.internal.module.ServicesCatalog; (java.base)
1106:             1             32  [Lorg.glassfish.grizzly.TransformationResult$Status;
1107:             1             32  [Lorg.spec.jbb.core.collections.sampling.SamplingBufferType;
1108:             1             32  [Lorg.spec.jbb.core.comm.connectivity.ConnectivityType;
1109:             1             32  [Lorg.spec.jbb.core.comm.connectivity.grizzlynio.proto.ProtocolDataUnit$Type;
1110:             1             32  [Lorg.spec.jbb.core.comm.transport.TransportType$EncapsulationType;
1111:             1             32  [Lorg.spec.jbb.core.comm.transport.TransportType$EncryptionType;
1112:             1             32  [Lorg.spec.jbb.core.counters.CounterType;
1113:             1             32  [Lorg.spec.jbb.core.locks.LockRefType;
1114:             1             32  [Lorg.spec.jbb.core.threadpools.ThreadPoolType$MultiPoolType;
1115:             1             32  [Lorg.spec.jbb.core.threadpools.ThreadPoolType$PoolType;
1116:             1             32  [Lorg.spec.jbb.core.util.PropertyParserTest$TestEnum;
1117:             1             32  [Lorg.spec.jbb.infra.Component;
1118:             1             32  [Lorg.spec.jbb.infra.seed.SeedAgentType;
1119:             1             32  [Lorg.spec.jbb.infra.txinjector.irdecider.IRDeciderType;
1120:             1             32  [Lorg.spec.jbb.reporter.RawResult$ProductType;
1121:             1             32  [Lorg.spec.jbb.sm.inventory.InventoryType;
1122:             1             32  [Lorg.spec.jbb.util.PropertyCompliance;
1123:             1             32  [Lsun.security.provider.NativePRNG$Variant; (java.base)
1124:             2             32  com.sun.org.apache.xerces.internal.impl.dv.dtd.ENTITYDatatypeValidator (java.xml)
1125:             2             32  com.sun.proxy.jdk.proxy1.$Proxy13 (jdk.proxy1)
1126:             2             32  com.sun.xml.bind.v2.model.impl.ModelBuilder$1
1127:             2             32  com.sun.xml.bind.v2.model.impl.TypeInfoSetImpl$1
1128:             2             32  com.sun.xml.bind.v2.runtime.IllegalAnnotationsException$Builder
1129:             1             32  java.io.UnixFileSystem (java.base)
1130:             2             32  java.lang.ClassValue$Identity (java.base)
1131:             1             32  java.lang.Module$ArchivedData (java.base)
1132:             2             32  java.lang.Shutdown$Lock (java.base)
1133:             2             32  java.nio.ByteOrder (java.base)
1134:             1             32  java.security.MessageDigest$Delegate$CloneableDelegate (java.base)
1135:             1             32  java.text.DontCareFieldPosition (java.base)
1136:             1             32  java.util.ArrayList$SubList (java.base)
1137:             1             32  java.util.Formatter (java.base)
1138:             1             32  java.util.ImmutableCollections$ListItr (java.base)
1139:             1             32  java.util.LinkedHashMap$LinkedKeyIterator (java.base)
1140:             2             32  java.util.ResourceBundle$SingleFormatControl (java.base)
1141:             1             32  java.util.concurrent.CountDownLatch$Sync (java.base)
1142:             1             32  java.util.concurrent.FutureTask (java.base)
1143:             1             32  java.util.concurrent.ThreadLocalRandom (java.base)
1144:             1             32  java.util.concurrent.atomic.LongAdder (java.base)
1145:             1             32  java.util.concurrent.locks.AbstractQueuedSynchronizer$SharedNode (java.base)
1146:             1             32  java.util.concurrent.locks.ReentrantLock$FairSync (java.base)
1147:             2             32  java.util.logging.ErrorManager (java.logging)
1148:             1             32  java.util.logging.LogManager$SystemLoggerContext (java.logging)
1149:             2             32  java.util.regex.Pattern$CharPredicate$$Lambda$97/0x00000008002dd318 (java.base)
1150:             1             32  java.util.zip.ZipCoder$UTF8ZipCoder (java.base)
1151:             1             32  javax.management.ObjectName (java.management)
1152:             2             32  javax.xml.bind.DatatypeConverterImpl
1153:             1             32  jdk.internal.loader.ArchivedClassLoaders (java.base)
1154:             1             32  jdk.internal.loader.URLClassPath$1 (java.base)
1155:             1             32  jdk.internal.org.objectweb.asm.ConstantDynamic (java.base)
1156:             1             32  jdk.internal.org.objectweb.asm.Handle (java.base)
1157:             1             32  jdk.internal.reflect.UnsafeQualifiedDoubleFieldAccessorImpl (java.base)
1158:             1             32  jdk.net.ExtendedSocketOptions$1 (jdk.net)
1159:             2             32  jdk.proxy2.$Proxy16 (jdk.proxy2)
1160:             1             32  joptsimple.NonOptionArgumentSpec
1161:             1             32  joptsimple.OptionSet
1162:             1             32  org.eclipse.jetty.util.DateCache
1163:             2             32  org.glassfish.grizzly.memory.Buffers$BuffersAppender
1164:             1             32  org.spec.jbb.Launcher$BackendRunner
1165:             2             32  org.spec.jbb.core.collections.ConcurrentHashMultiSet$EntrySet
1166:             2             32  org.spec.jbb.core.collections.ConcurrentMultiMap
1167:             2             32  org.spec.jbb.core.collections.HashMultiSet$EntrySet
1168:             1             32  org.spec.jbb.core.comm.Interconnect$Registry
1169:             1             32  org.spec.jbb.core.comm.connectivity.GrizzlyNioProvider
1170:             2             32  org.spec.jbb.core.comm.transport.BinaryData
1171:             1             32  org.spec.jbb.core.objectpool.PerKeyQueuePool
1172:             1             32  org.spec.jbb.core.onlinepurchase.ProductReviewScoreBuckets
1173:             2             32  org.spec.jbb.hq.db.Storage$2$1
1174:             1             32  org.spec.jbb.infra.Group
1175:             1             32  org.spec.jbb.infra.TransferLogsSenderAgent
1176:             1             32  org.spec.jbb.infra.snapshot.InMemorySnapshotManager
1177:             2             32  org.spec.jbb.sm.SM$1
1178:             2             32  org.spec.jbb.sm.advertisement.Advertisements
1179:             1             32  org.spec.jbb.util.JbbProperties$4
1180:             2             32  org.spec.jbb.util.JbbProperties$5
1181:             1             32  org.spec.jbb.util.JbbPropertiesParser
1182:             1             32  org.xml.sax.helpers.LocatorImpl (java.xml)
1183:             2             32  sun.nio.ch.SocketDispatcher (java.base)
1184:             1             32  sun.nio.fs.LinuxFileSystem (java.base)
1185:             2             32  sun.security.provider.FileInputStreamPool$UnclosableInputStream (java.base)
1186:             2             32  sun.security.provider.NativePRNG (java.base)
1187:             1             32  sun.security.provider.SecureRandom (java.base)
1188:             1             32  sun.security.util.KnownOIDs$1 (java.base)
1189:             1             32  sun.security.util.KnownOIDs$10 (java.base)
1190:             1             32  sun.security.util.KnownOIDs$2 (java.base)
1191:             1             32  sun.security.util.KnownOIDs$3 (java.base)
1192:             1             32  sun.security.util.KnownOIDs$4 (java.base)
1193:             1             32  sun.security.util.KnownOIDs$5 (java.base)
1194:             1             32  sun.security.util.KnownOIDs$6 (java.base)
1195:             1             32  sun.security.util.KnownOIDs$7 (java.base)
1196:             1             32  sun.security.util.KnownOIDs$8 (java.base)
1197:             1             32  sun.security.util.KnownOIDs$9 (java.base)
1198:             2             32  sun.util.resources.LocaleData (java.base)
1199:             1             24  [Lcom.sun.org.apache.xerces.internal.utils.XMLSecurityPropertyManager$Property; (java.xml)
1200:             1             24  [Ljava.io.File$PathStatus; (java.base)
1201:             1             24  [Ljava.lang.ClassValue$Entry; (java.base)
1202:             1             24  [Ljava.lang.invoke.MethodHandles$Lookup$ClassOption; (java.base)
1203:             1             24  [Ljava.net.InetAddress; (java.base)
1204:             1             24  [Ljava.nio.file.LinkOption; (java.base)
1205:             1             24  [Ljava.util.Locale$Category; (java.base)
1206:             1             24  [Ljavax.xml.bind.annotation.XmlAccessOrder;
1207:             1             24  [Lorg.glassfish.grizzly.CloseType;
1208:             1             24  [Lorg.glassfish.grizzly.filterchain.FilterChainContext$State;
1209:             1             24  [Lorg.spec.jbb.core.comm.transport.TransportType$CompressionType;
1210:             1             24  [Lorg.spec.jbb.core.locks.LockManagerType;
1211:             1             24  [Lorg.spec.jbb.core.scheduler.DelayType;
1212:             1             24  [Lorg.spec.jbb.infra.AgentType;
1213:             1             24  [Lorg.spec.jbb.infra.TransferLogsAgent$TransferFileType;
1214:             1             24  [Lorg.spec.jbb.infra.rtprocess.ResponseTimeProcessType;
1215:             1             24  [Lorg.spec.jbb.sm.advertisement.AdvertisementAgentType;
1216:             1             24  com.sun.management.internal.PlatformMBeanProviderImpl$1 (jdk.management)
1217:             1             24  com.sun.management.internal.PlatformMBeanProviderImpl$2 (jdk.management)
1218:             1             24  com.sun.management.internal.PlatformMBeanProviderImpl$3 (jdk.management)
1219:             1             24  com.sun.management.internal.PlatformMBeanProviderImpl$4 (jdk.management)
1220:             1             24  com.sun.management.internal.PlatformMBeanProviderImpl$5 (jdk.management)
1221:             1             24  com.sun.org.apache.xerces.internal.impl.Constants$ArrayEnumeration (java.xml)
1222:             1             24  com.sun.org.apache.xerces.internal.jaxp.SAXParserFactoryImpl (java.xml)
1223:             1             24  com.sun.xml.bind.v2.model.annotation.XmlAttributeQuick
1224:             1             24  com.sun.xml.bind.v2.model.annotation.XmlElementDeclQuick
1225:             1             24  com.sun.xml.bind.v2.model.annotation.XmlElementQuick
1226:             1             24  com.sun.xml.bind.v2.model.annotation.XmlElementRefQuick
1227:             1             24  com.sun.xml.bind.v2.model.annotation.XmlElementRefsQuick
1228:             1             24  com.sun.xml.bind.v2.model.annotation.XmlEnumQuick
1229:             1             24  com.sun.xml.bind.v2.model.annotation.XmlRootElementQuick
1230:             1             24  com.sun.xml.bind.v2.model.annotation.XmlSchemaQuick
1231:             1             24  com.sun.xml.bind.v2.model.annotation.XmlSchemaTypeQuick
1232:             1             24  com.sun.xml.bind.v2.model.annotation.XmlTransientQuick
1233:             1             24  com.sun.xml.bind.v2.model.annotation.XmlTypeQuick
1234:             1             24  com.sun.xml.bind.v2.model.annotation.XmlValueQuick
1235:             1             24  com.sun.xml.bind.v2.model.impl.RuntimeAnyTypeImpl
1236:             1             24  com.sun.xml.bind.v2.model.impl.RuntimeBuiltinLeafInfoImpl$10
1237:             1             24  com.sun.xml.bind.v2.model.impl.RuntimeBuiltinLeafInfoImpl$11
1238:             1             24  com.sun.xml.bind.v2.model.impl.RuntimeBuiltinLeafInfoImpl$12
1239:             1             24  com.sun.xml.bind.v2.model.impl.RuntimeBuiltinLeafInfoImpl$13
1240:             1             24  com.sun.xml.bind.v2.model.impl.RuntimeBuiltinLeafInfoImpl$14
1241:             1             24  com.sun.xml.bind.v2.model.impl.RuntimeBuiltinLeafInfoImpl$15
1242:             1             24  com.sun.xml.bind.v2.model.impl.RuntimeBuiltinLeafInfoImpl$16
1243:             1             24  com.sun.xml.bind.v2.model.impl.RuntimeBuiltinLeafInfoImpl$17
1244:             1             24  com.sun.xml.bind.v2.model.impl.RuntimeBuiltinLeafInfoImpl$18
1245:             1             24  com.sun.xml.bind.v2.model.impl.RuntimeBuiltinLeafInfoImpl$19
1246:             1             24  com.sun.xml.bind.v2.model.impl.RuntimeBuiltinLeafInfoImpl$2
1247:             1             24  com.sun.xml.bind.v2.model.impl.RuntimeBuiltinLeafInfoImpl$20
1248:             1             24  com.sun.xml.bind.v2.model.impl.RuntimeBuiltinLeafInfoImpl$21
1249:             1             24  com.sun.xml.bind.v2.model.impl.RuntimeBuiltinLeafInfoImpl$22
1250:             1             24  com.sun.xml.bind.v2.model.impl.RuntimeBuiltinLeafInfoImpl$23
1251:             1             24  com.sun.xml.bind.v2.model.impl.RuntimeBuiltinLeafInfoImpl$24
1252:             1             24  com.sun.xml.bind.v2.model.impl.RuntimeBuiltinLeafInfoImpl$26
1253:             1             24  com.sun.xml.bind.v2.model.impl.RuntimeBuiltinLeafInfoImpl$27
1254:             1             24  com.sun.xml.bind.v2.model.impl.RuntimeBuiltinLeafInfoImpl$3
1255:             1             24  com.sun.xml.bind.v2.model.impl.RuntimeBuiltinLeafInfoImpl$4
1256:             1             24  com.sun.xml.bind.v2.model.impl.RuntimeBuiltinLeafInfoImpl$5
1257:             1             24  com.sun.xml.bind.v2.model.impl.RuntimeBuiltinLeafInfoImpl$6
1258:             1             24  com.sun.xml.bind.v2.model.impl.RuntimeBuiltinLeafInfoImpl$7
1259:             1             24  com.sun.xml.bind.v2.model.impl.RuntimeBuiltinLeafInfoImpl$8
1260:             1             24  com.sun.xml.bind.v2.model.impl.RuntimeBuiltinLeafInfoImpl$9
1261:             1             24  com.sun.xml.bind.v2.model.impl.RuntimeBuiltinLeafInfoImpl$StringImplImpl
1262:             1             24  com.sun.xml.bind.v2.model.impl.RuntimeBuiltinLeafInfoImpl$UUIDImpl
1263:             1             24  com.sun.xml.bind.v2.runtime.unmarshaller.DomLoader
1264:             1             24  java.lang.invoke.MethodType$ConcurrentWeakInternSet (java.base)
1265:             1             24  java.lang.invoke.VarHandle$TypesAndInvokers (java.base)
1266:             1             24  java.lang.invoke.VarHandleByteArrayAsInts$ArrayHandle (java.base)
1267:             1             24  java.lang.invoke.VarHandleByteArrayAsLongs$ArrayHandle (java.base)
1268:             1             24  java.lang.invoke.VarHandles$1 (java.base)
1269:             1             24  java.lang.management.DefaultPlatformMBeanProvider$1 (java.management)
1270:             1             24  java.lang.management.DefaultPlatformMBeanProvider$10 (java.management)
1271:             1             24  java.lang.management.DefaultPlatformMBeanProvider$11 (java.management)
1272:             1             24  java.lang.management.DefaultPlatformMBeanProvider$2 (java.management)
1273:             1             24  java.lang.management.DefaultPlatformMBeanProvider$3 (java.management)
1274:             1             24  java.lang.management.DefaultPlatformMBeanProvider$4 (java.management)
1275:             1             24  java.lang.management.DefaultPlatformMBeanProvider$5 (java.management)
1276:             1             24  java.lang.management.DefaultPlatformMBeanProvider$6 (java.management)
1277:             1             24  java.lang.management.DefaultPlatformMBeanProvider$7 (java.management)
1278:             1             24  java.lang.management.DefaultPlatformMBeanProvider$8 (java.management)
1279:             1             24  java.lang.management.DefaultPlatformMBeanProvider$9 (java.management)
1280:             1             24  java.lang.reflect.Proxy$1 (java.base)
1281:             1             24  java.net.Inet6AddressImpl (java.base)
1282:             1             24  java.nio.file.LinkOption (java.base)
1283:             1             24  java.time.Clock$SystemClock (java.base)
1284:             1             24  java.util.Collections$EmptyMap (java.base)
1285:             1             24  java.util.Collections$SingletonList (java.base)
1286:             1             24  java.util.Collections$SynchronizedCollection (java.base)
1287:             1             24  java.util.Collections$SynchronizedSet (java.base)
1288:             1             24  java.util.Locale$Cache (java.base)
1289:             1             24  java.util.OptionalInt (java.base)
1290:             1             24  java.util.ResourceBundle$Control$CandidateListCache (java.base)
1291:             1             24  java.util.concurrent.ConcurrentSkipListMap$Index (java.base)
1292:             1             24  java.util.concurrent.CopyOnWriteArrayList$COWIterator (java.base)
1293:             1             24  java.util.concurrent.Executors$DefaultThreadFactory (java.base)
1294:             1             24  java.util.concurrent.FutureTask$WaitNode (java.base)
1295:             1             24  java.util.concurrent.LinkedBlockingQueue$Node (java.base)
1296:             1             24  java.util.logging.LogManager$LoggerContext (java.logging)
1297:             1             24  java.util.regex.Pattern$Dollar (java.base)
1298:             1             24  javax.crypto.CryptoPermissions (java.base)
1299:             1             24  javax.xml.bind.JAXBPermission
1300:             1             24  jdk.internal.logger.BootstrapLogger$RedirectedLoggers (java.base)
1301:             1             24  jdk.internal.module.ModuleBootstrap$SafeModuleFinder (java.base)
1302:             1             24  jdk.internal.ref.CleanerImpl (java.base)
1303:             1             24  jdk.management.jfr.internal.FlightRecorderMXBeanProvider$SingleMBeanComponent (jdk.management.jfr)
1304:             1             24  joptsimple.internal.MethodInvokingValueConverter
1305:             1             24  org.eclipse.jetty.util.DateCache$Tick
1306:             1             24  org.eclipse.jetty.util.Uptime$DefaultImpl
1307:             1             24  org.glassfish.grizzly.attributes.DefaultAttributeBuilder
1308:             1             24  org.glassfish.grizzly.localization.Localizer
1309:             1             24  org.glassfish.grizzly.memory.AbstractMemoryManager$1
1310:             1             24  org.glassfish.grizzly.memory.Buffers$1
1311:             1             24  org.glassfish.grizzly.memory.HeapMemoryManager
1312:             1             24  org.glassfish.grizzly.nio.DefaultSelectorHandler
1313:             1             24  org.spec.jbb.core.cache.HardReferenceCache
1314:             1             24  org.spec.jbb.core.comm.connectivity.ConnectivityFactory
1315:             1             24  org.spec.jbb.core.comm.connectivity.grizzlynio.ConnectionFactory
1316:             1             24  org.spec.jbb.core.comm.connectivity.grizzlynio.GrizzlyNioClient
1317:             1             24  org.spec.jbb.core.objectpool.PerKeyQueuePool$SealableSet
1318:             1             24  org.spec.jbb.core.threadpools.Tiers
1319:             1             24  org.spec.jbb.hq.HQ$1
1320:             1             24  org.spec.jbb.hq.db.DataMiningManager
1321:             1             24  org.spec.jbb.infra.BackendDescription
1322:             1             24  org.spec.jbb.infra.request.TransferLogChunkRequest
1323:             1             24  org.spec.jbb.infra.validation.ValidationBackendAgent
1324:             1             24  org.spec.jbb.util.JbbProperties
1325:             1             24  sun.management.RuntimeImpl (java.management)
1326:             1             24  sun.management.VMManagementImpl (java.management)
1327:             1             24  sun.net.sdp.SdpProvider (java.base)
1328:             1             24  sun.net.www.protocol.http.Handler (java.base)
1329:             1             24  sun.nio.ch.Util$BufferCache (java.base)
1330:             1             24  sun.nio.cs.ISO_8859_1 (java.base)
1331:             1             24  sun.nio.cs.StandardCharsets (java.base)
1332:             1             24  sun.nio.cs.US_ASCII (java.base)
1333:             1             24  sun.nio.cs.UTF_16 (java.base)
1334:             1             24  sun.nio.cs.UTF_16BE (java.base)
1335:             1             24  sun.nio.cs.UTF_16LE (java.base)
1336:             1             24  sun.nio.cs.UTF_8 (java.base)
1337:             1             24  sun.util.cldr.CLDRCalendarDataProviderImpl (java.base)
1338:             1             24  sun.util.cldr.CLDRTimeZoneNameProviderImpl (java.base)
1339:             1             24  sun.util.locale.BaseLocale$Cache (java.base)
1340:             1             24  sun.util.locale.provider.CalendarProviderImpl (java.base)
1341:             1             24  sun.util.locale.provider.DateFormatSymbolsProviderImpl (java.base)
1342:             1             24  sun.util.locale.provider.DecimalFormatSymbolsProviderImpl (java.base)
1343:             1             24  sun.util.locale.provider.NumberFormatProviderImpl (java.base)
1344:             1             24  sun.util.locale.provider.TimeZoneNameProviderImpl (java.base)
1345:             1             16  [Ljava.beans.EventSetDescriptor; (java.desktop)
1346:             1             16  [Ljava.lang.Enum; (java.base)
1347:             1             16  [Ljava.lang.Throwable; (java.base)
1348:             1             16  [Ljava.lang.constant.Constable; (java.base)
1349:             1             16  [Ljava.nio.file.attribute.FileAttribute; (java.base)
1350:             1             16  [Ljava.security.Provider; (java.base)
1351:             1             16  [Ljava.security.cert.Certificate; (java.base)
1352:             1             16  [Ljava.text.FieldPosition; (java.base)
1353:             1             16  [Ljavax.management.ObjectName$Property; (java.management)
1354:             1             16  com.sun.management.internal.PlatformMBeanProviderImpl (jdk.management)
1355:             1             16  com.sun.management.internal.PlatformMBeanProviderImpl$$Lambda$62/0x00000008001552a0 (jdk.management)
1356:             1             16  com.sun.org.apache.xerces.internal.impl.dv.dtd.IDDatatypeValidator (java.xml)
1357:             1             16  com.sun.org.apache.xerces.internal.impl.dv.dtd.IDREFDatatypeValidator (java.xml)
1358:             1             16  com.sun.org.apache.xerces.internal.impl.dv.dtd.NMTOKENDatatypeValidator (java.xml)
1359:             1             16  com.sun.org.apache.xerces.internal.impl.dv.dtd.NOTATIONDatatypeValidator (java.xml)
1360:             1             16  com.sun.org.apache.xerces.internal.impl.dv.dtd.StringDatatypeValidator (java.xml)
1361:             1             16  com.sun.org.apache.xerces.internal.jaxp.datatype.DatatypeFactoryImpl (java.xml)
1362:             1             16  com.sun.xml.bind.AccessorFactoryImpl
1363:             1             16  com.sun.xml.bind.DatatypeConverterImpl
1364:             1             16  com.sun.xml.bind.api.impl.NameConverter$1
1365:             1             16  com.sun.xml.bind.api.impl.NameConverter$2
1366:             1             16  com.sun.xml.bind.api.impl.NameConverter$Standard
1367:             1             16  com.sun.xml.bind.marshaller.MinimumEscapeHandler
1368:             1             16  com.sun.xml.bind.v2.ClassFactory$1
1369:             1             16  com.sun.xml.bind.v2.model.nav.ReflectionNavigator
1370:             1             16  com.sun.xml.bind.v2.model.nav.ReflectionNavigator$1
1371:             1             16  com.sun.xml.bind.v2.model.nav.ReflectionNavigator$2
1372:             1             16  com.sun.xml.bind.v2.model.nav.ReflectionNavigator$6
1373:             1             16  com.sun.xml.bind.v2.runtime.JAXBContextImpl$6
1374:             1             16  com.sun.xml.bind.v2.runtime.output.NamespaceContextImpl$1
1375:             1             16  com.sun.xml.bind.v2.runtime.reflect.Accessor$1
1376:             1             16  com.sun.xml.bind.v2.runtime.reflect.Accessor$2
1377:             1             16  com.sun.xml.bind.v2.runtime.reflect.Lister$1
1378:             1             16  com.sun.xml.bind.v2.runtime.reflect.Lister$2
1379:             1             16  com.sun.xml.bind.v2.runtime.reflect.Lister$ArrayLister
1380:             1             16  com.sun.xml.bind.v2.runtime.reflect.PrimitiveArrayListerBoolean
1381:             1             16  com.sun.xml.bind.v2.runtime.reflect.PrimitiveArrayListerByte
1382:             1             16  com.sun.xml.bind.v2.runtime.reflect.PrimitiveArrayListerCharacter
1383:             1             16  com.sun.xml.bind.v2.runtime.reflect.PrimitiveArrayListerDouble
1384:             1             16  com.sun.xml.bind.v2.runtime.reflect.PrimitiveArrayListerFloat
1385:             1             16  com.sun.xml.bind.v2.runtime.reflect.PrimitiveArrayListerInteger
1386:             1             16  com.sun.xml.bind.v2.runtime.reflect.PrimitiveArrayListerLong
1387:             1             16  com.sun.xml.bind.v2.runtime.reflect.PrimitiveArrayListerShort
1388:             1             16  com.sun.xml.bind.v2.runtime.unmarshaller.UnmarshallingContext$DefaultRootLoader
1389:             1             16  com.sun.xml.bind.v2.runtime.unmarshaller.UnmarshallingContext$ExpectedTypeRootLoader
1390:             1             16  java.beans.Introspector$1 (java.desktop)
1391:             1             16  java.io.FileDescriptor$1 (java.base)
1392:             1             16  java.io.FilePermission$1 (java.base)
1393:             1             16  java.io.ObjectInputFilter$Config$$Lambda$84/0x000000080027bbb8 (java.base)
1394:             1             16  java.io.ObjectInputFilter$Config$$Lambda$85/0x000000080027bfd8 (java.base)
1395:             1             16  java.io.ObjectInputStream$$Lambda$82/0x000000080027a1d0 (java.base)
1396:             1             16  java.io.ObjectInputStream$$Lambda$83/0x000000080027a5f0 (java.base)
1397:             1             16  java.io.RandomAccessFile$2 (java.base)
1398:             1             16  java.lang.ApplicationShutdownHooks$1 (java.base)
1399:             1             16  java.lang.CharacterData00 (java.base)
1400:             1             16  java.lang.CharacterDataLatin1 (java.base)
1401:             1             16  java.lang.Class$$Lambda$31/0x00000008000e93c0 (java.base)
1402:             1             16  java.lang.Module$$Lambda$73/0x0000000800166ae8 (java.base)
1403:             1             16  java.lang.Runtime (java.base)
1404:             1             16  java.lang.String$CaseInsensitiveComparator (java.base)
1405:             1             16  java.lang.System$2 (java.base)
1406:             1             16  java.lang.Terminator$1 (java.base)
1407:             1             16  java.lang.constant.DynamicConstantDesc$$Lambda$88/0x00000008002ceda8 (java.base)
1408:             1             16  java.lang.constant.DynamicConstantDesc$$Lambda$89/0x00000008002cefe8 (java.base)
1409:             1             16  java.lang.constant.DynamicConstantDesc$$Lambda$90/0x00000008002cf228 (java.base)
1410:             1             16  java.lang.constant.DynamicConstantDesc$$Lambda$91/0x00000008002cf468 (java.base)
1411:             1             16  java.lang.constant.DynamicConstantDesc$$Lambda$92/0x00000008002cf6a8 (java.base)
1412:             1             16  java.lang.constant.DynamicConstantDesc$$Lambda$93/0x00000008002cf8e8 (java.base)
1413:             1             16  java.lang.invoke.ClassSpecializer$1 (java.base)
1414:             1             16  java.lang.invoke.MemberName$Factory (java.base)
1415:             1             16  java.lang.invoke.MethodHandleImpl$1 (java.base)
1416:             1             16  java.lang.invoke.StringConcatFactory$1 (java.base)
1417:             1             16  java.lang.invoke.StringConcatFactory$2 (java.base)
1418:             1             16  java.lang.invoke.StringConcatFactory$3 (java.base)
1419:             1             16  java.lang.invoke.VarHandle$1 (java.base)
1420:             1             16  java.lang.invoke.VarHandleByteArrayAsInts$ArrayHandle$$Lambda$86/0x00000008002cb400 (java.base)
1421:             1             16  java.lang.invoke.VarHandleByteArrayAsLongs$ArrayHandle$$Lambda$87/0x00000008002cbd68 (java.base)
1422:             1             16  java.lang.management.DefaultPlatformMBeanProvider (java.management)
1423:             1             16  java.lang.management.ManagementFactory$$Lambda$61/0x00000008001531e8 (java.management)
1424:             1             16  java.lang.module.ModuleDescriptor$1 (java.base)
1425:             1             16  java.lang.module.ModuleDescriptor$Builder$$Lambda$72/0x0000000800166190 (java.base)
1426:             1             16  java.lang.ref.Cleaner (java.base)
1427:             1             16  java.lang.ref.Cleaner$1 (java.base)
1428:             1             16  java.lang.ref.Reference$1 (java.base)
1429:             1             16  java.lang.reflect.Proxy$$Lambda$70/0x0000000800165348 (java.base)
1430:             1             16  java.lang.reflect.Proxy$$Lambda$80/0x00000008001730a8 (java.base)
1431:             1             16  java.lang.reflect.Proxy$ProxyBuilder$$Lambda$71/0x0000000800165f60 (java.base)
1432:             1             16  java.lang.reflect.ProxyGenerator$$Lambda$76/0x0000000800167aa0 (java.base)
1433:             1             16  java.lang.reflect.ProxyGenerator$$Lambda$77/0x0000000800167ce0 (java.base)
1434:             1             16  java.lang.reflect.ReflectAccess (java.base)
1435:             1             16  java.net.InetAddress$1 (java.base)
1436:             1             16  java.net.InetAddress$PlatformNameService (java.base)
1437:             1             16  java.net.SocketImpl$$Lambda$56/0x0000000800145750 (java.base)
1438:             1             16  java.net.URI$1 (java.base)
1439:             1             16  java.net.URL$3 (java.base)
1440:             1             16  java.net.URL$DefaultFactory (java.base)
1441:             1             16  java.nio.Bits$1 (java.base)
1442:             1             16  java.nio.Buffer$1 (java.base)
1443:             1             16  java.nio.channels.spi.SelectorProvider$Holder$$Lambda$52/0x00000008000b2f50 (java.base)
1444:             1             16  java.nio.file.Files$$Lambda$8/0x0000000800019068 (java.base)
1445:             1             16  java.nio.file.Files$AcceptAllFilter (java.base)
1446:             1             16  java.security.AllPermission (java.base)
1447:             1             16  java.security.AllPermissionCollection (java.base)
1448:             1             16  java.security.ProtectionDomain$JavaSecurityAccessImpl (java.base)
1449:             1             16  java.text.DecimalFormatSymbols$$Lambda$44/0x00000008000fdd00 (java.base)
1450:             1             16  java.text.DontCareFieldPosition$1 (java.base)
1451:             1             16  java.text.MessageFormat$Field (java.base)
1452:             1             16  java.util.Collections$EmptyEnumeration (java.base)
1453:             1             16  java.util.Collections$EmptyIterator (java.base)
1454:             1             16  java.util.Collections$EmptyList (java.base)
1455:             1             16  java.util.Collections$EmptySet (java.base)
1456:             1             16  java.util.EnumMap$1 (java.base)
1457:             1             16  java.util.IdentityHashMap$Values (java.base)
1458:             1             16  java.util.LinkedHashSet (java.base)
1459:             1             16  java.util.Locale$Builder (java.base)
1460:             1             16  java.util.ResourceBundle$1 (java.base)
1461:             1             16  java.util.ResourceBundle$Control (java.base)
1462:             1             16  java.util.ResourceBundle$ResourceBundleControlProviderHolder$$Lambda$105/0x00000008002ecdc8 (java.base)
1463:             1             16  java.util.ResourceBundle$ResourceBundleControlProviderHolder$$Lambda$106/0x00000008002ed488 (java.base)
1464:             1             16  java.util.Spliterators$EmptySpliterator$OfDouble (java.base)
1465:             1             16  java.util.Spliterators$EmptySpliterator$OfInt (java.base)
1466:             1             16  java.util.Spliterators$EmptySpliterator$OfLong (java.base)
1467:             1             16  java.util.Spliterators$EmptySpliterator$OfRef (java.base)
1468:             1             16  java.util.TreeMap$EntrySet (java.base)
1469:             1             16  java.util.concurrent.ConcurrentLinkedQueue$$Lambda$54/0x00000008000ba8a0 (java.base)
1470:             1             16  java.util.concurrent.ConcurrentSkipListMap$KeySet (java.base)
1471:             1             16  java.util.concurrent.ConcurrentSkipListSet (java.base)
1472:             1             16  java.util.concurrent.CountDownLatch (java.base)
1473:             1             16  java.util.concurrent.Executors$FinalizableDelegatedExecutorService (java.base)
1474:             1             16  java.util.concurrent.ForkJoinPool$DefaultCommonPoolForkJoinWorkerThreadFactory (java.base)
1475:             1             16  java.util.concurrent.ForkJoinPool$DefaultForkJoinWorkerThreadFactory (java.base)
1476:             1             16  java.util.concurrent.ThreadPoolExecutor$AbortPolicy (java.base)
1477:             1             16  java.util.jar.JavaUtilJarAccessImpl (java.base)
1478:             1             16  java.util.logging.Level$$Lambda$28/0x00000008000dded0 (java.logging)
1479:             1             16  java.util.logging.Level$$Lambda$40/0x00000008000f1830 (java.logging)
1480:             1             16  java.util.logging.Level$KnownLevel$$Lambda$26/0x00000008000d53f8 (java.logging)
1481:             1             16  java.util.logging.Level$KnownLevel$$Lambda$27/0x00000008000d5638 (java.logging)
1482:             1             16  java.util.logging.Level$KnownLevel$$Lambda$29/0x00000008000de388 (java.logging)
1483:             1             16  java.util.logging.LogManager$CloseOnReset (java.logging)
1484:             1             16  java.util.logging.LogManager$LoggingProviderAccess (java.logging)
1485:             1             16  java.util.logging.LogManager$VisitedLoggers (java.logging)
1486:             1             16  java.util.logging.SimpleFormatter (java.logging)
1487:             1             16  java.util.logging.SimpleFormatter$$Lambda$30/0x00000008000e5338 (java.logging)
1488:             1             16  java.util.regex.CharPredicates$$Lambda$41/0x00000008000f24e0 (java.base)
1489:             1             16  java.util.regex.Pattern$$Lambda$39/0x00000008000f1170 (java.base)
1490:             1             16  java.util.regex.Pattern$Begin (java.base)
1491:             1             16  java.util.regex.Pattern$LastNode (java.base)
1492:             1             16  java.util.regex.Pattern$Node (java.base)
1493:             1             16  java.util.stream.Collectors$$Lambda$12/0x000000080000a1b0 (java.base)
1494:             1             16  java.util.stream.Collectors$$Lambda$13/0x000000080000a980 (java.base)
1495:             1             16  java.util.stream.Collectors$$Lambda$14/0x000000080000afb0 (java.base)
1496:             1             16  java.util.stream.Collectors$$Lambda$15/0x000000080000b1f8 (java.base)
1497:             1             16  java.util.stream.Collectors$$Lambda$33/0x00000008000e9a38 (java.base)
1498:             1             16  java.util.stream.Collectors$$Lambda$34/0x00000008000e9c68 (java.base)
1499:             1             16  java.util.stream.Collectors$$Lambda$35/0x00000008000e9eb0 (java.base)
1500:             1             16  java.util.stream.Collectors$$Lambda$67/0x000000080015c050 (java.base)
1501:             1             16  java.util.stream.Collectors$$Lambda$68/0x000000080015c270 (java.base)
1502:             1             16  java.util.stream.Collectors$$Lambda$69/0x000000080015c4a0 (java.base)
1503:             1             16  java.util.stream.FindOps$FindSink$OfInt$$Lambda$45/0x00000008000ff298 (java.base)
1504:             1             16  java.util.stream.FindOps$FindSink$OfInt$$Lambda$46/0x00000008000ff4e8 (java.base)
1505:             1             16  java.util.stream.FindOps$FindSink$OfInt$$Lambda$47/0x00000008000ff708 (java.base)
1506:             1             16  java.util.stream.FindOps$FindSink$OfInt$$Lambda$48/0x00000008000ff958 (java.base)
1507:             1             16  java.util.stream.FindOps$FindSink$OfRef$$Lambda$22/0x0000000800007830 (java.base)
1508:             1             16  java.util.stream.FindOps$FindSink$OfRef$$Lambda$23/0x0000000800007a80 (java.base)
1509:             1             16  java.util.stream.FindOps$FindSink$OfRef$$Lambda$24/0x0000000800007ca0 (java.base)
1510:             1             16  java.util.stream.FindOps$FindSink$OfRef$$Lambda$25/0x00000008000c0000 (java.base)
1511:             1             16  java.util.zip.ZipFile$1 (java.base)
1512:             1             16  javax.crypto.CryptoAllPermissionCollection (java.base)
1513:             1             16  javax.crypto.JceSecurity$IdentityWrapper (java.base)
1514:             1             16  javax.xml.bind.ContextFinder$1
1515:             1             16  javax.xml.bind.annotation.W3CDomHandler
1516:             1             16  jdk.internal.math.FloatingDecimal$1 (java.base)
1517:             1             16  jdk.internal.misc.ScopedMemoryAccess (java.base)
1518:             1             16  jdk.internal.misc.TerminatingThreadLocal$1 (java.base)
1519:             1             16  jdk.internal.misc.Unsafe (java.base)
1520:             1             16  jdk.internal.module.DefaultRoots$$Lambda$17/0x000000080000ef10 (java.base)
1521:             1             16  jdk.internal.module.DefaultRoots$$Lambda$18/0x000000080000f160 (java.base)
1522:             1             16  jdk.internal.module.DefaultRoots$$Lambda$20/0x000000080000f5f8 (java.base)
1523:             1             16  jdk.internal.module.DefaultRoots$$Lambda$21/0x000000080000fa40 (java.base)
1524:             1             16  jdk.internal.module.ModulePatcher (java.base)
1525:             1             16  jdk.internal.module.ModulePath$$Lambda$11/0x0000000800008738 (java.base)
1526:             1             16  jdk.internal.perf.Perf (java.base)
1527:             1             16  jdk.internal.reflect.GeneratedConstructorAccessor1
1528:             1             16  jdk.internal.reflect.GeneratedConstructorAccessor10 (java.base)
1529:             1             16  jdk.internal.reflect.GeneratedConstructorAccessor11 (java.base)
1530:             1             16  jdk.internal.reflect.GeneratedConstructorAccessor12
1531:             1             16  jdk.internal.reflect.GeneratedConstructorAccessor13
1532:             1             16  jdk.internal.reflect.GeneratedConstructorAccessor14
1533:             1             16  jdk.internal.reflect.GeneratedConstructorAccessor15
1534:             1             16  jdk.internal.reflect.GeneratedConstructorAccessor16
1535:             1             16  jdk.internal.reflect.GeneratedConstructorAccessor17
1536:             1             16  jdk.internal.reflect.GeneratedConstructorAccessor18
1537:             1             16  jdk.internal.reflect.GeneratedConstructorAccessor19
1538:             1             16  jdk.internal.reflect.GeneratedConstructorAccessor2
1539:             1             16  jdk.internal.reflect.GeneratedConstructorAccessor20
1540:             1             16  jdk.internal.reflect.GeneratedConstructorAccessor21
1541:             1             16  jdk.internal.reflect.GeneratedConstructorAccessor22 (java.base)
1542:             1             16  jdk.internal.reflect.GeneratedConstructorAccessor23
1543:             1             16  jdk.internal.reflect.GeneratedConstructorAccessor24 (java.base)
1544:             1             16  jdk.internal.reflect.GeneratedConstructorAccessor3
1545:             1             16  jdk.internal.reflect.GeneratedConstructorAccessor4
1546:             1             16  jdk.internal.reflect.GeneratedConstructorAccessor5
1547:             1             16  jdk.internal.reflect.GeneratedConstructorAccessor6
1548:             1             16  jdk.internal.reflect.GeneratedConstructorAccessor7
1549:             1             16  jdk.internal.reflect.GeneratedConstructorAccessor8
1550:             1             16  jdk.internal.reflect.GeneratedConstructorAccessor9
1551:             1             16  jdk.internal.reflect.GeneratedMethodAccessor1
1552:             1             16  jdk.internal.reflect.GeneratedMethodAccessor10 (java.base)
1553:             1             16  jdk.internal.reflect.GeneratedMethodAccessor11 (java.base)
1554:             1             16  jdk.internal.reflect.GeneratedMethodAccessor12 (java.base)
1555:             1             16  jdk.internal.reflect.GeneratedMethodAccessor13 (java.base)
1556:             1             16  jdk.internal.reflect.GeneratedMethodAccessor14 (java.base)
1557:             1             16  jdk.internal.reflect.GeneratedMethodAccessor15 (java.base)
1558:             1             16  jdk.internal.reflect.GeneratedMethodAccessor16 (java.base)
1559:             1             16  jdk.internal.reflect.GeneratedMethodAccessor17 (java.base)
1560:             1             16  jdk.internal.reflect.GeneratedMethodAccessor18 (java.base)
1561:             1             16  jdk.internal.reflect.GeneratedMethodAccessor19 (java.base)
1562:             1             16  jdk.internal.reflect.GeneratedMethodAccessor2
1563:             1             16  jdk.internal.reflect.GeneratedMethodAccessor20 (java.base)
1564:             1             16  jdk.internal.reflect.GeneratedMethodAccessor21
1565:             1             16  jdk.internal.reflect.GeneratedMethodAccessor22 (java.base)
1566:             1             16  jdk.internal.reflect.GeneratedMethodAccessor23
1567:             1             16  jdk.internal.reflect.GeneratedMethodAccessor24 (java.base)
1568:             1             16  jdk.internal.reflect.GeneratedMethodAccessor25 (java.base)
1569:             1             16  jdk.internal.reflect.GeneratedMethodAccessor26
1570:             1             16  jdk.internal.reflect.GeneratedMethodAccessor27 (java.base)
1571:             1             16  jdk.internal.reflect.GeneratedMethodAccessor28 (java.base)
1572:             1             16  jdk.internal.reflect.GeneratedMethodAccessor29 (java.base)
1573:             1             16  jdk.internal.reflect.GeneratedMethodAccessor3 (java.base)
1574:             1             16  jdk.internal.reflect.GeneratedMethodAccessor30 (java.base)
1575:             1             16  jdk.internal.reflect.GeneratedMethodAccessor31
1576:             1             16  jdk.internal.reflect.GeneratedMethodAccessor32 (java.base)
1577:             1             16  jdk.internal.reflect.GeneratedMethodAccessor33 (java.base)
1578:             1             16  jdk.internal.reflect.GeneratedMethodAccessor34 (java.base)
1579:             1             16  jdk.internal.reflect.GeneratedMethodAccessor35
1580:             1             16  jdk.internal.reflect.GeneratedMethodAccessor36 (java.base)
1581:             1             16  jdk.internal.reflect.GeneratedMethodAccessor4
1582:             1             16  jdk.internal.reflect.GeneratedMethodAccessor5
1583:             1             16  jdk.internal.reflect.GeneratedMethodAccessor6
1584:             1             16  jdk.internal.reflect.GeneratedMethodAccessor7
1585:             1             16  jdk.internal.reflect.GeneratedMethodAccessor8
1586:             1             16  jdk.internal.reflect.GeneratedMethodAccessor9
1587:             1             16  jdk.internal.reflect.GeneratedSerializationConstructorAccessor1
1588:             1             16  jdk.internal.reflect.GeneratedSerializationConstructorAccessor10
1589:             1             16  jdk.internal.reflect.GeneratedSerializationConstructorAccessor100 (java.base)
1590:             1             16  jdk.internal.reflect.GeneratedSerializationConstructorAccessor101 (java.base)
1591:             1             16  jdk.internal.reflect.GeneratedSerializationConstructorAccessor102 (java.base)
1592:             1             16  jdk.internal.reflect.GeneratedSerializationConstructorAccessor103 (java.base)
1593:             1             16  jdk.internal.reflect.GeneratedSerializationConstructorAccessor104
1594:             1             16  jdk.internal.reflect.GeneratedSerializationConstructorAccessor105 (java.base)
1595:             1             16  jdk.internal.reflect.GeneratedSerializationConstructorAccessor106 (java.base)
1596:             1             16  jdk.internal.reflect.GeneratedSerializationConstructorAccessor107
1597:             1             16  jdk.internal.reflect.GeneratedSerializationConstructorAccessor108
1598:             1             16  jdk.internal.reflect.GeneratedSerializationConstructorAccessor109
1599:             1             16  jdk.internal.reflect.GeneratedSerializationConstructorAccessor11
1600:             1             16  jdk.internal.reflect.GeneratedSerializationConstructorAccessor110
1601:             1             16  jdk.internal.reflect.GeneratedSerializationConstructorAccessor111
1602:             1             16  jdk.internal.reflect.GeneratedSerializationConstructorAccessor112
1603:             1             16  jdk.internal.reflect.GeneratedSerializationConstructorAccessor113
1604:             1             16  jdk.internal.reflect.GeneratedSerializationConstructorAccessor114
1605:             1             16  jdk.internal.reflect.GeneratedSerializationConstructorAccessor115
1606:             1             16  jdk.internal.reflect.GeneratedSerializationConstructorAccessor116 (java.base)
1607:             1             16  jdk.internal.reflect.GeneratedSerializationConstructorAccessor117
1608:             1             16  jdk.internal.reflect.GeneratedSerializationConstructorAccessor118
1609:             1             16  jdk.internal.reflect.GeneratedSerializationConstructorAccessor119
1610:             1             16  jdk.internal.reflect.GeneratedSerializationConstructorAccessor12 (java.base)
1611:             1             16  jdk.internal.reflect.GeneratedSerializationConstructorAccessor120
1612:             1             16  jdk.internal.reflect.GeneratedSerializationConstructorAccessor121
1613:             1             16  jdk.internal.reflect.GeneratedSerializationConstructorAccessor122
1614:             1             16  jdk.internal.reflect.GeneratedSerializationConstructorAccessor123
1615:             1             16  jdk.internal.reflect.GeneratedSerializationConstructorAccessor124
1616:             1             16  jdk.internal.reflect.GeneratedSerializationConstructorAccessor125
1617:             1             16  jdk.internal.reflect.GeneratedSerializationConstructorAccessor126
1618:             1             16  jdk.internal.reflect.GeneratedSerializationConstructorAccessor127
1619:             1             16  jdk.internal.reflect.GeneratedSerializationConstructorAccessor128
1620:             1             16  jdk.internal.reflect.GeneratedSerializationConstructorAccessor129
1621:             1             16  jdk.internal.reflect.GeneratedSerializationConstructorAccessor13
1622:             1             16  jdk.internal.reflect.GeneratedSerializationConstructorAccessor130
1623:             1             16  jdk.internal.reflect.GeneratedSerializationConstructorAccessor131
1624:             1             16  jdk.internal.reflect.GeneratedSerializationConstructorAccessor132
1625:             1             16  jdk.internal.reflect.GeneratedSerializationConstructorAccessor133
1626:             1             16  jdk.internal.reflect.GeneratedSerializationConstructorAccessor134
1627:             1             16  jdk.internal.reflect.GeneratedSerializationConstructorAccessor135
1628:             1             16  jdk.internal.reflect.GeneratedSerializationConstructorAccessor136
1629:             1             16  jdk.internal.reflect.GeneratedSerializationConstructorAccessor137
1630:             1             16  jdk.internal.reflect.GeneratedSerializationConstructorAccessor138
1631:             1             16  jdk.internal.reflect.GeneratedSerializationConstructorAccessor139
1632:             1             16  jdk.internal.reflect.GeneratedSerializationConstructorAccessor14
1633:             1             16  jdk.internal.reflect.GeneratedSerializationConstructorAccessor140
1634:             1             16  jdk.internal.reflect.GeneratedSerializationConstructorAccessor141
1635:             1             16  jdk.internal.reflect.GeneratedSerializationConstructorAccessor142
1636:             1             16  jdk.internal.reflect.GeneratedSerializationConstructorAccessor143
1637:             1             16  jdk.internal.reflect.GeneratedSerializationConstructorAccessor144 (java.base)
1638:             1             16  jdk.internal.reflect.GeneratedSerializationConstructorAccessor145
1639:             1             16  jdk.internal.reflect.GeneratedSerializationConstructorAccessor146
1640:             1             16  jdk.internal.reflect.GeneratedSerializationConstructorAccessor147
1641:             1             16  jdk.internal.reflect.GeneratedSerializationConstructorAccessor148
1642:             1             16  jdk.internal.reflect.GeneratedSerializationConstructorAccessor149
1643:             1             16  jdk.internal.reflect.GeneratedSerializationConstructorAccessor15
1644:             1             16  jdk.internal.reflect.GeneratedSerializationConstructorAccessor150
1645:             1             16  jdk.internal.reflect.GeneratedSerializationConstructorAccessor151
1646:             1             16  jdk.internal.reflect.GeneratedSerializationConstructorAccessor152 (java.base)
1647:             1             16  jdk.internal.reflect.GeneratedSerializationConstructorAccessor153 (java.base)
1648:             1             16  jdk.internal.reflect.GeneratedSerializationConstructorAccessor154 (java.base)
1649:             1             16  jdk.internal.reflect.GeneratedSerializationConstructorAccessor155 (java.base)
1650:             1             16  jdk.internal.reflect.GeneratedSerializationConstructorAccessor156
1651:             1             16  jdk.internal.reflect.GeneratedSerializationConstructorAccessor157
1652:             1             16  jdk.internal.reflect.GeneratedSerializationConstructorAccessor158
1653:             1             16  jdk.internal.reflect.GeneratedSerializationConstructorAccessor159 (java.base)
1654:             1             16  jdk.internal.reflect.GeneratedSerializationConstructorAccessor16
1655:             1             16  jdk.internal.reflect.GeneratedSerializationConstructorAccessor160
1656:             1             16  jdk.internal.reflect.GeneratedSerializationConstructorAccessor161
1657:             1             16  jdk.internal.reflect.GeneratedSerializationConstructorAccessor162 (java.base)
1658:             1             16  jdk.internal.reflect.GeneratedSerializationConstructorAccessor163
1659:             1             16  jdk.internal.reflect.GeneratedSerializationConstructorAccessor164
1660:             1             16  jdk.internal.reflect.GeneratedSerializationConstructorAccessor165 (java.base)
1661:             1             16  jdk.internal.reflect.GeneratedSerializationConstructorAccessor166 (java.base)
1662:             1             16  jdk.internal.reflect.GeneratedSerializationConstructorAccessor167 (java.base)
1663:             1             16  jdk.internal.reflect.GeneratedSerializationConstructorAccessor168
1664:             1             16  jdk.internal.reflect.GeneratedSerializationConstructorAccessor169
1665:             1             16  jdk.internal.reflect.GeneratedSerializationConstructorAccessor17
1666:             1             16  jdk.internal.reflect.GeneratedSerializationConstructorAccessor170
1667:             1             16  jdk.internal.reflect.GeneratedSerializationConstructorAccessor171 (java.base)
1668:             1             16  jdk.internal.reflect.GeneratedSerializationConstructorAccessor172
1669:             1             16  jdk.internal.reflect.GeneratedSerializationConstructorAccessor173
1670:             1             16  jdk.internal.reflect.GeneratedSerializationConstructorAccessor174
1671:             1             16  jdk.internal.reflect.GeneratedSerializationConstructorAccessor175 (java.base)
1672:             1             16  jdk.internal.reflect.GeneratedSerializationConstructorAccessor176 (java.base)
1673:             1             16  jdk.internal.reflect.GeneratedSerializationConstructorAccessor177 (java.base)
1674:             1             16  jdk.internal.reflect.GeneratedSerializationConstructorAccessor178
1675:             1             16  jdk.internal.reflect.GeneratedSerializationConstructorAccessor179
1676:             1             16  jdk.internal.reflect.GeneratedSerializationConstructorAccessor18
1677:             1             16  jdk.internal.reflect.GeneratedSerializationConstructorAccessor180
1678:             1             16  jdk.internal.reflect.GeneratedSerializationConstructorAccessor181
1679:             1             16  jdk.internal.reflect.GeneratedSerializationConstructorAccessor182
1680:             1             16  jdk.internal.reflect.GeneratedSerializationConstructorAccessor183
1681:             1             16  jdk.internal.reflect.GeneratedSerializationConstructorAccessor184
1682:             1             16  jdk.internal.reflect.GeneratedSerializationConstructorAccessor185
1683:             1             16  jdk.internal.reflect.GeneratedSerializationConstructorAccessor186
1684:             1             16  jdk.internal.reflect.GeneratedSerializationConstructorAccessor187
1685:             1             16  jdk.internal.reflect.GeneratedSerializationConstructorAccessor188
1686:             1             16  jdk.internal.reflect.GeneratedSerializationConstructorAccessor189
1687:             1             16  jdk.internal.reflect.GeneratedSerializationConstructorAccessor19
1688:             1             16  jdk.internal.reflect.GeneratedSerializationConstructorAccessor190
1689:             1             16  jdk.internal.reflect.GeneratedSerializationConstructorAccessor191 (java.base)
1690:             1             16  jdk.internal.reflect.GeneratedSerializationConstructorAccessor192
1691:             1             16  jdk.internal.reflect.GeneratedSerializationConstructorAccessor193
1692:             1             16  jdk.internal.reflect.GeneratedSerializationConstructorAccessor194
1693:             1             16  jdk.internal.reflect.GeneratedSerializationConstructorAccessor195
1694:             1             16  jdk.internal.reflect.GeneratedSerializationConstructorAccessor196
1695:             1             16  jdk.internal.reflect.GeneratedSerializationConstructorAccessor197
1696:             1             16  jdk.internal.reflect.GeneratedSerializationConstructorAccessor198
1697:             1             16  jdk.internal.reflect.GeneratedSerializationConstructorAccessor199
1698:             1             16  jdk.internal.reflect.GeneratedSerializationConstructorAccessor2
1699:             1             16  jdk.internal.reflect.GeneratedSerializationConstructorAccessor20
1700:             1             16  jdk.internal.reflect.GeneratedSerializationConstructorAccessor200
1701:             1             16  jdk.internal.reflect.GeneratedSerializationConstructorAccessor201
1702:             1             16  jdk.internal.reflect.GeneratedSerializationConstructorAccessor202
1703:             1             16  jdk.internal.reflect.GeneratedSerializationConstructorAccessor203
1704:             1             16  jdk.internal.reflect.GeneratedSerializationConstructorAccessor204
1705:             1             16  jdk.internal.reflect.GeneratedSerializationConstructorAccessor205
1706:             1             16  jdk.internal.reflect.GeneratedSerializationConstructorAccessor206
1707:             1             16  jdk.internal.reflect.GeneratedSerializationConstructorAccessor21
1708:             1             16  jdk.internal.reflect.GeneratedSerializationConstructorAccessor22
1709:             1             16  jdk.internal.reflect.GeneratedSerializationConstructorAccessor23 (java.base)
1710:             1             16  jdk.internal.reflect.GeneratedSerializationConstructorAccessor24
1711:             1             16  jdk.internal.reflect.GeneratedSerializationConstructorAccessor25
1712:             1             16  jdk.internal.reflect.GeneratedSerializationConstructorAccessor26
1713:             1             16  jdk.internal.reflect.GeneratedSerializationConstructorAccessor27 (java.base)
1714:             1             16  jdk.internal.reflect.GeneratedSerializationConstructorAccessor28 (java.base)
1715:             1             16  jdk.internal.reflect.GeneratedSerializationConstructorAccessor29 (java.base)
1716:             1             16  jdk.internal.reflect.GeneratedSerializationConstructorAccessor3 (java.base)
1717:             1             16  jdk.internal.reflect.GeneratedSerializationConstructorAccessor30
1718:             1             16  jdk.internal.reflect.GeneratedSerializationConstructorAccessor31
1719:             1             16  jdk.internal.reflect.GeneratedSerializationConstructorAccessor32
1720:             1             16  jdk.internal.reflect.GeneratedSerializationConstructorAccessor33
1721:             1             16  jdk.internal.reflect.GeneratedSerializationConstructorAccessor34
1722:             1             16  jdk.internal.reflect.GeneratedSerializationConstructorAccessor35
1723:             1             16  jdk.internal.reflect.GeneratedSerializationConstructorAccessor36 (java.base)
1724:             1             16  jdk.internal.reflect.GeneratedSerializationConstructorAccessor37
1725:             1             16  jdk.internal.reflect.GeneratedSerializationConstructorAccessor38
1726:             1             16  jdk.internal.reflect.GeneratedSerializationConstructorAccessor39 (java.base)
1727:             1             16  jdk.internal.reflect.GeneratedSerializationConstructorAccessor4
1728:             1             16  jdk.internal.reflect.GeneratedSerializationConstructorAccessor40
1729:             1             16  jdk.internal.reflect.GeneratedSerializationConstructorAccessor41
1730:             1             16  jdk.internal.reflect.GeneratedSerializationConstructorAccessor42
1731:             1             16  jdk.internal.reflect.GeneratedSerializationConstructorAccessor43
1732:             1             16  jdk.internal.reflect.GeneratedSerializationConstructorAccessor44
1733:             1             16  jdk.internal.reflect.GeneratedSerializationConstructorAccessor45
1734:             1             16  jdk.internal.reflect.GeneratedSerializationConstructorAccessor46 (java.base)
1735:             1             16  jdk.internal.reflect.GeneratedSerializationConstructorAccessor47
1736:             1             16  jdk.internal.reflect.GeneratedSerializationConstructorAccessor48 (java.base)
1737:             1             16  jdk.internal.reflect.GeneratedSerializationConstructorAccessor49
1738:             1             16  jdk.internal.reflect.GeneratedSerializationConstructorAccessor5
1739:             1             16  jdk.internal.reflect.GeneratedSerializationConstructorAccessor50
1740:             1             16  jdk.internal.reflect.GeneratedSerializationConstructorAccessor51
1741:             1             16  jdk.internal.reflect.GeneratedSerializationConstructorAccessor52 (java.base)
1742:             1             16  jdk.internal.reflect.GeneratedSerializationConstructorAccessor53
1743:             1             16  jdk.internal.reflect.GeneratedSerializationConstructorAccessor54
1744:             1             16  jdk.internal.reflect.GeneratedSerializationConstructorAccessor55
1745:             1             16  jdk.internal.reflect.GeneratedSerializationConstructorAccessor56
1746:             1             16  jdk.internal.reflect.GeneratedSerializationConstructorAccessor57
1747:             1             16  jdk.internal.reflect.GeneratedSerializationConstructorAccessor58
1748:             1             16  jdk.internal.reflect.GeneratedSerializationConstructorAccessor59 (java.base)
1749:             1             16  jdk.internal.reflect.GeneratedSerializationConstructorAccessor6 (java.base)
1750:             1             16  jdk.internal.reflect.GeneratedSerializationConstructorAccessor60 (java.base)
1751:             1             16  jdk.internal.reflect.GeneratedSerializationConstructorAccessor61
1752:             1             16  jdk.internal.reflect.GeneratedSerializationConstructorAccessor62 (java.base)
1753:             1             16  jdk.internal.reflect.GeneratedSerializationConstructorAccessor63
1754:             1             16  jdk.internal.reflect.GeneratedSerializationConstructorAccessor64
1755:             1             16  jdk.internal.reflect.GeneratedSerializationConstructorAccessor65
1756:             1             16  jdk.internal.reflect.GeneratedSerializationConstructorAccessor66
1757:             1             16  jdk.internal.reflect.GeneratedSerializationConstructorAccessor67
1758:             1             16  jdk.internal.reflect.GeneratedSerializationConstructorAccessor68
1759:             1             16  jdk.internal.reflect.GeneratedSerializationConstructorAccessor69
1760:             1             16  jdk.internal.reflect.GeneratedSerializationConstructorAccessor7 (java.base)
1761:             1             16  jdk.internal.reflect.GeneratedSerializationConstructorAccessor70
1762:             1             16  jdk.internal.reflect.GeneratedSerializationConstructorAccessor71
1763:             1             16  jdk.internal.reflect.GeneratedSerializationConstructorAccessor72
1764:             1             16  jdk.internal.reflect.GeneratedSerializationConstructorAccessor73
1765:             1             16  jdk.internal.reflect.GeneratedSerializationConstructorAccessor74
1766:             1             16  jdk.internal.reflect.GeneratedSerializationConstructorAccessor75
1767:             1             16  jdk.internal.reflect.GeneratedSerializationConstructorAccessor76 (java.base)
1768:             1             16  jdk.internal.reflect.GeneratedSerializationConstructorAccessor77
1769:             1             16  jdk.internal.reflect.GeneratedSerializationConstructorAccessor78
1770:             1             16  jdk.internal.reflect.GeneratedSerializationConstructorAccessor79
1771:             1             16  jdk.internal.reflect.GeneratedSerializationConstructorAccessor8 (java.base)
1772:             1             16  jdk.internal.reflect.GeneratedSerializationConstructorAccessor80
1773:             1             16  jdk.internal.reflect.GeneratedSerializationConstructorAccessor81
1774:             1             16  jdk.internal.reflect.GeneratedSerializationConstructorAccessor82
1775:             1             16  jdk.internal.reflect.GeneratedSerializationConstructorAccessor83
1776:             1             16  jdk.internal.reflect.GeneratedSerializationConstructorAccessor84
1777:             1             16  jdk.internal.reflect.GeneratedSerializationConstructorAccessor85
1778:             1             16  jdk.internal.reflect.GeneratedSerializationConstructorAccessor86
1779:             1             16  jdk.internal.reflect.GeneratedSerializationConstructorAccessor87
1780:             1             16  jdk.internal.reflect.GeneratedSerializationConstructorAccessor88
1781:             1             16  jdk.internal.reflect.GeneratedSerializationConstructorAccessor89
1782:             1             16  jdk.internal.reflect.GeneratedSerializationConstructorAccessor9
1783:             1             16  jdk.internal.reflect.GeneratedSerializationConstructorAccessor90
1784:             1             16  jdk.internal.reflect.GeneratedSerializationConstructorAccessor91
1785:             1             16  jdk.internal.reflect.GeneratedSerializationConstructorAccessor92
1786:             1             16  jdk.internal.reflect.GeneratedSerializationConstructorAccessor93
1787:             1             16  jdk.internal.reflect.GeneratedSerializationConstructorAccessor94
1788:             1             16  jdk.internal.reflect.GeneratedSerializationConstructorAccessor95
1789:             1             16  jdk.internal.reflect.GeneratedSerializationConstructorAccessor96 (java.base)
1790:             1             16  jdk.internal.reflect.GeneratedSerializationConstructorAccessor97 (java.base)
1791:             1             16  jdk.internal.reflect.GeneratedSerializationConstructorAccessor98 (java.base)
1792:             1             16  jdk.internal.reflect.GeneratedSerializationConstructorAccessor99 (java.base)
1793:             1             16  jdk.internal.reflect.ReflectionFactory (java.base)
1794:             1             16  jdk.net.LinuxSocketOptions (jdk.net)
1795:             1             16  jdk.proxy1.$Proxy0 (jdk.proxy1)
1796:             1             16  jdk.proxy1.$Proxy6 (jdk.proxy1)
1797:             1             16  jdk.xml.internal.SecuritySupport$$Lambda$103/0x00000008002ea950 (java.xml)
1798:             1             16  joptsimple.OptionParserState$2
1799:             1             16  org.eclipse.jetty.util.Uptime
1800:             1             16  org.glassfish.grizzly.Context$NullProcessor
1801:             1             16  org.glassfish.grizzly.Writer$Reentrant$1
1802:             1             16  org.glassfish.grizzly.filterchain.ExecutorResolver$1
1803:             1             16  org.glassfish.grizzly.filterchain.ExecutorResolver$2
1804:             1             16  org.glassfish.grizzly.filterchain.ExecutorResolver$3
1805:             1             16  org.glassfish.grizzly.filterchain.ExecutorResolver$4
1806:             1             16  org.glassfish.grizzly.filterchain.ExecutorResolver$5
1807:             1             16  org.glassfish.grizzly.filterchain.ExecutorResolver$6
1808:             1             16  org.glassfish.grizzly.filterchain.ExecutorResolver$7
1809:             1             16  org.glassfish.grizzly.filterchain.ExecutorResolver$8
1810:             1             16  org.glassfish.grizzly.filterchain.ExecutorResolver$9
1811:             1             16  org.glassfish.grizzly.filterchain.RerunFilterAction
1812:             1             16  org.glassfish.grizzly.filterchain.SuspendAction
1813:             1             16  org.glassfish.grizzly.filterchain.TransportFilter$FlushEvent
1814:             1             16  org.glassfish.grizzly.http.server.RequestExecutorProvider$WorkerThreadProvider
1815:             1             16  org.glassfish.grizzly.localization.LocalizableMessageFactory
1816:             1             16  org.glassfish.grizzly.nio.DefaultSelectionKeyHandler
1817:             1             16  org.glassfish.grizzly.nio.transport.TCPNIOTransport$DefaultChannelConfigurator
1818:             1             16  org.glassfish.grizzly.strategies.AbstractIOStrategy$EnableInterestLifeCycleListener
1819:             1             16  org.glassfish.grizzly.strategies.WorkerThreadIOStrategy
1820:             1             16  org.glassfish.grizzly.threadpool.AbstractThreadPool$1
1821:             1             16  org.glassfish.grizzly.threadpool.AbstractThreadPool$2
1822:             1             16  org.glassfish.grizzly.utils.CompletionHandlerAdapter$1
1823:             1             16  org.spec.jbb.Launcher
1824:             1             16  org.spec.jbb.core.collections.CollectionUtils$EmptyMix
1825:             1             16  org.spec.jbb.core.collections.ConcurrentHashMultiSet$ElementSet
1826:             1             16  org.spec.jbb.core.collections.ListMix$Tick$TickComparator
1827:             1             16  org.spec.jbb.core.comm.AbstractResponse$JAXBAdapter
1828:             1             16  org.spec.jbb.core.comm.connectivity.GrizzlyHttpProvider
1829:             1             16  org.spec.jbb.core.comm.policy.MaxThroughputPolicy
1830:             1             16  org.spec.jbb.core.comm.policy.MaxXmlPolicy$1
1831:             1             16  org.spec.jbb.core.comm.policy.NPESafePolicy
1832:             1             16  org.spec.jbb.core.onlinepurchase.ProductReviewScoreBuckets$1
1833:             1             16  org.spec.jbb.core.spi.SpiFactory$1
1834:             1             16  org.spec.jbb.core.threadpools.SettableFuture$1
1835:             1             16  org.spec.jbb.core.time.JavaSystemClock
1836:             1             16  org.spec.jbb.hq.db.Storage$1
1837:             1             16  org.spec.jbb.hq.db.Storage$2
1838:             1             16  org.spec.jbb.hq.db.Storage$3
1839:             1             16  org.spec.jbb.hq.db.Storage$4
1840:             1             16  org.spec.jbb.hq.tx.SupermarketAudit$1
1841:             1             16  org.spec.jbb.infra.AbstractAgent$1
1842:             1             16  org.spec.jbb.infra.IterationStatus$Tick$TimeComparator
1843:             1             16  org.spec.jbb.infra.TransferLogsSenderAgent$SenderTask
1844:             1             16  org.spec.jbb.infra.heartbeat.HeartbeatWatchdog$Checker
1845:             1             16  org.spec.jbb.infra.states.RunningState
1846:             1             16  org.spec.jbb.infra.txinjector.TxInjectorPerfromanceDataCollector$2
1847:             1             16  org.spec.jbb.infra.txinjector.TxInjectorPerfromanceDataCollector$3
1848:             1             16  org.spec.jbb.reporter.RawResult$RawLine$1
1849:             1             16  org.spec.jbb.sm.inventory.InventoryTest$1
1850:             1             16  org.spec.jbb.sm.inventory.InventoryTest$2
1851:             1             16  org.spec.jbb.util.JbbProperties$1
1852:             1             16  org.spec.jbb.util.JbbProperties$2
1853:             1             16  org.spec.jbb.util.OptFormatter
1854:             1             16  org.spec.jbb.util.RandomData
1855:             1             16  org.xml.sax.helpers.DefaultHandler (java.xml)
1856:             1             16  sun.misc.Unsafe (jdk.unsupported)
1857:             1             16  sun.net.www.protocol.file.Handler (java.base)
1858:             1             16  sun.net.www.protocol.jar.Handler (java.base)
1859:             1             16  sun.net.www.protocol.jar.JarFileFactory (java.base)
1860:             1             16  sun.nio.ch.DefaultSelectorProvider$$Lambda$53/0x00000008000b3828 (java.base)
1861:             1             16  sun.nio.ch.EPollSelectorProvider (java.base)
1862:             1             16  sun.nio.ch.ExtendedSocketOption$1 (java.base)
1863:             1             16  sun.nio.ch.Net$1 (java.base)
1864:             1             16  sun.nio.ch.Util$1 (java.base)
1865:             1             16  sun.nio.fs.LinuxFileSystemProvider (java.base)
1866:             1             16  sun.nio.fs.NativeBuffers$1 (java.base)
1867:             1             16  sun.reflect.generics.tree.IntSignature (java.base)
1868:             1             16  sun.reflect.generics.tree.LongSignature (java.base)
1869:             1             16  sun.reflect.generics.tree.VoidDescriptor (java.base)
1870:             1             16  sun.security.jca.ProviderConfig$ProviderLoader (java.base)
1871:             1             16  sun.security.util.ArrayUtil$$Lambda$98/0x00000008002e3710 (java.base)
1872:             1             16  sun.security.util.ByteArrayLexOrder (java.base)
1873:             1             16  sun.security.util.ByteArrayTagOrder (java.base)
1874:             1             16  sun.util.calendar.Gregorian (java.base)
1875:             1             16  sun.util.cldr.CLDRBaseLocaleDataMetaInfo (java.base)
1876:             1             16  sun.util.locale.InternalLocaleBuilder$CaseInsensitiveChar (java.base)
1877:             1             16  sun.util.locale.provider.CalendarDataUtility$CalendarWeekParameterGetter (java.base)
1878:             1             16  sun.util.locale.provider.TimeZoneNameUtility$TimeZoneNameGetter (java.base)
1879:             1             16  sun.util.resources.LocaleData$LocaleDataStrategy (java.base)
1880:             1             16  sun.util.resources.cldr.provider.CLDRLocaleDataMetaInfo (jdk.localedata)
Total      29810475     1810616504
