[0.004s][info][gc] Using G1
[0.226s][info][jfr,startup] Started recording 1. No limit specified, using maxsize=250MB as default.
[0.226s][info][jfr,startup] 
[0.226s][info][jfr,startup] Use jcmd 3461850 JFR.dump name=1 to copy recording data to file.
[0.250s][info][gc         ] GC(0) Pause Young (Normal) (G1 Evacuation Pause) 17M->11M(48M) 17.296ms
[0.293s][info][gc         ] GC(1) Pause Young (Normal) (G1 Evacuation Pause) 27M->3M(64M) 14.667ms
[0.340s][info][gc         ] GC(2) Pause Young (Normal) (G1 Evacuation Pause) 19M->3M(192M) 15.211ms
[0.539s][info][gc         ] GC(3) Pause Young (Normal) (G1 Evacuation Pause) 99M->3M(192M) 14.659ms
[0.732s][info][gc         ] GC(4) Pause Young (Normal) (G1 Evacuation Pause) 99M->3M(192M) 14.060ms
[0.924s][info][gc         ] GC(5) Pause Young (Normal) (G1 Evacuation Pause) 99M->3M(192M) 13.998ms
[1.117s][info][gc         ] GC(6) Pause Young (Normal) (G1 Evacuation Pause) 99M->3M(576M) 14.866ms
[1.748s][info][gc         ] GC(7) Pause Young (Normal) (G1 Evacuation Pause) 323M->3M(576M) 15.030ms
[2.350s][info][gc         ] GC(8) Pause Young (Normal) (G1 Evacuation Pause) 323M->3M(576M) 13.726ms
[2.956s][info][gc         ] GC(9) Pause Young (Normal) (G1 Evacuation Pause) 323M->3M(576M) 13.604ms
[3.563s][info][gc         ] GC(10) Pause Young (Normal) (G1 Evacuation Pause) 323M->3M(1728M) 16.304ms
[5.516s][info][gc         ] GC(11) Pause Young (Normal) (G1 Evacuation Pause) 1011M->3M(1728M) 18.288ms
[7.394s][info][gc         ] GC(12) Pause Young (Normal) (G1 Evacuation Pause) 1011M->3M(1728M) 14.687ms
[9.272s][info][gc         ] GC(13) Pause Young (Normal) (G1 Evacuation Pause) 1011M->3M(1728M) 14.043ms
[11.150s][info][gc         ] GC(14) Pause Young (Normal) (G1 Evacuation Pause) 1011M->3M(1728M) 13.967ms
[13.018s][info][gc         ] GC(15) Pause Young (Normal) (G1 Evacuation Pause) 1011M->3M(1728M) 2.765ms
[14.884s][info][gc         ] GC(16) Pause Young (Normal) (G1 Evacuation Pause) 1011M->3M(1728M) 1.200ms
[16.749s][info][gc         ] GC(17) Pause Young (Normal) (G1 Evacuation Pause) 1011M->3M(1728M) 1.281ms
[18.614s][info][gc         ] GC(18) Pause Young (Normal) (G1 Evacuation Pause) 1011M->3M(1728M) 1.238ms
[20.479s][info][gc         ] GC(19) Pause Young (Normal) (G1 Evacuation Pause) 1011M->3M(1728M) 1.295ms
[22.345s][info][gc         ] GC(20) Pause Young (Normal) (G1 Evacuation Pause) 1011M->3M(1696M) 1.289ms
[24.185s][info][gc         ] GC(21) Pause Young (Normal) (G1 Evacuation Pause) 995M->3M(1696M) 1.455ms
[26.020s][info][gc         ] GC(22) Pause Young (Normal) (G1 Evacuation Pause) 995M->3M(1696M) 1.172ms
[27.859s][info][gc         ] GC(23) Pause Young (Normal) (G1 Evacuation Pause) 995M->3M(1696M) 1.246ms
[29.699s][info][gc         ] GC(24) Pause Young (Normal) (G1 Evacuation Pause) 995M->3M(1696M) 1.177ms
[31.539s][info][gc         ] GC(25) Pause Young (Normal) (G1 Evacuation Pause) 995M->3M(1696M) 1.296ms
[33.379s][info][gc         ] GC(26) Pause Young (Normal) (G1 Evacuation Pause) 995M->3M(1696M) 1.130ms
[35.220s][info][gc         ] GC(27) Pause Young (Normal) (G1 Evacuation Pause) 995M->3M(1696M) 1.233ms
[37.059s][info][gc         ] GC(28) Pause Young (Normal) (G1 Evacuation Pause) 995M->3M(1552M) 1.183ms
[38.755s][info][gc         ] GC(29) Pause Young (Normal) (G1 Evacuation Pause) 915M->3M(1552M) 1.386ms
[40.450s][info][gc         ] GC(30) Pause Young (Normal) (G1 Evacuation Pause) 915M->3M(1552M) 1.173ms
[42.141s][info][gc         ] GC(31) Pause Young (Normal) (G1 Evacuation Pause) 915M->3M(1552M) 1.285ms
[res] 1073751912546254598
