[0.003s][info][gc] Using G1
[0.240s][info][gc] GC(0) Pause Young (Normal) (G1 Evacuation Pause) 17M->11M(48M) 16.372ms
[0.281s][info][gc] GC(1) Pause Young (Normal) (G1 Evacuation Pause) 27M->3M(64M) 14.898ms
[0.328s][info][gc] GC(2) Pause Young (Normal) (G1 Evacuation Pause) 19M->3M(192M) 15.050ms
[0.527s][info][gc] GC(3) Pause Young (Normal) (G1 Evacuation Pause) 99M->3M(192M) 14.220ms
[0.719s][info][gc] GC(4) Pause Young (Normal) (G1 Evacuation Pause) 99M->3M(192M) 13.790ms
[0.910s][info][gc] GC(5) Pause Young (Normal) (G1 Evacuation Pause) 99M->3M(192M) 13.775ms
[1.103s][info][gc] GC(6) Pause Young (Normal) (G1 Evacuation Pause) 99M->3M(576M) 14.459ms
[1.732s][info][gc] GC(7) Pause Young (Normal) (G1 Evacuation Pause) 323M->3M(576M) 14.596ms
[2.334s][info][gc] GC(8) Pause Young (Normal) (G1 Evacuation Pause) 323M->3M(576M) 13.159ms
[2.939s][info][gc] GC(9) Pause Young (Normal) (G1 Evacuation Pause) 323M->3M(576M) 12.954ms
[3.544s][info][gc] GC(10) Pause Young (Normal) (G1 Evacuation Pause) 323M->3M(1728M) 15.400ms
[5.499s][info][gc] GC(11) Pause Young (Normal) (G1 Evacuation Pause) 1011M->3M(1728M) 18.086ms
[7.374s][info][gc] GC(12) Pause Young (Normal) (G1 Evacuation Pause) 1011M->3M(1728M) 14.573ms
[9.252s][info][gc] GC(13) Pause Young (Normal) (G1 Evacuation Pause) 1011M->3M(1728M) 13.849ms
[11.148s][info][gc] GC(14) Pause Young (Normal) (G1 Evacuation Pause) 1011M->3M(1728M) 13.742ms
[13.029s][info][gc] GC(15) Pause Young (Normal) (G1 Evacuation Pause) 1011M->3M(1728M) 2.546ms
[14.914s][info][gc] GC(16) Pause Young (Normal) (G1 Evacuation Pause) 1011M->3M(1728M) 1.269ms
[16.795s][info][gc] GC(17) Pause Young (Normal) (G1 Evacuation Pause) 1011M->3M(1728M) 1.248ms
[18.677s][info][gc] GC(18) Pause Young (Normal) (G1 Evacuation Pause) 1011M->3M(1728M) 1.244ms
[20.557s][info][gc] GC(19) Pause Young (Normal) (G1 Evacuation Pause) 1011M->3M(1728M) 1.167ms
[22.438s][info][gc] GC(20) Pause Young (Normal) (G1 Evacuation Pause) 1011M->3M(1696M) 1.258ms
[24.288s][info][gc] GC(21) Pause Young (Normal) (G1 Evacuation Pause) 995M->3M(1696M) 1.300ms
[26.144s][info][gc] GC(22) Pause Young (Normal) (G1 Evacuation Pause) 995M->3M(1696M) 1.206ms
[27.993s][info][gc] GC(23) Pause Young (Normal) (G1 Evacuation Pause) 995M->3M(1696M) 1.145ms
[29.841s][info][gc] GC(24) Pause Young (Normal) (G1 Evacuation Pause) 995M->3M(1696M) 1.203ms
[31.687s][info][gc] GC(25) Pause Young (Normal) (G1 Evacuation Pause) 995M->3M(1696M) 1.249ms
[33.531s][info][gc] GC(26) Pause Young (Normal) (G1 Evacuation Pause) 995M->3M(1696M) 1.226ms
[35.376s][info][gc] GC(27) Pause Young (Normal) (G1 Evacuation Pause) 995M->3M(1696M) 1.094ms
[37.221s][info][gc] GC(28) Pause Young (Normal) (G1 Evacuation Pause) 995M->3M(1552M) 1.277ms
[38.922s][info][gc] GC(29) Pause Young (Normal) (G1 Evacuation Pause) 915M->3M(1552M) 1.273ms
[40.620s][info][gc] GC(30) Pause Young (Normal) (G1 Evacuation Pause) 915M->3M(1552M) 1.181ms
[42.316s][info][gc] GC(31) Pause Young (Normal) (G1 Evacuation Pause) 915M->3M(1552M) 1.125ms
