[0.014s][info][gc] Using Parallel
[0.390s][info][gc] GC(0) Pause Young (Allocation Failure) 3M->2M(9M) 16.073ms
[0.520s][info][gc] GC(1) Pause Young (Allocation Failure) 4M->2M(9M) 18.498ms
[0.601s][info][gc] GC(2) Pause Young (Allocation Failure) 4M->2M(9M) 14.437ms
[0.668s][info][gc] GC(3) Pause Young (Allocation Failure) 4M->3M(9M) 16.143ms
[0.936s][info][gc] GC(4) Pause Young (Allocation Failure) 5M->3M(9M) 18.709ms
[1.331s][info][gc] GC(5) Pause Young (Allocation Failure) 5M->4M(8M) 18.090ms
[1.387s][info][gc] GC(6) Pause Young (Allocation Failure) 5M->5M(9M) 18.850ms
[1.447s][info][gc] GC(7) Pause Young (Allocation Failure) 6M->5M(9M) 17.185ms
[1.480s][info][gc] GC(8) Pause Young (Allocation Failure) 6M->5M(9M) 18.405ms
[1.510s][info][gc] GC(9) Pause Young (Allocation Failure) 6M->6M(9M) 20.264ms
[1.538s][info][gc] GC(10) Pause Young (Allocation Failure) 7M->7M(9M) 15.758ms
[1.569s][info][gc] GC(11) Pause Young (Allocation Failure) 8M->7M(9M) 18.027ms
[1.687s][info][gc] GC(12) Pause Full (Ergonomics) 8M->2M(7M) 103.320ms
[1.780s][info][gc] GC(13) Pause Young (Allocation Failure) 3M->3M(7M) 17.279ms
[1.807s][info][gc] GC(14) Pause Young (Allocation Failure) 4M->4M(7M) 18.251ms
[1.864s][info][gc] GC(15) Pause Young (Allocation Failure) 5M->4M(7M) 14.823ms
[1.925s][info][gc] GC(16) Pause Young (Allocation Failure) 5M->5M(7M) 19.617ms
[1.979s][info][gc] GC(17) Pause Young (Allocation Failure) 6M->5M(7M) 17.581ms
[2.025s][info][gc] GC(18) Pause Young (Allocation Failure) 6M->6M(7M) 20.582ms
[2.056s][info][gc] GC(19) Pause Young (Allocation Failure) 7M->7M(8M) 14.396ms
[2.091s][info][gc] GC(20) Pause Young (Allocation Failure) 8M->7M(9M) 16.657ms
[2.230s][info][gc] GC(21) Pause Full (Ergonomics) 8M->4M(9M) 123.469ms
[2.264s][info][gc] GC(22) Pause Young (Allocation Failure) 5M->5M(9M) 19.776ms
[2.291s][info][gc] GC(23) Pause Young (Allocation Failure) 6M->6M(9M) 13.797ms
[2.317s][info][gc] GC(24) Pause Young (Allocation Failure) 7M->7M(9M) 15.056ms
[2.606s][info][gc] GC(25) Pause Full (Ergonomics) 8M->6M(9M) 277.169ms
[2.698s][info][gc] GC(26) Pause Full (Ergonomics) 7M->6M(9M) 79.262ms
[2.790s][info][gc] GC(27) Pause Full (Ergonomics) 7M->6M(9M) 79.225ms
[2.941s][info][gc] GC(28) Pause Full (Ergonomics) 7M->7M(9M) 140.518ms
[3.121s][info][gc] GC(29) Pause Full (Ergonomics) 7M->7M(9M) 173.614ms
[3.222s][info][gc] GC(30) Pause Full (Ergonomics) 7M->7M(9M) 93.906ms
[3.340s][info][gc] GC(31) Pause Full (Ergonomics) 7M->7M(9M) 111.280ms
[3.478s][info][gc] GC(32) Pause Full (Ergonomics) 7M->7M(9M) 131.720ms
[3.623s][info][gc] GC(33) Pause Full (Ergonomics) 7M->7M(9M) 138.009ms
[3.781s][info][gc] GC(34) Pause Full (Ergonomics) 7M->7M(9M) 148.004ms
[3.946s][info][gc] GC(35) Pause Full (Ergonomics) 7M->7M(9M) 147.359ms
[4.113s][info][gc] GC(36) Pause Full (Ergonomics) 7M->7M(9M) 155.207ms
[4.288s][info][gc] GC(37) Pause Full (Ergonomics) 7M->7M(9M) 166.353ms
[4.436s][info][gc] GC(38) Pause Full (Ergonomics) 7M->7M(9M) 139.888ms
[4.589s][info][gc] GC(39) Pause Full (Ergonomics) 7M->7M(9M) 146.347ms
[4.750s][info][gc] GC(40) Pause Full (Ergonomics) 7M->7M(9M) 151.311ms
[4.896s][info][gc] GC(41) Pause Full (Ergonomics) 7M->7M(9M) 138.676ms
[5.035s][info][gc] GC(42) Pause Full (Ergonomics) 7M->7M(9M) 131.807ms
[5.194s][info][gc] GC(43) Pause Full (Ergonomics) 7M->7M(9M) 151.755ms
[5.374s][info][gc] GC(44) Pause Full (Ergonomics) 7M->7M(9M) 171.816ms
[5.485s][info][gc] GC(45) Pause Full (Ergonomics) 7M->7M(9M) 104.919ms
[5.634s][info][gc] GC(46) Pause Full (Ergonomics) 7M->7M(9M) 141.882ms
[5.757s][info][gc] GC(47) Pause Full (Ergonomics) 7M->7M(9M) 116.286ms
[5.898s][info][gc] GC(48) Pause Full (Ergonomics) 7M->7M(9M) 134.170ms
[6.034s][info][gc] GC(49) Pause Full (Ergonomics) 7M->7M(9M) 128.731ms
[6.173s][info][gc] GC(50) Pause Full (Ergonomics) 7M->7M(9M) 133.153ms
[6.269s][info][gc] GC(51) Pause Full (Ergonomics) 7M->7M(9M) 89.617ms
[6.422s][info][gc] GC(52) Pause Full (Ergonomics) 7M->7M(9M) 147.205ms
[6.557s][info][gc] GC(53) Pause Full (Ergonomics) 7M->7M(9M) 127.658ms
[6.654s][info][gc] GC(54) Pause Full (Ergonomics) 7M->7M(9M) 91.500ms
[6.739s][info][gc] GC(55) Pause Full (Ergonomics) 7M->7M(9M) 77.598ms
[6.883s][info][gc] GC(56) Pause Full (Ergonomics) 7M->7M(9M) 139.472ms
[7.007s][info][gc] GC(57) Pause Full (Ergonomics) 7M->7M(9M) 117.264ms
[7.165s][info][gc] GC(58) Pause Full (Ergonomics) 7M->7M(9M) 151.313ms
[7.313s][info][gc] GC(59) Pause Full (Ergonomics) 7M->7M(9M) 139.292ms
[7.458s][info][gc] GC(60) Pause Full (Ergonomics) 7M->7M(9M) 140.221ms
[7.621s][info][gc] GC(61) Pause Full (Ergonomics) 7M->7M(9M) 156.091ms
[7.708s][info][gc] GC(62) Pause Full (Ergonomics) 7M->7M(9M) 80.483ms
[7.849s][info][gc] GC(63) Pause Full (Ergonomics) 7M->7M(9M) 135.362ms
[7.967s][info][gc] GC(64) Pause Full (Ergonomics) 7M->7M(9M) 111.568ms
[8.112s][info][gc] GC(65) Pause Full (Ergonomics) 7M->7M(9M) 138.307ms
[8.248s][info][gc] GC(66) Pause Full (Ergonomics) 7M->7M(9M) 129.341ms
[8.399s][info][gc] GC(67) Pause Full (Ergonomics) 7M->7M(9M) 143.223ms
[8.560s][info][gc] GC(68) Pause Full (Ergonomics) 7M->7M(9M) 154.458ms
[8.693s][info][gc] GC(69) Pause Full (Ergonomics) 7M->7M(9M) 125.805ms
[8.842s][info][gc] GC(70) Pause Full (Ergonomics) 7M->7M(9M) 141.808ms
[8.979s][info][gc] GC(71) Pause Full (Ergonomics) 7M->7M(9M) 130.547ms
[9.129s][info][gc] GC(72) Pause Full (Ergonomics) 7M->7M(9M) 142.157ms
